A message was lost!!!
	total count change:1
	total count: 1---
header:
  stamp:
    sec: 1764334157
    nanosec: 610351810
  frame_id: alice_tool0
wrench:
  force:
    x: 0.03868135655192148
    y: -0.14195425970204334
    z: -0.5019787630271251
  torque:
    x: -0.00816811034627755
    y: 0.003031628524252383
    z: -0.0023432165781148017
---
header:
  stamp:
    sec: 1764334157
    nanosec: 614339304
  frame_id: alice_tool0
wrench:
  force:
    x: 0.03265806544553829
    y: -0.20635067692991732
    z: -0.3600975288975737
  torque:
    x: -0.011602497279792484
    y: 0.00020477619665239775
    z: -0.007051479436006528
---
header:
  stamp:
    sec: 1764334157
    nanosec: 618351474
  frame_id: alice_tool0
wrench:
  force:
    x: -0.12210572384537491
    y: -0.2013267100256816
    z: -0.5367642886164937
  torque:
    x: -0.013909715712843702
    y: 0.0038504803359468796
    z: -0.008987308839728701
---
header:
  stamp:
    sec: 1764334157
    nanosec: 622361834
  frame_id: alice_tool0
wrench:
  force:
    x: -0.04296726675820174
    y: -0.27241392173557977
    z: -0.419972985871923
  torque:
    x: -0.016003813217325358
    y: 0.0009921249001634885
    z: -0.008339478615469291
---
header:
  stamp:
    sec: 1764334157
    nanosec: 626345038
  frame_id: alice_tool0
wrench:
  force:
    x: -0.10215591128433459
    y: -0.25639685229391573
    z: -0.2966108147872841
  torque:
    x: -0.01529406922586211
    y: 0.0053188093930459715
    z: -0.0074622128363019714
---
header:
  stamp:
    sec: 1764334157
    nanosec: 630351699
  frame_id: alice_tool0
wrench:
  force:
    x: -0.08905154387955291
    y: -0.17576451158342943
    z: -0.24376370741427295
  torque:
    x: -0.010389794724112188
    y: 0.0070586258934917726
    z: -0.008606933985099728
---
header:
  stamp:
    sec: 1764334157
    nanosec: 634349115
  frame_id: alice_tool0
wrench:
  force:
    x: 0.04910393227446988
    y: -0.36436361968077347
    z: -0.33111810591771257
  torque:
    x: -0.016190751910329804
    y: 0.0007592766357962695
    z: -0.004912330329152019
---
header:
  stamp:
    sec: 1764334157
    nanosec: 638359681
  frame_id: alice_tool0
wrench:
  force:
    x: -0.0430534616441951
    y: -0.49037357894844713
    z: -0.36472590320872067
  torque:
    x: -0.019502985079707706
    y: 0.006607024852718654
    z: -0.007358059195157598
---
header:
  stamp:
    sec: 1764334157
    nanosec: 642351303
  frame_id: alice_tool0
wrench:
  force:
    x: 0.0032346930849353195
    y: -0.24929074790496325
    z: -0.5271033039583194
  torque:
    x: -0.011905726352675129
    y: 0.004525444873510194
    z: -0.0052968292528137294
---
header:
  stamp:
    sec: 1764334157
    nanosec: 646353583
  frame_id: alice_tool0
wrench:
  force:
    x: -0.05270083769552361
    y: -0.282277095107745
    z: -0.4804148683382853
  torque:
    x: -0.011029594952464306
    y: 0.006182575147534011
    z: -0.00833516908846675
---
header:
  stamp:
    sec: 1764334157
    nanosec: 650377208
  frame_id: alice_tool0
wrench:
  force:
    x: 0.04725600686351478
    y: -0.37842867265374647
    z: -0.4352611034846095
  torque:
    x: -0.01597809980178068
    y: 0.0058540221502359595
    z: -0.0036893128389056725
---
header:
  stamp:
    sec: 1764334157
    nanosec: 654374329
  frame_id: alice_tool0
wrench:
  force:
    x: 0.15317237167971662
    y: -0.3020217398682509
    z: -0.21029966138362793
  torque:
    x: -0.0125226985445087
    y: 0.002853536572061643
    z: -0.00931077101007169
---
header:
  stamp:
    sec: 1764334157
    nanosec: 658351106
  frame_id: alice_tool0
wrench:
  force:
    x: 0.02385396709853957
    y: -0.3537216712549452
    z: -0.540203300706863
  torque:
    x: -0.016060855694124774
    y: 0.002069710349554648
    z: -0.0067955200329328155
---
header:
  stamp:
    sec: 1764334157
    nanosec: 662367955
  frame_id: alice_tool0
wrench:
  force:
    x: -0.015366554171820715
    y: -0.26132912323983015
    z: -0.5093329071061329
  torque:
    x: -0.01405361218619464
    y: 0.001791176420823791
    z: -0.006044335620301132
---
header:
  stamp:
    sec: 1764334157
    nanosec: 666361696
  frame_id: alice_tool0
wrench:
  force:
    x: 0.07178366324891376
    y: -0.2589031561910912
    z: -0.329774831587001
  torque:
    x: -0.013290064653363867
    y: 0.00242514595723877
    z: -0.0019777857327985897
---
header:
  stamp:
    sec: 1764334157
    nanosec: 670335275
  frame_id: alice_tool0
wrench:
  force:
    x: 0.0408220953226922
    y: -0.053503264193548034
    z: -0.3721754774572927
  torque:
    x: -0.007449285762332417
    y: 0.0017903474204153925
    z: -0.007162389184400995
---
header:
  stamp:
    sec: 1764334157
    nanosec: 674511211
  frame_id: alice_tool0
wrench:
  force:
    x: -0.06305653084519623
    y: -0.1572402491836249
    z: -0.4398270794381332
  torque:
    x: -0.011223842951232774
    y: 0.004853769931358911
    z: -0.005861782212519687
---
header:
  stamp:
    sec: 1764334157
    nanosec: 678351412
  frame_id: alice_tool0
wrench:
  force:
    x: -0.006244344569802239
    y: -0.14975732842108538
    z: -0.5495304688831282
  torque:
    x: -0.009759646071978767
    y: 0.003201025094722027
    z: -0.007016529578103782
---
header:
  stamp:
    sec: 1764334157
    nanosec: 682493717
  frame_id: alice_tool0
wrench:
  force:
    x: 2.3559702746200895e-05
    y: -0.4028959609543028
    z: -0.4775766920505595
  torque:
    x: -0.017960127366532564
    y: 0.0021710763778077114
    z: -0.0015715796504926606
---
header:
  stamp:
    sec: 1764334157
    nanosec: 686495687
  frame_id: alice_tool0
wrench:
  force:
    x: 0.15177034163507686
    y: -0.1361464989482274
    z: -0.36131991180180295
  torque:
    x: -0.010420803490761993
    y: 0.001718060620505872
    z: -0.004193834951826446
---
header:
  stamp:
    sec: 1764334157
    nanosec: 690395608
  frame_id: alice_tool0
wrench:
  force:
    x: 0.1839998073692531
    y: -0.13392031593962375
    z: -0.4155545280472532
  torque:
    x: -0.010987002794089516
    y: 0.0006526371509597275
    z: 1.4370192268999644e-05
---
header:
  stamp:
    sec: 1764334157
    nanosec: 694486221
  frame_id: alice_tool0
wrench:
  force:
    x: -0.11527467691426482
    y: -0.164120284079121
    z: -0.387758079047834
  torque:
    x: -0.011965805830255116
    y: 0.002851954023950984
    z: -0.0015822744925405334
---
header:
  stamp:
    sec: 1764334157
    nanosec: 698353131
  frame_id: alice_tool0
wrench:
  force:
    x: -0.047655306149963925
    y: -0.1375017426408409
    z: -0.44175140012557595
  torque:
    x: -0.011280986531066302
    y: 0.005928160562092526
    z: 0.00024399864647238725
---
header:
  stamp:
    sec: 1764334157
    nanosec: 702339741
  frame_id: alice_tool0
wrench:
  force:
    x: -0.05041275715602793
    y: -0.2859992605796242
    z: -0.48997326511529127
  torque:
    x: -0.012387018965328572
    y: 0.002705310189283691
    z: -0.0025733841379987515
---
header:
  stamp:
    sec: 1764334157
    nanosec: 706382957
  frame_id: alice_tool0
wrench:
  force:
    x: 0.17281717076610098
    y: -0.16074476172732793
    z: -0.39675838151718296
  torque:
    x: -0.012516902753039856
    y: -0.0013584915868741802
    z: -0.0012864516857940072
---
header:
  stamp:
    sec: 1764334157
    nanosec: 710492121
  frame_id: alice_tool0
wrench:
  force:
    x: 0.07950282598505787
    y: -0.0704929757555687
    z: -0.4729046626980566
  torque:
    x: -0.011018628102287738
    y: 0.0041034599962506664
    z: -0.003060293662200382
---
header:
  stamp:
    sec: 1764334157
    nanosec: 714389354
  frame_id: alice_tool0
wrench:
  force:
    x: -0.07522793881830386
    y: -0.14040890687996518
    z: -0.5606900506493376
  torque:
    x: -0.011142950149155322
    y: 0.0037873829642628494
    z: 0.0013095593482406343
---
header:
  stamp:
    sec: 1764334157
    nanosec: 718349068
  frame_id: alice_tool0
wrench:
  force:
    x: 0.10914462320431373
    y: -0.1901549870232973
    z: -0.5102647916787322
  torque:
    x: -0.010476629479590525
    y: 0.0031401740683845974
    z: -0.0008449721562156206
---
header:
  stamp:
    sec: 1764334157
    nanosec: 722355239
  frame_id: alice_tool0
wrench:
  force:
    x: -0.06857051730335019
    y: -0.181630547472583
    z: -0.5184640618797086
  torque:
    x: -0.009899362901935061
    y: 0.003897463016818389
    z: 0.001308292938047258
---
header:
  stamp:
    sec: 1764334157
    nanosec: 726399915
  frame_id: alice_tool0
wrench:
  force:
    x: 0.15593990889882448
    y: -0.26900229421936983
    z: -0.4531298888374584
  torque:
    x: -0.015511221766832953
    y: -0.0036502561312819065
    z: -0.0014373585966883009
---
header:
  stamp:
    sec: 1764334157
    nanosec: 730377348
  frame_id: alice_tool0
wrench:
  force:
    x: 0.0872551454940016
    y: -0.24870601199316272
    z: -0.47252667072131044
  torque:
    x: -0.010180958783354292
    y: 0.0018808663005807228
    z: 0.0019448222832864118
---
header:
  stamp:
    sec: 1764334157
    nanosec: 734358286
  frame_id: alice_tool0
wrench:
  force:
    x: 0.09253300784200338
    y: -0.19732474502020605
    z: -0.44002686189111306
  torque:
    x: -0.009066809214623052
    y: 0.001507446036566332
    z: -0.0029781478816122975
---
header:
  stamp:
    sec: 1764334157
    nanosec: 738356490
  frame_id: alice_tool0
wrench:
  force:
    x: 0.12679035380348794
    y: -0.19224184660341953
    z: -0.5839777002667118
  torque:
    x: -0.007726830681613731
    y: -0.0009145835169411883
    z: 0.0031905594231964787
---
header:
  stamp:
    sec: 1764334157
    nanosec: 742335930
  frame_id: alice_tool0
wrench:
  force:
    x: 0.03030383021518566
    y: -0.0930735803363713
    z: -0.5561147412808645
  torque:
    x: -0.009469880815299304
    y: 0.001053363477965483
    z: -0.003731909772761312
---
header:
  stamp:
    sec: 1764334157
    nanosec: 746334850
  frame_id: alice_tool0
wrench:
  force:
    x: 0.018012625005841693
    y: -0.29964721203942146
    z: -0.36643826886638364
  torque:
    x: -0.012333135707785912
    y: 0.004359200707654432
    z: 0.000787725418472756
---
header:
  stamp:
    sec: 1764334157
    nanosec: 750360870
  frame_id: alice_tool0
wrench:
  force:
    x: -0.09680763569103433
    y: -0.18624710434166333
    z: -0.5515354742793767
  torque:
    x: -0.012654489742935881
    y: 0.003989278676567956
    z: 0.0032782721206072334
---
header:
  stamp:
    sec: 1764334157
    nanosec: 754356410
  frame_id: alice_tool0
wrench:
  force:
    x: 0.08510878376870804
    y: -0.22059549516614999
    z: -0.45582354584371737
  torque:
    x: -0.014698747155881828
    y: 0.0023086150318014894
    z: -0.0017873375105621515
---
header:
  stamp:
    sec: 1764334157
    nanosec: 758348360
  frame_id: alice_tool0
wrench:
  force:
    x: -0.08262645455166609
    y: -0.30140965068307446
    z: -0.44571748944640266
  torque:
    x: -0.014910839399956069
    y: 0.0030214294863325376
    z: -0.0013524972081714263
---
header:
  stamp:
    sec: 1764334157
    nanosec: 762342640
  frame_id: alice_tool0
wrench:
  force:
    x: -0.15439135178902524
    y: -0.18686416594492739
    z: -0.4269338595055417
  torque:
    x: -0.012668992639561361
    y: 0.006926525653387534
    z: -0.0001887975125658217
---
header:
  stamp:
    sec: 1764334157
    nanosec: 766346625
  frame_id: alice_tool0
wrench:
  force:
    x: 0.01080423992795844
    y: -0.22678536468975605
    z: -0.414785922663855
  torque:
    x: -0.0125899125444198
    y: 0.0006672991214550323
    z: 0.0006740314473995357
---
header:
  stamp:
    sec: 1764334157
    nanosec: 770353337
  frame_id: alice_tool0
wrench:
  force:
    x: -0.04497142917297653
    y: -0.20784989620705324
    z: -0.43979173579277164
  torque:
    x: -0.008835156933513616
    y: 0.006321317909510985
    z: 0.002097984917622055
---
header:
  stamp:
    sec: 1764334157
    nanosec: 774344001
  frame_id: alice_tool0
wrench:
  force:
    x: -0.16530062198311352
    y: -0.0830132780838678
    z: -0.5785876783830479
  torque:
    x: -0.006515892833810249
    y: 0.008127199424462541
    z: 0.002029086144161622
---
header:
  stamp:
    sec: 1764334157
    nanosec: 778353283
  frame_id: alice_tool0
wrench:
  force:
    x: 0.1442652935623344
    y: -0.23633950754465327
    z: -0.6420519981964096
  torque:
    x: -0.01007650764368059
    y: -0.001193531312303371
    z: 0.001810208289133248
---
header:
  stamp:
    sec: 1764334157
    nanosec: 782386286
  frame_id: alice_tool0
wrench:
  force:
    x: 0.035361211011330815
    y: -0.1352469270898399
    z: -0.5790930600831972
  torque:
    x: -0.008630956504490637
    y: 0.00553411896783438
    z: 0.005035794214922531
---
header:
  stamp:
    sec: 1764334157
    nanosec: 786493856
  frame_id: alice_tool0
wrench:
  force:
    x: -0.04032044845629511
    y: -0.17864316552282067
    z: -0.5129047694335047
  torque:
    x: -0.011391827913374817
    y: 0.0030154984133582974
    z: 0.005444022353137197
---
header:
  stamp:
    sec: 1764334157
    nanosec: 790494230
  frame_id: alice_tool0
wrench:
  force:
    x: 0.09301543605001276
    y: -0.2284810645885738
    z: -0.43632642738999966
  torque:
    x: -0.013900431191475542
    y: 0.004075318415591848
    z: 0.003699703824127137
---
header:
  stamp:
    sec: 1764334157
    nanosec: 794342257
  frame_id: alice_tool0
wrench:
  force:
    x: -0.0021883418814667432
    y: -0.2197915188184577
    z: -0.5020781290688622
  torque:
    x: -0.013105027320288423
    y: 0.005118413071210861
    z: 0.002688956486438459
---
header:
  stamp:
    sec: 1764334157
    nanosec: 798353801
  frame_id: alice_tool0
wrench:
  force:
    x: -0.0659819605740661
    y: -0.21286436959290783
    z: -0.6505995125244678
  torque:
    x: -0.013704241550939049
    y: 0.005542813294539343
    z: 0.0033780680085019107
---
header:
  stamp:
    sec: 1764334157
    nanosec: 802344145
  frame_id: alice_tool0
wrench:
  force:
    x: -0.14398027147940134
    y: -0.43357474084133196
    z: -0.5808363019474008
  torque:
    x: -0.01786389692726398
    y: 0.0030206633197405785
    z: 0.0035579385989689787
---
header:
  stamp:
    sec: 1764334157
    nanosec: 806457247
  frame_id: alice_tool0
wrench:
  force:
    x: -0.10527933600022338
    y: -0.23364386443231525
    z: -0.6927597417020092
  torque:
    x: -0.015084218973168279
    y: 0.006763399610158336
    z: 0.0002927459574743104
---
header:
  stamp:
    sec: 1764334157
    nanosec: 810373610
  frame_id: alice_tool0
wrench:
  force:
    x: 0.02050133816856703
    y: -0.2621040791645838
    z: -0.7755344913569481
  torque:
    x: -0.013265197613130757
    y: 0.0004370027065041726
    z: 0.007223788662338047
---
header:
  stamp:
    sec: 1764334157
    nanosec: 814446071
  frame_id: alice_tool0
wrench:
  force:
    x: 0.004767846698496142
    y: -0.30449992235132983
    z: -0.6130449274953169
  torque:
    x: -0.013288921260620055
    y: 0.002958819093114443
    z: 0.006460395717814534
---
header:
  stamp:
    sec: 1764334157
    nanosec: 818347288
  frame_id: alice_tool0
wrench:
  force:
    x: 0.09399771684963024
    y: -0.22872350829039606
    z: -0.6059136845823565
  torque:
    x: -0.014856479993807976
    y: 0.00288660413219254
    z: 0.0029090316446233892
---
header:
  stamp:
    sec: 1764334157
    nanosec: 822345313
  frame_id: alice_tool0
wrench:
  force:
    x: -0.08221263986642627
    y: -0.35852959477883706
    z: -0.52815468695068
  torque:
    x: -0.013275310765861827
    y: 0.007723636792747259
    z: 0.00608848291802705
---
header:
  stamp:
    sec: 1764334157
    nanosec: 826346953
  frame_id: alice_tool0
wrench:
  force:
    x: -0.14474004937236906
    y: -0.18234350713720532
    z: -0.5632410085184654
  torque:
    x: -0.014386804154568677
    y: 0.009901092996209344
    z: 0.003953621303795441
---
header:
  stamp:
    sec: 1764334157
    nanosec: 830352640
  frame_id: alice_tool0
wrench:
  force:
    x: -0.28643879527319627
    y: -0.23312719190603903
    z: -0.5354538181257754
  torque:
    x: -0.01161680976109788
    y: 0.010339685594491237
    z: 0.004983429022598399
---
header:
  stamp:
    sec: 1764334157
    nanosec: 834336180
  frame_id: alice_tool0
wrench:
  force:
    x: 0.028949850032411878
    y: -0.2932008446830882
    z: -0.45717493560549366
  torque:
    x: -0.014851404286856981
    y: 0.002952960678672489
    z: 0.004819403083736075
---
header:
  stamp:
    sec: 1764334157
    nanosec: 838353413
  frame_id: alice_tool0
wrench:
  force:
    x: -0.04200607036987852
    y: -0.1587280182675677
    z: -0.5293691401265368
  torque:
    x: -0.010058247922750549
    y: 0.0037772082480863724
    z: 0.01197846360020877
---
header:
  stamp:
    sec: 1764334157
    nanosec: 842349373
  frame_id: alice_tool0
wrench:
  force:
    x: 0.03847461400682915
    y: -0.1345036559549172
    z: -0.5208539996430614
  torque:
    x: -0.009008675558090384
    y: 0.0038528073062038346
    z: 0.00882088935052105
---
header:
  stamp:
    sec: 1764334157
    nanosec: 846345738
  frame_id: alice_tool0
wrench:
  force:
    x: -0.09430904540903495
    y: -0.12724594863012215
    z: -0.4660221538863796
  torque:
    x: -0.0072825618581306845
    y: 0.007532319762215357
    z: 0.010603420490215244
---
header:
  stamp:
    sec: 1764334157
    nanosec: 850341791
  frame_id: alice_tool0
wrench:
  force:
    x: -0.06699001877521393
    y: -0.24247911692541627
    z: -0.47853457040977904
  torque:
    x: -0.012495025667759976
    y: 0.005039132492683788
    z: 0.010010075264172266
---
header:
  stamp:
    sec: 1764334157
    nanosec: 854339876
  frame_id: alice_tool0
wrench:
  force:
    x: 0.0463800239929464
    y: -0.21300594648882643
    z: -0.5705679125947627
  torque:
    x: -0.013666599233423029
    y: 0.004020261216155434
    z: 0.0074385513001086236
---
header:
  stamp:
    sec: 1764334157
    nanosec: 858352987
  frame_id: alice_tool0
wrench:
  force:
    x: -0.08825407249155345
    y: -0.042229502073693734
    z: -0.4360835416442464
  torque:
    x: -0.007559573688467915
    y: 0.0061835256726444745
    z: 0.010035883136983193
---
header:
  stamp:
    sec: 1764334157
    nanosec: 862359061
  frame_id: alice_tool0
wrench:
  force:
    x: 0.086312878724433
    y: -0.2803952110881595
    z: -0.38409191968057715
  torque:
    x: -0.01425277099583527
    y: 0.004569598385930236
    z: 0.014235025521732208
---
header:
  stamp:
    sec: 1764334157
    nanosec: 866335343
  frame_id: alice_tool0
wrench:
  force:
    x: -0.17498549386300355
    y: -0.33599381221851177
    z: -0.42677247590722606
  torque:
    x: -0.015250459236002933
    y: 0.008583364838838786
    z: 0.00791011975167088
---
header:
  stamp:
    sec: 1764334157
    nanosec: 870336568
  frame_id: alice_tool0
wrench:
  force:
    x: -0.04199809271286148
    y: -0.21784702812447215
    z: -0.3797334058247981
  torque:
    x: -0.014320261502694378
    y: 0.0044085813623160304
    z: 0.013281682380911913
---
header:
  stamp:
    sec: 1764334157
    nanosec: 874366619
  frame_id: alice_tool0
wrench:
  force:
    x: -0.281220884220191
    y: -0.33696944995548966
    z: -0.5116503061217579
  torque:
    x: -0.014956832711516441
    y: 0.014353400936494377
    z: 0.00979693351082952
---
header:
  stamp:
    sec: 1764334157
    nanosec: 878353159
  frame_id: alice_tool0
wrench:
  force:
    x: -0.032459399315810114
    y: -0.22060906386222806
    z: -0.5739059938445552
  torque:
    x: -0.008656805139935003
    y: 0.0057698401200213835
    z: 0.014354265013204009
---
header:
  stamp:
    sec: 1764334157
    nanosec: 882359390
  frame_id: alice_tool0
wrench:
  force:
    x: -0.26478819022596334
    y: -0.5031314154101985
    z: -0.3293331675769683
  torque:
    x: -0.020823167934058584
    y: 0.015997810650369263
    z: 0.012541248091178783
---
header:
  stamp:
    sec: 1764334157
    nanosec: 886366394
  frame_id: alice_tool0
wrench:
  force:
    x: 0.0034145776903267977
    y: -0.3164159629170209
    z: -0.30523050698313176
  torque:
    x: -0.01578420655386075
    y: 0.006311464534215482
    z: 0.01815037180564316
---
header:
  stamp:
    sec: 1764334157
    nanosec: 890368190
  frame_id: alice_tool0
wrench:
  force:
    x: -0.03869826768585098
    y: -0.20391305425173745
    z: -0.37963903496139956
  torque:
    x: -0.013069973831519581
    y: 0.007679130282602496
    z: 0.018882999088480817
---
header:
  stamp:
    sec: 1764334157
    nanosec: 894341874
  frame_id: alice_tool0
wrench:
  force:
    x: -0.19501193820186158
    y: -0.20686811864312932
    z: -0.3519841599645167
  torque:
    x: -0.013311905859949284
    y: 0.009489565464934291
    z: 0.021809014663900346
---
header:
  stamp:
    sec: 1764334157
    nanosec: 898358243
  frame_id: alice_tool0
wrench:
  force:
    x: -0.2742398907374429
    y: -0.09641361016004288
    z: -0.41676223734260887
  torque:
    x: -0.009752559562148664
    y: 0.015326495785724844
    z: 0.02533455251397504
---
header:
  stamp:
    sec: 1764334157
    nanosec: 902377432
  frame_id: alice_tool0
wrench:
  force:
    x: -0.3075955633947136
    y: -0.3512972266954244
    z: -0.4352732702783265
  torque:
    x: -0.016325563965013272
    y: 0.013800517029641787
    z: 0.02925672872579623
---
header:
  stamp:
    sec: 1764334157
    nanosec: 906367116
  frame_id: alice_tool0
wrench:
  force:
    x: -0.2635792610751839
    y: -0.1856344086815752
    z: -0.5298049020249299
  torque:
    x: -0.011507349993975666
    y: 0.015145019901396037
    z: 0.03966571813307242
---
header:
  stamp:
    sec: 1764334157
    nanosec: 910367211
  frame_id: alice_tool0
wrench:
  force:
    x: -0.13012455303056103
    y: -0.2794640263469777
    z: -0.4339610681168856
  torque:
    x: -0.016100278847649058
    y: 0.014275322211857506
    z: 0.04822461772634492
---
header:
  stamp:
    sec: 1764334157
    nanosec: 914334891
  frame_id: alice_tool0
wrench:
  force:
    x: -0.1610248199514829
    y: -0.25062715370060895
    z: -0.4069032565167061
  torque:
    x: -0.012993843987813763
    y: 0.013450796724751336
    z: 0.05803879402897846
---
header:
  stamp:
    sec: 1764334157
    nanosec: 918350117
  frame_id: alice_tool0
wrench:
  force:
    x: -0.1796243207945724
    y: -0.2976006851038228
    z: -0.41616331238221443
  torque:
    x: -0.015448344752870566
    y: 0.01594216424666548
    z: 0.05760296505110332
---
header:
  stamp:
    sec: 1764334157
    nanosec: 922332381
  frame_id: alice_tool0
wrench:
  force:
    x: -0.23884388284409544
    y: -0.3162155263178139
    z: -0.4092177428265672
  torque:
    x: -0.01779373441389358
    y: 0.014480232256079582
    z: 0.06716153020812128
---
header:
  stamp:
    sec: 1764334157
    nanosec: 926341319
  frame_id: alice_tool0
wrench:
  force:
    x: -0.09395785606093518
    y: -0.20819235349122875
    z: -0.3534979078174679
  torque:
    x: -0.011495850540588479
    y: 0.010793043597687095
    z: 0.07271848518132938
---
header:
  stamp:
    sec: 1764334157
    nanosec: 930355343
  frame_id: alice_tool0
wrench:
  force:
    x: -0.2357512147882048
    y: -0.28190734756028707
    z: -0.17873481258316332
  torque:
    x: -0.018543024549447985
    y: 0.015853200603193538
    z: 0.07429733837243267
---
header:
  stamp:
    sec: 1764334157
    nanosec: 934345207
  frame_id: alice_tool0
wrench:
  force:
    x: -0.30080668204948124
    y: -0.28937245807812884
    z: -0.38813431137232035
  torque:
    x: -0.01320511884973157
    y: 0.01810175974722138
    z: 0.07772641328206431
---
header:
  stamp:
    sec: 1764334157
    nanosec: 938352789
  frame_id: alice_tool0
wrench:
  force:
    x: -0.2947781087388045
    y: -0.3233712031200251
    z: -0.2798802692584156
  torque:
    x: -0.01398547321077291
    y: 0.01879461172029867
    z: 0.08493804200206555
---
header:
  stamp:
    sec: 1764334157
    nanosec: 942346047
  frame_id: alice_tool0
wrench:
  force:
    x: -0.33598279775592144
    y: -0.19228502041642953
    z: -0.3681877121121644
  torque:
    x: -0.010862057036212253
    y: 0.01937320909527784
    z: 0.08758051848756913
---
header:
  stamp:
    sec: 1764334157
    nanosec: 946330243
  frame_id: alice_tool0
wrench:
  force:
    x: -0.23649631375260194
    y: -0.181235675440045
    z: -0.40099584032808056
  torque:
    x: -0.012205482826660972
    y: 0.016478955166966763
    z: 0.09386863296359042
---
header:
  stamp:
    sec: 1764334157
    nanosec: 950332778
  frame_id: alice_tool0
wrench:
  force:
    x: -0.36490116959256863
    y: -0.21198144460815876
    z: -0.491495247585296
  torque:
    x: -0.013113603598703772
    y: 0.02192064377082987
    z: 0.10142256946956778
---
header:
  stamp:
    sec: 1764334157
    nanosec: 954357328
  frame_id: alice_tool0
wrench:
  force:
    x: -0.3745750751867452
    y: -0.13968331699527464
    z: -0.45826465744983047
  torque:
    x: -0.012599608825257154
    y: 0.020894394396868184
    z: 0.11075412500151885
---
header:
  stamp:
    sec: 1764334157
    nanosec: 958358300
  frame_id: alice_tool0
wrench:
  force:
    x: -0.5031541719100772
    y: -0.04281626070730857
    z: -0.5322585277950946
  torque:
    x: -0.007172057510928186
    y: 0.024529338245855965
    z: 0.11403767252793406
---
header:
  stamp:
    sec: 1764334157
    nanosec: 962352689
  frame_id: alice_tool0
wrench:
  force:
    x: -0.36182367701308116
    y: -0.06668046602025299
    z: -0.34288969999532487
  torque:
    x: -0.008318477370118893
    y: 0.0206151938063647
    z: 0.12373661905684169
---
header:
  stamp:
    sec: 1764334157
    nanosec: 966415447
  frame_id: alice_tool0
wrench:
  force:
    x: -0.3069735058855795
    y: -0.11882480064102793
    z: -0.4672856496975376
  torque:
    x: -0.009416730599015438
    y: 0.022546731823218102
    z: 0.12577950532701218
---
header:
  stamp:
    sec: 1764334157
    nanosec: 970467982
  frame_id: alice_tool0
wrench:
  force:
    x: -0.3230255098395719
    y: -0.03165907061751494
    z: -0.5531188995405542
  torque:
    x: -0.0065204820614956135
    y: 0.020594925500499562
    z: 0.1375733888660687
---
header:
  stamp:
    sec: 1764334157
    nanosec: 974528908
  frame_id: alice_tool0
wrench:
  force:
    x: -0.33373907557344273
    y: -0.23621184417198965
    z: -0.5114740413613708
  torque:
    x: -0.012511179703658011
    y: 0.021891806749438882
    z: 0.14311800750509143
---
header:
  stamp:
    sec: 1764334157
    nanosec: 978351173
  frame_id: alice_tool0
wrench:
  force:
    x: -0.21483299875745723
    y: -0.2523314744079368
    z: -0.45030565246107485
  torque:
    x: -0.01049953336522477
    y: 0.024238799116247156
    z: 0.15453006231327385
---
header:
  stamp:
    sec: 1764334157
    nanosec: 982473505
  frame_id: alice_tool0
wrench:
  force:
    x: -0.22189123130124805
    y: -0.17849582658194768
    z: -0.31761103479721703
  torque:
    x: -0.009112510014593652
    y: 0.024313570007369507
    z: 0.1615454169844881
---
header:
  stamp:
    sec: 1764334157
    nanosec: 986469409
  frame_id: alice_tool0
wrench:
  force:
    x: -0.4871417400202148
    y: -0.29833790978747293
    z: -0.3506808484504932
  torque:
    x: -0.013518296014555752
    y: 0.02750568906206967
    z: 0.16883342457904088
---
header:
  stamp:
    sec: 1764334157
    nanosec: 990370281
  frame_id: alice_tool0
wrench:
  force:
    x: -0.41412091321134414
    y: -0.09697423022601512
    z: -0.3490786724434314
  torque:
    x: -0.004476992703282341
    y: 0.029078283730260807
    z: 0.1825641257003462
---
header:
  stamp:
    sec: 1764334157
    nanosec: 994483146
  frame_id: alice_tool0
wrench:
  force:
    x: -0.24805719295311535
    y: -0.20541268581011557
    z: -0.24215657200747698
  torque:
    x: -0.00969882075700587
    y: 0.024262865614624415
    z: 0.1873773476691962
---
header:
  stamp:
    sec: 1764334157
    nanosec: 998349419
  frame_id: alice_tool0
wrench:
  force:
    x: -0.481056792335706
    y: -0.10614601244202507
    z: -0.3821926303125117
  torque:
    x: -0.008708259335086748
    y: 0.0314481859363466
    z: 0.19765980492252067
---
header:
  stamp:
    sec: 1764334158
    nanosec: 2465144
  frame_id: alice_tool0
wrench:
  force:
    x: -0.2755049710830581
    y: -0.1588549090626999
    z: -0.3357732318561331
  torque:
    x: -0.009192920911445255
    y: 0.023325354865555037
    z: 0.20116937848196342
---
header:
  stamp:
    sec: 1764334158
    nanosec: 6458914
  frame_id: alice_tool0
wrench:
  force:
    x: -0.33016219228159893
    y: -0.12996676314176378
    z: -0.31236845287712317
  torque:
    x: -0.007835186051858173
    y: 0.026801672963269373
    z: 0.20939538430901558
---
header:
  stamp:
    sec: 1764334158
    nanosec: 10360603
  frame_id: alice_tool0
wrench:
  force:
    x: -0.6053534402049852
    y: -0.22807844119823614
    z: -0.47989919300011386
  torque:
    x: -0.010607745120696777
    y: 0.03391006761868748
    z: 0.2144498417065625
---
header:
  stamp:
    sec: 1764334158
    nanosec: 14450289
  frame_id: alice_tool0
wrench:
  force:
    x: -0.4304722331648167
    y: -0.17423606984031842
    z: -0.32684235297491443
  torque:
    x: -0.006121970808613397
    y: 0.03144843316242838
    z: 0.22351458105916988
---
header:
  stamp:
    sec: 1764334158
    nanosec: 18334668
  frame_id: alice_tool0
wrench:
  force:
    x: -0.5210404770697338
    y: -0.04172794973324745
    z: -0.28189573314943805
  torque:
    x: -0.009062830414052803
    y: 0.035510727951907246
    z: 0.22922765751789104
---
header:
  stamp:
    sec: 1764334158
    nanosec: 22360729
  frame_id: alice_tool0
wrench:
  force:
    x: -0.5213504034389171
    y: -0.22676046768538177
    z: -0.44008862837291723
  torque:
    x: -0.010142241315354024
    y: 0.035892889409306405
    z: 0.2314722242906754
---
header:
  stamp:
    sec: 1764334158
    nanosec: 26359943
  frame_id: alice_tool0
wrench:
  force:
    x: -0.4354920436870193
    y: 0.016035850872053947
    z: -0.3791531101325494
  torque:
    x: -0.007518965016411646
    y: 0.033671453384702524
    z: 0.2398240412284973
---
header:
  stamp:
    sec: 1764334158
    nanosec: 30352326
  frame_id: alice_tool0
wrench:
  force:
    x: -0.3534850301094817
    y: -0.2133302331113326
    z: -0.33366099023077533
  torque:
    x: -0.009501012838784156
    y: 0.03052358330977013
    z: 0.24149811780924627
---
header:
  stamp:
    sec: 1764334158
    nanosec: 34346910
  frame_id: alice_tool0
wrench:
  force:
    x: -0.41561463344767474
    y: -0.19185490571730293
    z: -0.13241826564259118
  torque:
    x: -0.008995223206492717
    y: 0.037863678542499175
    z: 0.2500623108813062
---
header:
  stamp:
    sec: 1764334158
    nanosec: 38366325
  frame_id: alice_tool0
wrench:
  force:
    x: -0.5237533918395039
    y: -0.3189773231854341
    z: -0.35494766287613944
  torque:
    x: -0.011172661434769759
    y: 0.03829615123053102
    z: 0.25346494794676655
---
header:
  stamp:
    sec: 1764334158
    nanosec: 42355462
  frame_id: alice_tool0
wrench:
  force:
    x: -0.43659276752064713
    y: -0.3284253607751259
    z: -0.24520952200913773
  torque:
    x: -0.015259083040883607
    y: 0.037881921038809316
    z: 0.25443303729108696
---
header:
  stamp:
    sec: 1764334158
    nanosec: 46366141
  frame_id: alice_tool0
wrench:
  force:
    x: -0.5873680351249746
    y: -0.14123892112966469
    z: -0.34230937870021816
  torque:
    x: -0.010924770085338799
    y: 0.03795223407431431
    z: 0.25457972695153314
---
header:
  stamp:
    sec: 1764334158
    nanosec: 50378852
  frame_id: alice_tool0
wrench:
  force:
    x: -0.6196424582696257
    y: -0.3001668289265313
    z: -0.3955695792124436
  torque:
    x: -0.010656738727813298
    y: 0.04297314404327523
    z: 0.2494314710711224
---
header:
  stamp:
    sec: 1764334158
    nanosec: 54362854
  frame_id: alice_tool0
wrench:
  force:
    x: -0.7003861047183675
    y: -0.130425121261334
    z: -0.32934939800609114
  torque:
    x: -0.009184678282162937
    y: 0.04259335401846834
    z: 0.24912850622671948
---
header:
  stamp:
    sec: 1764334158
    nanosec: 58343520
  frame_id: alice_tool0
wrench:
  force:
    x: -0.4662535436307922
    y: -0.05089927375308148
    z: -0.24776560683627014
  torque:
    x: -0.004288327547483853
    y: 0.03978791238782764
    z: 0.2473357800639925
---
header:
  stamp:
    sec: 1764334158
    nanosec: 62337392
  frame_id: alice_tool0
wrench:
  force:
    x: -0.5293479581115088
    y: -0.10911825668702088
    z: -0.33248259977204747
  torque:
    x: -0.010921833582925599
    y: 0.03830727838093581
    z: 0.24569883705635806
---
header:
  stamp:
    sec: 1764334158
    nanosec: 66483811
  frame_id: alice_tool0
wrench:
  force:
    x: -0.5208446146989995
    y: -0.15824719943820156
    z: -0.4272416056057297
  torque:
    x: -0.011811944495029304
    y: 0.03979752367307952
    z: 0.24550054716461245
---
header:
  stamp:
    sec: 1764334158
    nanosec: 70487761
  frame_id: alice_tool0
wrench:
  force:
    x: -0.7941868585731301
    y: -0.34552853070387324
    z: -0.43793480583398864
  torque:
    x: -0.011582627902403643
    y: 0.04392475707102411
    z: 0.24295965145550447
---
header:
  stamp:
    sec: 1764334158
    nanosec: 74458231
  frame_id: alice_tool0
wrench:
  force:
    x: -0.781435405162584
    y: -0.1397581979690239
    z: -0.436425649993797
  torque:
    x: -0.00936936464104929
    y: 0.044499365040472284
    z: 0.24281287894331757
---
header:
  stamp:
    sec: 1764334158
    nanosec: 78351372
  frame_id: alice_tool0
wrench:
  force:
    x: -0.42147855783983507
    y: -0.24952602581043992
    z: -0.32807993924958007
  torque:
    x: -0.015427718539389696
    y: 0.03673701207968691
    z: 0.24280203710760917
---
header:
  stamp:
    sec: 1764334158
    nanosec: 82356826
  frame_id: alice_tool0
wrench:
  force:
    x: -0.6650826640600764
    y: -0.3666725584531705
    z: -0.36442426769985325
  torque:
    x: -0.017819059853571143
    y: 0.041762790672026526
    z: 0.24229427045068688
---
header:
  stamp:
    sec: 1764334158
    nanosec: 86335379
  frame_id: alice_tool0
wrench:
  force:
    x: -0.5374230041784893
    y: -0.0144690347346359
    z: -0.36258353989297826
  torque:
    x: -0.004983779967789448
    y: 0.039737103914194966
    z: 0.24443712855312594
---
header:
  stamp:
    sec: 1764334158
    nanosec: 90368925
  frame_id: alice_tool0
wrench:
  force:
    x: -0.4516536659592992
    y: -0.09527701419049986
    z: -0.39343616237333023
  torque:
    x: -0.006494462283227456
    y: 0.037203577388232816
    z: 0.2455988922507816
---
header:
  stamp:
    sec: 1764334158
    nanosec: 94508753
  frame_id: alice_tool0
wrench:
  force:
    x: -0.46032305318258215
    y: -0.3142359535096827
    z: -0.21144345481583188
  torque:
    x: -0.017319195007192045
    y: 0.038010801541368426
    z: 0.24304486036412032
---
header:
  stamp:
    sec: 1764334158
    nanosec: 98351005
  frame_id: alice_tool0
wrench:
  force:
    x: -0.5987139828998882
    y: -0.28090671035000114
    z: -0.31291326026800986
  torque:
    x: -0.012302257101880008
    y: 0.039732109705972136
    z: 0.2389715675391318
---
header:
  stamp:
    sec: 1764334158
    nanosec: 102330399
  frame_id: alice_tool0
wrench:
  force:
    x: -0.683463058063393
    y: -0.2585801160889178
    z: -0.40835077175852635
  torque:
    x: -0.012239819265479084
    y: 0.03802026951236473
    z: 0.23997579925429938
---
header:
  stamp:
    sec: 1764334158
    nanosec: 106458625
  frame_id: alice_tool0
wrench:
  force:
    x: -0.29343338369924676
    y: -0.290694837721436
    z: -0.46731093177230953
  torque:
    x: -0.014323063901342047
    y: 0.03530706078856569
    z: 0.2421849987390716
---
header:
  stamp:
    sec: 1764334158
    nanosec: 110361771
  frame_id: alice_tool0
wrench:
  force:
    x: -0.3542130777062814
    y: -0.22211447996285805
    z: -0.340741271384064
  torque:
    x: -0.012008783097984177
    y: 0.03814295470228311
    z: 0.2441713737352841
---
header:
  stamp:
    sec: 1764334158
    nanosec: 114480639
  frame_id: alice_tool0
wrench:
  force:
    x: -0.5992311191533376
    y: -0.3457231086076875
    z: -0.503295451756514
  torque:
    x: -0.01634057999345309
    y: 0.04197279144138718
    z: 0.2389751115451032
---
header:
  stamp:
    sec: 1764334158
    nanosec: 118350565
  frame_id: alice_tool0
wrench:
  force:
    x: -0.34853673709345
    y: -0.29119583813990757
    z: -0.373274114880951
  torque:
    x: -0.013338582004140575
    y: 0.03784994645351346
    z: 0.24129136519202996
---
header:
  stamp:
    sec: 1764334158
    nanosec: 122489754
  frame_id: alice_tool0
wrench:
  force:
    x: -0.6285356549978259
    y: -0.43880436298265213
    z: -0.5144062840995869
  torque:
    x: -0.019179741117809707
    y: 0.04116446333840722
    z: 0.23705151026639135
---
header:
  stamp:
    sec: 1764334158
    nanosec: 126483531
  frame_id: alice_tool0
wrench:
  force:
    x: -0.5241996783246337
    y: -0.17070472733672587
    z: -0.34069285509848435
  torque:
    x: -0.011065834526400259
    y: 0.03823618119267395
    z: 0.24214037820018572
---
header:
  stamp:
    sec: 1764334158
    nanosec: 130347755
  frame_id: alice_tool0
wrench:
  force:
    x: -0.5508937875569757
    y: -0.3248404552616812
    z: -0.4282711283673801
  torque:
    x: -0.015100709205449672
    y: 0.03797704843179815
    z: 0.2385214347018462
---
header:
  stamp:
    sec: 1764334158
    nanosec: 134485565
  frame_id: alice_tool0
wrench:
  force:
    x: -0.51791057021062
    y: -0.34062594225856213
    z: -0.26518693479189276
  torque:
    x: -0.016611060445983643
    y: 0.037727365950351525
    z: 0.23990654266446684
---
header:
  stamp:
    sec: 1764334158
    nanosec: 138345764
  frame_id: alice_tool0
wrench:
  force:
    x: -0.5946840569291854
    y: -0.2006036249264913
    z: -0.13023188964819538
  torque:
    x: -0.009085800372004588
    y: 0.039476698940230315
    z: 0.24106449514665468
---
header:
  stamp:
    sec: 1764334158
    nanosec: 142352375
  frame_id: alice_tool0
wrench:
  force:
    x: -0.6409627465960993
    y: -0.2803624105067044
    z: -0.2976856234480782
  torque:
    x: -0.01485412975677356
    y: 0.04000316221450535
    z: 0.24220089329384312
---
header:
  stamp:
    sec: 1764334158
    nanosec: 146371268
  frame_id: alice_tool0
wrench:
  force:
    x: -0.6671252606887543
    y: -0.3054570289679552
    z: -0.4435554608634822
  torque:
    x: -0.010722105013427363
    y: 0.04085488153707493
    z: 0.24107386125640312
---
header:
  stamp:
    sec: 1764334158
    nanosec: 470500350
  frame_id: alice_tool0
wrench:
  force:
    x: -0.4413478809264108
    y: -0.18289374742604625
    z: -0.3779081130973978
  torque:
    x: -0.015033037292237489
    y: 0.03715633008454912
    z: 0.22005648321465807
---
header:
  stamp:
    sec: 1764334158
    nanosec: 486543119
  frame_id: alice_tool0
wrench:
  force:
    x: -0.4252402653642595
    y: -0.3943542289041741
    z: -0.3741153409837087
  torque:
    x: -0.019292619696311207
    y: 0.035715125576494325
    z: 0.22427585012014303
---
header:
  stamp:
    sec: 1764334158
    nanosec: 490443909
  frame_id: alice_tool0
wrench:
  force:
    x: -0.21444487033923143
    y: -0.40147606171955763
    z: -0.26990106838175065
  torque:
    x: -0.01500267009326677
    y: 0.034588258357001946
    z: 0.22226913782630106
---
header:
  stamp:
    sec: 1764334158
    nanosec: 494466110
  frame_id: alice_tool0
wrench:
  force:
    x: -0.5179912761000728
    y: -0.3863454543493719
    z: -0.2685949413827403
  torque:
    x: -0.017753154986565017
    y: 0.03954614514277737
    z: 0.22089979938497425
---
header:
  stamp:
    sec: 1764334158
    nanosec: 498432714
  frame_id: alice_tool0
wrench:
  force:
    x: -0.47416848168832837
    y: -0.3201160633552963
    z: -0.19744989053275414
  torque:
    x: -0.015277177035952478
    y: 0.03568360600428516
    z: 0.22349376211260905
---
header:
  stamp:
    sec: 1764334158
    nanosec: 502409277
  frame_id: alice_tool0
wrench:
  force:
    x: -0.5368858747431733
    y: -0.15814020818288685
    z: -0.41420642406632446
  torque:
    x: -0.01217796240536788
    y: 0.037950938254878226
    z: 0.22415382130422573
---
header:
  stamp:
    sec: 1764334158
    nanosec: 506380466
  frame_id: alice_tool0
wrench:
  force:
    x: -0.49760827047958056
    y: -0.27105853995497886
    z: -0.3607347453543911
  torque:
    x: -0.013763201310886874
    y: 0.03643153908351058
    z: 0.22148331178975808
---
header:
  stamp:
    sec: 1764334158
    nanosec: 510379213
  frame_id: alice_tool0
wrench:
  force:
    x: -0.35477397235965713
    y: -0.15157950387793417
    z: -0.46337329382822695
  torque:
    x: -0.010956629031857157
    y: 0.03127712235778117
    z: 0.22189241297236134
---
header:
  stamp:
    sec: 1764334158
    nanosec: 514374087
  frame_id: alice_tool0
wrench:
  force:
    x: -0.5257112330424747
    y: -0.3566439943149506
    z: -0.43302112068059495
  torque:
    x: -0.014932467728107827
    y: 0.035133531093131436
    z: 0.2213409709967807
---
header:
  stamp:
    sec: 1764334158
    nanosec: 518372777
  frame_id: alice_tool0
wrench:
  force:
    x: -0.659457499394265
    y: -0.2082374520157928
    z: -0.3442339629939586
  torque:
    x: -0.014680569228158065
    y: 0.03953267628677263
    z: 0.21745263759819816
---
header:
  stamp:
    sec: 1764334158
    nanosec: 522360391
  frame_id: alice_tool0
wrench:
  force:
    x: -0.33819752153753446
    y: -0.2175414379085325
    z: -0.32338416299998135
  torque:
    x: -0.011864696720515006
    y: 0.03490637019061288
    z: 0.22261339117360976
---
header:
  stamp:
    sec: 1764334158
    nanosec: 526371302
  frame_id: alice_tool0
wrench:
  force:
    x: -0.27391008547891094
    y: -0.21304311794548642
    z: -0.44999524315267214
  torque:
    x: -0.010562111868468838
    y: 0.0291450219272216
    z: 0.22075493035278723
---
header:
  stamp:
    sec: 1764334158
    nanosec: 530352049
  frame_id: alice_tool0
wrench:
  force:
    x: -0.1262046807370713
    y: -0.2353581547668001
    z: -0.274958086195236
  torque:
    x: -0.011236341782834383
    y: 0.027712002936218703
    z: 0.21779654630293954
---
header:
  stamp:
    sec: 1764334158
    nanosec: 534332667
  frame_id: alice_tool0
wrench:
  force:
    x: -0.17553265075218688
    y: -0.3674319097857047
    z: -0.4451751310949103
  torque:
    x: -0.015267081769550031
    y: 0.02855551738511087
    z: 0.21662752363029456
---
header:
  stamp:
    sec: 1764334158
    nanosec: 538363080
  frame_id: alice_tool0
wrench:
  force:
    x: -0.32302962154704756
    y: -0.33814664198577266
    z: -0.41050828658240207
  torque:
    x: -0.015606684035732085
    y: 0.03293854830731166
    z: 0.21250477594632128
---
header:
  stamp:
    sec: 1764334158
    nanosec: 542365394
  frame_id: alice_tool0
wrench:
  force:
    x: -0.345078273969158
    y: -0.32840636393343803
    z: -0.6005127894172255
  torque:
    x: -0.018318172725310302
    y: 0.03464601045607676
    z: 0.20711197554854896
---
header:
  stamp:
    sec: 1764334158
    nanosec: 546350984
  frame_id: alice_tool0
wrench:
  force:
    x: -0.4056518287227811
    y: -0.4439819441323032
    z: -0.4391261121629218
  torque:
    x: -0.019296039808772352
    y: 0.03141511364712982
    z: 0.19584298243857107
---
header:
  stamp:
    sec: 1764334158
    nanosec: 550332987
  frame_id: alice_tool0
wrench:
  force:
    x: -0.2897060584020054
    y: -0.3352076576164902
    z: -0.33113517460060976
  torque:
    x: -0.015291683909759745
    y: 0.02525517224845651
    z: 0.17585240463751917
---
header:
  stamp:
    sec: 1764334158
    nanosec: 554362764
  frame_id: alice_tool0
wrench:
  force:
    x: -0.4034446073763522
    y: -0.5155332634411003
    z: -0.40103653916200277
  torque:
    x: -0.020076892658252903
    y: 0.02826539247799001
    z: 0.17110938414138854
---
header:
  stamp:
    sec: 1764334158
    nanosec: 558349498
  frame_id: alice_tool0
wrench:
  force:
    x: -0.30211612768646934
    y: -0.31630048323117477
    z: -0.48573307337643923
  torque:
    x: -0.014226345448696961
    y: 0.02979120540376872
    z: 0.16950582893613353
---
header:
  stamp:
    sec: 1764334158
    nanosec: 562403874
  frame_id: alice_tool0
wrench:
  force:
    x: -0.36066022471394965
    y: -0.2767573537645376
    z: -0.5122057046271485
  torque:
    x: -0.016177571201278232
    y: 0.03221319645369851
    z: 0.1607297123540735
---
header:
  stamp:
    sec: 1764334158
    nanosec: 566364928
  frame_id: alice_tool0
wrench:
  force:
    x: -0.40406444257057395
    y: -0.2948978827695606
    z: -0.41826875255396895
  torque:
    x: -0.013542319896865825
    y: 0.031051521892280217
    z: 0.15700054405537597
---
header:
  stamp:
    sec: 1764334158
    nanosec: 570360111
  frame_id: alice_tool0
wrench:
  force:
    x: -0.3521377581780886
    y: -0.30505982554697164
    z: -0.3581174069874451
  torque:
    x: -0.014035191951168828
    y: 0.026567636103889302
    z: 0.1456137210051399
---
header:
  stamp:
    sec: 1764334158
    nanosec: 574338861
  frame_id: alice_tool0
wrench:
  force:
    x: -0.3018336972239526
    y: -0.38985108261536006
    z: -0.4036687247575692
  torque:
    x: -0.017720730129388167
    y: 0.02652898873839843
    z: 0.14338644998081307
---
header:
  stamp:
    sec: 1764334158
    nanosec: 578338378
  frame_id: alice_tool0
wrench:
  force:
    x: -0.25633331620938016
    y: -0.5714438829796661
    z: -0.22874775238391507
  torque:
    x: -0.022363295570239874
    y: 0.022903301889791047
    z: 0.13201284554788148
---
header:
  stamp:
    sec: 1764334158
    nanosec: 582330653
  frame_id: alice_tool0
wrench:
  force:
    x: -0.2980660391054759
    y: -0.38925466096166383
    z: -0.49844234253842806
  torque:
    x: -0.018049063061180218
    y: 0.02830194736465376
    z: 0.1254068292574654
---
header:
  stamp:
    sec: 1764334158
    nanosec: 586341444
  frame_id: alice_tool0
wrench:
  force:
    x: -0.37257237928854603
    y: -0.4571078764868953
    z: -0.5220182636857263
  torque:
    x: -0.021100576474053136
    y: 0.021895952824927793
    z: 0.11708514127453622
---
header:
  stamp:
    sec: 1764334158
    nanosec: 590374740
  frame_id: alice_tool0
wrench:
  force:
    x: -0.4039038467382649
    y: -0.28583175934217797
    z: -0.47795338029113976
  torque:
    x: -0.01659593808102494
    y: 0.02617830224967023
    z: 0.11365156434432007
---
header:
  stamp:
    sec: 1764334158
    nanosec: 594463496
  frame_id: alice_tool0
wrench:
  force:
    x: -0.28948263543218616
    y: -0.2665533347638974
    z: -0.5682060510350126
  torque:
    x: -0.016226418023564698
    y: 0.02574437071795963
    z: 0.10772244322595079
---
header:
  stamp:
    sec: 1764334158
    nanosec: 598350308
  frame_id: alice_tool0
wrench:
  force:
    x: -0.24943741731431254
    y: -0.3062775701057552
    z: -0.5637887800709573
  torque:
    x: -0.015764583432583534
    y: 0.02236182915122953
    z: 0.09975068988151226
---
header:
  stamp:
    sec: 1764334158
    nanosec: 602371115
  frame_id: alice_tool0
wrench:
  force:
    x: -0.3707573851978252
    y: -0.2264012402859544
    z: -0.6405922678111432
  torque:
    x: -0.015195623675757476
    y: 0.024594831947378725
    z: 0.08888000118729057
---
header:
  stamp:
    sec: 1764334158
    nanosec: 606380066
  frame_id: alice_tool0
wrench:
  force:
    x: -0.290445570205442
    y: -0.1994204307092258
    z: -0.5393307872999757
  torque:
    x: -0.014114970799922737
    y: 0.02080764863682242
    z: 0.08225906354809111
---
header:
  stamp:
    sec: 1764334158
    nanosec: 610374104
  frame_id: alice_tool0
wrench:
  force:
    x: -0.2859537386582906
    y: -0.45740246205697105
    z: -0.42943182706243693
  torque:
    x: -0.02102163175943022
    y: 0.018856997535135003
    z: 0.0733852422689069
---
header:
  stamp:
    sec: 1764334158
    nanosec: 614328744
  frame_id: alice_tool0
wrench:
  force:
    x: -0.13017663905661928
    y: -0.3788395210004768
    z: -0.5559503612482521
  torque:
    x: -0.017683908702606485
    y: 0.015495647436052624
    z: 0.0673078419957237
---
header:
  stamp:
    sec: 1764334158
    nanosec: 618350637
  frame_id: alice_tool0
wrench:
  force:
    x: -0.16498238371446863
    y: -0.30310058206762647
    z: -0.6283603647665675
  torque:
    x: -0.015114835747085123
    y: 0.018277801141954517
    z: 0.06004452060121228
---
header:
  stamp:
    sec: 1764334158
    nanosec: 622371748
  frame_id: alice_tool0
wrench:
  force:
    x: -0.13897323096941164
    y: -0.33710719775585096
    z: -0.5149196499508154
  torque:
    x: -0.016916216755366115
    y: 0.019503684948063916
    z: 0.054756842410708106
---
header:
  stamp:
    sec: 1764334158
    nanosec: 626349484
  frame_id: alice_tool0
wrench:
  force:
    x: -0.17678870684173797
    y: -0.3165668924410555
    z: -0.6695223792830579
  torque:
    x: -0.01704729121990693
    y: 0.015824194759486893
    z: 0.046708153887226274
---
header:
  stamp:
    sec: 1764334158
    nanosec: 630351323
  frame_id: alice_tool0
wrench:
  force:
    x: -0.11846087212537415
    y: -0.3442004729839551
    z: -0.5299090001632101
  torque:
    x: -0.018235041348777792
    y: 0.017707614079334914
    z: 0.03873052568939863
---
header:
  stamp:
    sec: 1764334158
    nanosec: 634354826
  frame_id: alice_tool0
wrench:
  force:
    x: -0.21373287300441168
    y: -0.3570811230759624
    z: -0.6391144773831329
  torque:
    x: -0.01840901879938043
    y: 0.01626603740823522
    z: 0.03233551271083044
---
header:
  stamp:
    sec: 1764334158
    nanosec: 638356472
  frame_id: alice_tool0
wrench:
  force:
    x: -0.11949283621243251
    y: -0.3731658353220597
    z: -0.5254894819872328
  torque:
    x: -0.01772302503091165
    y: 0.01818140908610102
    z: 0.02709692263140316
---
header:
  stamp:
    sec: 1764334158
    nanosec: 642360715
  frame_id: alice_tool0
wrench:
  force:
    x: -0.11117194536030696
    y: -0.29192917549379954
    z: -0.43976698724980573
  torque:
    x: -0.01790184866996275
    y: 0.013119111013482312
    z: 0.020451382520347942
---
header:
  stamp:
    sec: 1764334158
    nanosec: 646349434
  frame_id: alice_tool0
wrench:
  force:
    x: 0.055697734551469286
    y: -0.34872506715179113
    z: -0.4478702641921579
  torque:
    x: -0.02121227406588949
    y: 0.006240909172929864
    z: 0.014424023916393273
---
header:
  stamp:
    sec: 1764334158
    nanosec: 650337911
  frame_id: alice_tool0
wrench:
  force:
    x: -0.037461827474305015
    y: -0.30830886296366805
    z: -0.5860750165406655
  torque:
    x: -0.017312598026665654
    y: 0.011656824098448952
    z: 0.009236715228065044
---
header:
  stamp:
    sec: 1764334158
    nanosec: 654491652
  frame_id: alice_tool0
wrench:
  force:
    x: -0.021788897217687786
    y: -0.4747516545899885
    z: -0.5667310663722261
  torque:
    x: -0.019872222727754383
    y: 0.009617878441584314
    z: 0.003976150130500296
---
header:
  stamp:
    sec: 1764334158
    nanosec: 658349161
  frame_id: alice_tool0
wrench:
  force:
    x: -0.12185933624531003
    y: -0.31910754675540215
    z: -0.6176329775851367
  torque:
    x: -0.018164861034245198
    y: 0.007936313445463715
    z: -0.0015270069362383096
---
header:
  stamp:
    sec: 1764334158
    nanosec: 662361170
  frame_id: alice_tool0
wrench:
  force:
    x: 0.08545553886381593
    y: -0.35019905059140133
    z: -0.7271138805596523
  torque:
    x: -0.015315719484423888
    y: 0.003202303753472394
    z: -0.010397628732445333
---
header:
  stamp:
    sec: 1764334158
    nanosec: 666362708
  frame_id: alice_tool0
wrench:
  force:
    x: -0.018306489706528456
    y: -0.33001037024761226
    z: -0.5589031176247854
  torque:
    x: -0.01576418946729374
    y: 0.005948373492903943
    z: -0.01776990844517437
---
header:
  stamp:
    sec: 1764334158
    nanosec: 670337891
  frame_id: alice_tool0
wrench:
  force:
    x: 0.16196761994299363
    y: -0.3168142794313136
    z: -0.5785173609249532
  torque:
    x: -0.013265520901170514
    y: 0.002321098363737341
    z: -0.0199819759331049
---
header:
  stamp:
    sec: 1764334158
    nanosec: 674472306
  frame_id: alice_tool0
wrench:
  force:
    x: 0.23028538358957343
    y: -0.29347340002717476
    z: -0.6615474071053811
  torque:
    x: -0.018059310185426593
    y: 0.0006209324774902568
    z: -0.024450820407124343
---
header:
  stamp:
    sec: 1764334158
    nanosec: 678334252
  frame_id: alice_tool0
wrench:
  force:
    x: 0.1080648593422715
    y: -0.5148423566467827
    z: -0.5256125549290024
  torque:
    x: -0.019747418986268906
    y: 0.0025800000102687067
    z: -0.029972300581697392
---
header:
  stamp:
    sec: 1764334158
    nanosec: 682369709
  frame_id: alice_tool0
wrench:
  force:
    x: 0.038513707774154055
    y: -0.35041535877694197
    z: -0.55854585550584
  torque:
    x: -0.01767441554820029
    y: -0.0008079984061915377
    z: -0.03311106295376846
---
header:
  stamp:
    sec: 1764334158
    nanosec: 686368052
  frame_id: alice_tool0
wrench:
  force:
    x: -0.04137375844979216
    y: -0.4248156430966883
    z: -0.5000001837424437
  torque:
    x: -0.016998041165768932
    y: 0.007188206789171442
    z: -0.03408517706945937
---
header:
  stamp:
    sec: 1764334158
    nanosec: 690469906
  frame_id: alice_tool0
wrench:
  force:
    x: 0.1406706000601764
    y: -0.24900962504848922
    z: -0.4927254181361097
  torque:
    x: -0.015524275629846684
    y: -0.003285763799105634
    z: -0.02749782601646558
---
header:
  stamp:
    sec: 1764334158
    nanosec: 694495255
  frame_id: alice_tool0
wrench:
  force:
    x: 0.05653487239141801
    y: -0.29565970900455746
    z: -0.5448769624749471
  torque:
    x: -0.015912648661935626
    y: 0.0005329588987474099
    z: -0.029682040319738062
---
header:
  stamp:
    sec: 1764334158
    nanosec: 698356435
  frame_id: alice_tool0
wrench:
  force:
    x: -0.052115189412427446
    y: -0.22034213193449337
    z: -0.5481846414085739
  torque:
    x: -0.012975518375325672
    y: 0.0070105927332233375
    z: -0.025203881795416754
---
header:
  stamp:
    sec: 1764334158
    nanosec: 702350148
  frame_id: alice_tool0
wrench:
  force:
    x: 0.06370655826376562
    y: -0.16338725643190594
    z: -0.4888020359853821
  torque:
    x: -0.01246501985972702
    y: 0.004324004057128029
    z: -0.025324087824402056
---
header:
  stamp:
    sec: 1764334158
    nanosec: 706485126
  frame_id: alice_tool0
wrench:
  force:
    x: -0.12476365522066737
    y: -0.3108979873348764
    z: -0.40814265081910533
  torque:
    x: -0.01507393205209313
    y: 0.006321212046479421
    z: -0.019981260739163526
---
header:
  stamp:
    sec: 1764334158
    nanosec: 710336121
  frame_id: alice_tool0
wrench:
  force:
    x: 0.0291779456348015
    y: -0.2254597603162924
    z: -0.4496872913740379
  torque:
    x: -0.012986684859016643
    y: 0.004843404933069755
    z: -0.02239925210529703
---
header:
  stamp:
    sec: 1764334158
    nanosec: 714491682
  frame_id: alice_tool0
wrench:
  force:
    x: -0.2230452082813047
    y: -0.2920533502820336
    z: -0.4620027754602554
  torque:
    x: -0.014180046169847266
    y: 0.008453768957366799
    z: -0.019600128368761134
---
header:
  stamp:
    sec: 1764334158
    nanosec: 718336901
  frame_id: alice_tool0
wrench:
  force:
    x: 0.13560401282811574
    y: -0.29815768462897513
    z: -0.5055387188922074
  torque:
    x: -0.015629972928503603
    y: 0.003190209892867851
    z: -0.017267893499107786
---
header:
  stamp:
    sec: 1764334158
    nanosec: 722328629
  frame_id: alice_tool0
wrench:
  force:
    x: 0.1996691812634825
    y: -0.331812462565896
    z: -0.35384616466149854
  torque:
    x: -0.017301575063606474
    y: -0.0017422519828277899
    z: -0.017497622829227906
---
header:
  stamp:
    sec: 1764334158
    nanosec: 726357980
  frame_id: alice_tool0
wrench:
  force:
    x: -0.04046664652674714
    y: -0.1920101883870426
    z: -0.48867529569068757
  torque:
    x: -0.013135349529276825
    y: 0.00033331156731278636
    z: -0.016607159494176644
---
header:
  stamp:
    sec: 1764334158
    nanosec: 730352620
  frame_id: alice_tool0
wrench:
  force:
    x: 0.11274476577156559
    y: -0.3420299983865512
    z: -0.5537370334378812
  torque:
    x: -0.01855214443739603
    y: -0.0010576776308072189
    z: -0.01741855137373945
---
header:
  stamp:
    sec: 1764334158
    nanosec: 734382729
  frame_id: alice_tool0
wrench:
  force:
    x: 0.03773005853732104
    y: -0.18417557921196073
    z: -0.5741883744253327
  torque:
    x: -0.012364953073801335
    y: 0.003057939804558313
    z: -0.013865137496787095
---
header:
  stamp:
    sec: 1764334158
    nanosec: 738351119
  frame_id: alice_tool0
wrench:
  force:
    x: 0.008319238809842144
    y: -0.3502687773084837
    z: -0.4144587843284507
  torque:
    x: -0.016622583630278902
    y: 0.002679050577080248
    z: -0.014266164211068705
---
header:
  stamp:
    sec: 1764334158
    nanosec: 742359649
  frame_id: alice_tool0
wrench:
  force:
    x: -0.1364714499220978
    y: -0.1803532238371647
    z: -0.5039637943419647
  torque:
    x: -0.009910669359943863
    y: 0.004538242755280485
    z: -0.01289012983750168
---
header:
  stamp:
    sec: 1764334158
    nanosec: 746357951
  frame_id: alice_tool0
wrench:
  force:
    x: -0.056026783058388846
    y: -0.3557191468542118
    z: -0.566227687365629
  torque:
    x: -0.01840710007887204
    y: 0.0054673160612583906
    z: -0.01245200927452202
---
header:
  stamp:
    sec: 1764334158
    nanosec: 750373713
  frame_id: alice_tool0
wrench:
  force:
    x: -0.037831704714612766
    y: -0.24589069955532816
    z: -0.6335504316187353
  torque:
    x: -0.011027424735539235
    y: 0.0035981930709951524
    z: -0.015106319453394112
---
header:
  stamp:
    sec: 1764334158
    nanosec: 754382473
  frame_id: alice_tool0
wrench:
  force:
    x: 0.09711288070739654
    y: -0.2552122744198893
    z: -0.5135490515930528
  torque:
    x: -0.01412180152064022
    y: -0.0020907856145239
    z: -0.012994732988237964
---
header:
  stamp:
    sec: 1764334158
    nanosec: 758352288
  frame_id: alice_tool0
wrench:
  force:
    x: -0.02759055606401531
    y: -0.40349480119943965
    z: -0.3507572320233015
  torque:
    x: -0.02011363214625094
    y: 0.0063583372333580555
    z: -0.013303406786815596
---
header:
  stamp:
    sec: 1764334158
    nanosec: 762353653
  frame_id: alice_tool0
wrench:
  force:
    x: 0.07259679706541587
    y: -0.29531241602257596
    z: -0.5460892419378164
  torque:
    x: -0.014110366109628923
    y: 0.0026065736152336367
    z: -0.012520357848042585
---
header:
  stamp:
    sec: 1764334158
    nanosec: 766430936
  frame_id: alice_tool0
wrench:
  force:
    x: -0.13341655276131786
    y: -0.281135282367062
    z: -0.4938452208855288
  torque:
    x: -0.015487306195214028
    y: 0.006045754419708515
    z: -0.01448890200679352
---
header:
  stamp:
    sec: 1764334158
    nanosec: 770470622
  frame_id: alice_tool0
wrench:
  force:
    x: 0.04483122220271101
    y: -0.14991502527236159
    z: -0.40152666244415286
  torque:
    x: -0.010750868842518649
    y: 0.0015456044227797339
    z: -0.01398068952474419
---
header:
  stamp:
    sec: 1764334158
    nanosec: 774532257
  frame_id: alice_tool0
wrench:
  force:
    x: -0.032342630443793915
    y: -0.21320598384088685
    z: -0.5485482650043983
  torque:
    x: -0.012067297511737213
    y: 0.0038627660215351167
    z: -0.009322730291304182
---
header:
  stamp:
    sec: 1764334158
    nanosec: 778346271
  frame_id: alice_tool0
wrench:
  force:
    x: -0.09348164261380659
    y: -0.3164004104290591
    z: -0.5007264009071953
  torque:
    x: -0.015945086467701475
    y: 0.007882477059702492
    z: -0.011451868030264746
---
header:
  stamp:
    sec: 1764334158
    nanosec: 782374134
  frame_id: alice_tool0
wrench:
  force:
    x: -0.06690016590648334
    y: -0.2944672489367116
    z: -0.5465330490919896
  torque:
    x: -0.014782238715558005
    y: 0.0035319208837631434
    z: -0.01066064153720451
---
header:
  stamp:
    sec: 1764334158
    nanosec: 786349260
  frame_id: alice_tool0
wrench:
  force:
    x: -0.11267390980016007
    y: -0.283120584421148
    z: -0.5559402831902056
  torque:
    x: -0.016265364237991367
    y: 0.0028925619907285045
    z: -0.008757051212384221
---
header:
  stamp:
    sec: 1764334158
    nanosec: 790447580
  frame_id: alice_tool0
wrench:
  force:
    x: 0.09629197709263361
    y: -0.28772477682171566
    z: -0.6458532231594842
  torque:
    x: -0.01397748042292139
    y: 0.0012467235752297275
    z: -0.012575103729869199
---
header:
  stamp:
    sec: 1764334158
    nanosec: 794369373
  frame_id: alice_tool0
wrench:
  force:
    x: 0.04901937991097792
    y: -0.05561070245434547
    z: -0.5891150115173538
  torque:
    x: -0.009394855252446963
    y: 0.0010620603408006664
    z: -0.007154877283713887
---
header:
  stamp:
    sec: 1764334158
    nanosec: 798360006
  frame_id: alice_tool0
wrench:
  force:
    x: -0.02145400609507675
    y: -0.3698953600771324
    z: -0.6263127143771606
  torque:
    x: -0.01567948741741559
    y: 0.005913653299462798
    z: -0.014431801035303789
---
header:
  stamp:
    sec: 1764334158
    nanosec: 802337850
  frame_id: alice_tool0
wrench:
  force:
    x: 0.0938775527607029
    y: -0.3175951181449168
    z: -0.5137382049393839
  torque:
    x: -0.014723526617455341
    y: 0.0031719317635400587
    z: -0.01083715708883408
---
header:
  stamp:
    sec: 1764334158
    nanosec: 806358367
  frame_id: alice_tool0
wrench:
  force:
    x: 0.1055581627144263
    y: -0.22952350482605305
    z: -0.5782262386637718
  torque:
    x: -0.013187638382369703
    y: 0.0013410892645688496
    z: -0.010089676244261698
---
header:
  stamp:
    sec: 1764334158
    nanosec: 810368380
  frame_id: alice_tool0
wrench:
  force:
    x: 0.02591718371336761
    y: -0.1991444370988926
    z: -0.6540984152996595
  torque:
    x: -0.010526040855749902
    y: 0.0029569637612927554
    z: -0.00917569460222155
---
header:
  stamp:
    sec: 1764334158
    nanosec: 814383943
  frame_id: alice_tool0
wrench:
  force:
    x: 0.10015496065988035
    y: -0.3215907755731085
    z: -0.3716822094823236
  torque:
    x: -0.015529341911556277
    y: 0.002224373569729747
    z: -0.009828999844344384
---
header:
  stamp:
    sec: 1764334158
    nanosec: 818352997
  frame_id: alice_tool0
wrench:
  force:
    x: -0.09034405696799483
    y: -0.15285492993870203
    z: -0.4584398058613692
  torque:
    x: -0.010550270223940571
    y: 0.004351624824457354
    z: -0.0065969338319286485
---
header:
  stamp:
    sec: 1764334158
    nanosec: 822355875
  frame_id: alice_tool0
wrench:
  force:
    x: -0.025741997897948315
    y: -0.35683362737609026
    z: -0.43886893050111664
  torque:
    x: -0.016680332414896352
    y: 0.0035019844637531605
    z: -0.005555694314129952
---
header:
  stamp:
    sec: 1764334158
    nanosec: 826346194
  frame_id: alice_tool0
wrench:
  force:
    x: -0.05925808210611318
    y: -0.2842691994568397
    z: -0.4606888018291691
  torque:
    x: -0.014510503041235835
    y: 0.0034419613687779373
    z: -0.007228101356221522
---
header:
  stamp:
    sec: 1764334158
    nanosec: 830349599
  frame_id: alice_tool0
wrench:
  force:
    x: 0.07257579585875112
    y: -0.3909528698241455
    z: -0.627356342959088
  torque:
    x: -0.014980008742766417
    y: 0.0010227062367317982
    z: -0.011026921655028821
---
header:
  stamp:
    sec: 1764334158
    nanosec: 834365213
  frame_id: alice_tool0
wrench:
  force:
    x: 0.15249705046078238
    y: -0.09810390023838092
    z: -0.41566942791105305
  torque:
    x: -0.007132418064863984
    y: -0.0015075617815340269
    z: -0.007149232864040497
---
header:
  stamp:
    sec: 1764334158
    nanosec: 838356811
  frame_id: alice_tool0
wrench:
  force:
    x: 0.04318605703006309
    y: -0.39493374968242245
    z: -0.5958087532442774
  torque:
    x: -0.013935356117832321
    y: 0.003569329663662163
    z: -0.007484738951521882
---
header:
  stamp:
    sec: 1764334158
    nanosec: 842353797
  frame_id: alice_tool0
wrench:
  force:
    x: 0.08558924088364978
    y: -0.21456080374186456
    z: -0.6334458318897622
  torque:
    x: -0.0081118818940723
    y: 0.0008732690966474863
    z: -0.005371261910721428
---
header:
  stamp:
    sec: 1764334158
    nanosec: 846336260
  frame_id: alice_tool0
wrench:
  force:
    x: -0.12573720990555154
    y: 0.04906123259260249
    z: -0.5070114183899449
  torque:
    x: -0.002723362943460544
    y: 0.0032881645958942477
    z: -0.007901982393047713
---
header:
  stamp:
    sec: 1764334158
    nanosec: 850359345
  frame_id: alice_tool0
wrench:
  force:
    x: -0.1094943149519686
    y: -0.2561845204752873
    z: -0.4970185873178116
  torque:
    x: -0.013920173130088968
    y: 0.00784784505931465
    z: -0.007584429417269595
---
header:
  stamp:
    sec: 1764334158
    nanosec: 854357245
  frame_id: alice_tool0
wrench:
  force:
    x: -0.14411724393647884
    y: -0.2249848760651093
    z: -0.33042340416681093
  torque:
    x: -0.011955574271422974
    y: 0.006939589676600334
    z: -0.008091380566838653
---
header:
  stamp:
    sec: 1764334158
    nanosec: 858340410
  frame_id: alice_tool0
wrench:
  force:
    x: 0.16905379904586448
    y: -0.29740326541472845
    z: -0.36764597857768566
  torque:
    x: -0.011616002042015284
    y: 0.0003820546386554416
    z: -0.007094170814749513
---
header:
  stamp:
    sec: 1764334158
    nanosec: 862341269
  frame_id: alice_tool0
wrench:
  force:
    x: 0.07275699875630587
    y: -0.24259966820293122
    z: -0.5006983984518335
  torque:
    x: -0.015880646937531096
    y: 0.004163556190580471
    z: -0.005647034540024341
---
header:
  stamp:
    sec: 1764334158
    nanosec: 866470103
  frame_id: alice_tool0
wrench:
  force:
    x: 0.06041241276817726
    y: -0.25931009647768555
    z: -0.5911021989663736
  torque:
    x: -0.009818160235085216
    y: 0.0046386203591535
    z: -0.00584342501057386
---
header:
  stamp:
    sec: 1764334158
    nanosec: 870333664
  frame_id: alice_tool0
wrench:
  force:
    x: 0.2238362980117809
    y: -0.3153197598725444
    z: -0.3595750282953674
  torque:
    x: -0.015837591266266653
    y: -0.0019544389187169248
    z: -0.0028471331692461904
---
header:
  stamp:
    sec: 1764334158
    nanosec: 874447843
  frame_id: alice_tool0
wrench:
  force:
    x: -0.08194645333219222
    y: -0.27664160159570217
    z: -0.5535165403409451
  torque:
    x: -0.013946508763682664
    y: 0.006501588316982606
    z: -0.005796657232904337
---
header:
  stamp:
    sec: 1764334158
    nanosec: 878345217
  frame_id: alice_tool0
wrench:
  force:
    x: -0.011813540510878073
    y: -0.2578996174614237
    z: -0.6177523884827884
  torque:
    x: -0.01156282347512818
    y: 0.0031925430511341064
    z: -0.007704990402177387
---
header:
  stamp:
    sec: 1764334158
    nanosec: 882462248
  frame_id: alice_tool0
wrench:
  force:
    x: -0.1721791126630032
    y: -0.4062812689692573
    z: -0.5052134850208333
  torque:
    x: -0.019668908977875987
    y: 0.004054468960720449
    z: -0.006643766032822001
---
header:
  stamp:
    sec: 1764334158
    nanosec: 886356858
  frame_id: alice_tool0
wrench:
  force:
    x: 0.03294974189562296
    y: -0.12140134214618872
    z: -0.5711180121432096
  torque:
    x: -0.011685566109646014
    y: 0.006253161968998871
    z: -0.001612482039990762
---
header:
  stamp:
    sec: 1764334158
    nanosec: 890352493
  frame_id: alice_tool0
wrench:
  force:
    x: 0.021018110155932246
    y: -0.32294827881148114
    z: -0.6120102892378002
  torque:
    x: -0.014970633266024914
    y: 0.003584383544544838
    z: -0.005830253037736748
---
header:
  stamp:
    sec: 1764334158
    nanosec: 894355849
  frame_id: alice_tool0
wrench:
  force:
    x: -0.14373578582036592
    y: -0.24722501886322085
    z: -0.4518534131074217
  torque:
    x: -0.012497351121411367
    y: 0.006255642613336264
    z: -0.0051243108787151674
---
header:
  stamp:
    sec: 1764334158
    nanosec: 898354790
  frame_id: alice_tool0
wrench:
  force:
    x: -0.02543728491440045
    y: -0.3507841853598703
    z: -0.5360913428529714
  torque:
    x: -0.015906338481892657
    y: 0.0032863377521308466
    z: -0.005998238299934028
---
header:
  stamp:
    sec: 1764334158
    nanosec: 902487399
  frame_id: alice_tool0
wrench:
  force:
    x: 0.1126330474351808
    y: -0.23221051125706849
    z: -0.5563747017041484
  torque:
    x: -0.012316351153862221
    y: -0.0016352218706442807
    z: -0.004716093313953549
---
header:
  stamp:
    sec: 1764334158
    nanosec: 906473109
  frame_id: alice_tool0
wrench:
  force:
    x: 0.06059354042357999
    y: -0.2801347868312426
    z: -0.6103358637703861
  torque:
    x: -0.013668421589572814
    y: 0.0003163782740769382
    z: -0.004547423797884009
---
header:
  stamp:
    sec: 1764334158
    nanosec: 910348061
  frame_id: alice_tool0
wrench:
  force:
    x: 0.012147158416118894
    y: -0.1421227404354907
    z: -0.5164778549905399
  torque:
    x: -0.008922516590298461
    y: 0.0015631176173643642
    z: -0.002094424784679496
---
header:
  stamp:
    sec: 1764334158
    nanosec: 914452313
  frame_id: alice_tool0
wrench:
  force:
    x: 0.02690464168921844
    y: -0.31841764767943925
    z: -0.5766520943881137
  torque:
    x: -0.017668164129621133
    y: 0.002415398285541123
    z: -0.005591358071889796
---
header:
  stamp:
    sec: 1764334158
    nanosec: 918354796
  frame_id: alice_tool0
wrench:
  force:
    x: 0.08363777563804345
    y: -0.16622359451065283
    z: -0.737931445960484
  torque:
    x: -0.007780741778879141
    y: 0.0007134169692904705
    z: -0.00436382706662822
---
header:
  stamp:
    sec: 1764334158
    nanosec: 922343621
  frame_id: alice_tool0
wrench:
  force:
    x: 0.07723000079466191
    y: -0.19465306478905792
    z: -0.5105588904106297
  torque:
    x: -0.008033865512721894
    y: 0.00457372430771547
    z: -0.0029614123908826293
---
header:
  stamp:
    sec: 1764334158
    nanosec: 926499893
  frame_id: alice_tool0
wrench:
  force:
    x: -0.001584654041918404
    y: -0.3196256902262281
    z: -0.4700925174910737
  torque:
    x: -0.013096905777983541
    y: 0.0019384766047296992
    z: -0.0007581597812297661
---
header:
  stamp:
    sec: 1764334158
    nanosec: 930350806
  frame_id: alice_tool0
wrench:
  force:
    x: 0.007129941054250197
    y: -0.025835296929019473
    z: -0.5988344412083216
  torque:
    x: -0.00824381372936892
    y: 0.004716502223600814
    z: -0.0038434654975461396
---
header:
  stamp:
    sec: 1764334158
    nanosec: 934478963
  frame_id: alice_tool0
wrench:
  force:
    x: -0.3657761204625639
    y: -0.2778562315685737
    z: -0.7023364636022486
  torque:
    x: -0.012140091400874898
    y: 0.009941360430282847
    z: -0.0072615788274565446
---
header:
  stamp:
    sec: 1764334158
    nanosec: 938354844
  frame_id: alice_tool0
wrench:
  force:
    x: -0.09431393197889626
    y: -0.38902058740952106
    z: -0.8048002187359111
  torque:
    x: -0.019439894852558117
    y: 0.002346163480791341
    z: -0.0052793606167809235
---
header:
  stamp:
    sec: 1764334158
    nanosec: 942352881
  frame_id: alice_tool0
wrench:
  force:
    x: -0.1031737135505921
    y: -0.23362722560074517
    z: -0.4698350368731842
  torque:
    x: -0.013669673480389746
    y: 0.0033943933878615457
    z: -0.0015654783307311997
---
header:
  stamp:
    sec: 1764334158
    nanosec: 946353151
  frame_id: alice_tool0
wrench:
  force:
    x: 0.07735139476262823
    y: -0.04964095517380437
    z: -0.6976218999502567
  torque:
    x: -0.007831828858468188
    y: 0.0021361590527900257
    z: 0.00032596592243617676
---
header:
  stamp:
    sec: 1764334158
    nanosec: 950360682
  frame_id: alice_tool0
wrench:
  force:
    x: -0.004820724121490941
    y: -0.10700636299233177
    z: -0.727788233012867
  torque:
    x: -0.009358835225477015
    y: 0.0034625876289152853
    z: -0.0032434911950032772
---
header:
  stamp:
    sec: 1764334158
    nanosec: 954334143
  frame_id: alice_tool0
wrench:
  force:
    x: 0.028474622399019184
    y: -0.2898915719826643
    z: -0.5199501810770276
  torque:
    x: -0.016833354425995106
    y: 0.0037779557146891815
    z: 0.0003166572795265415
---
header:
  stamp:
    sec: 1764334158
    nanosec: 958359033
  frame_id: alice_tool0
wrench:
  force:
    x: -0.028864896801987908
    y: -0.2508284597055353
    z: -0.49294550388544295
  torque:
    x: -0.010995167134314254
    y: 0.0024109049367013044
    z: -0.002106003580055612
---
header:
  stamp:
    sec: 1764334158
    nanosec: 962480513
  frame_id: alice_tool0
wrench:
  force:
    x: -0.1209993348895596
    y: -0.148639291452728
    z: -0.6332323672705374
  torque:
    x: -0.013716611989852554
    y: 0.006365101345240374
    z: -0.001969279285092943
---
header:
  stamp:
    sec: 1764334158
    nanosec: 966477487
  frame_id: alice_tool0
wrench:
  force:
    x: 0.08171017673562062
    y: -0.2666040407965874
    z: -0.6255785329647421
  torque:
    x: -0.012562473819286588
    y: 0.001275466971679952
    z: 0.0011570392714829946
---
header:
  stamp:
    sec: 1764334158
    nanosec: 970333303
  frame_id: alice_tool0
wrench:
  force:
    x: 0.027419099368897915
    y: -0.37234381427370467
    z: -0.5785230490461704
  torque:
    x: -0.018682447896995167
    y: 0.003988004559226732
    z: 0.0009068110908364016
---
header:
  stamp:
    sec: 1764334158
    nanosec: 974339667
  frame_id: alice_tool0
wrench:
  force:
    x: -0.11041724564317307
    y: -0.26228051062732516
    z: -0.42042017979566665
  torque:
    x: -0.014238421068447606
    y: 0.003015472217091454
    z: -0.00023338904338267286
---
header:
  stamp:
    sec: 1764334158
    nanosec: 978353650
  frame_id: alice_tool0
wrench:
  force:
    x: 0.15953238686036472
    y: -0.19549612681025857
    z: -0.5655517933307399
  torque:
    x: -0.013144650301140242
    y: -0.003155519693099816
    z: 0.002922052404837834
---
header:
  stamp:
    sec: 1764334158
    nanosec: 982369998
  frame_id: alice_tool0
wrench:
  force:
    x: -0.11436067990520196
    y: -0.2391666743572006
    z: -0.5600936594943253
  torque:
    x: -0.011733173271831319
    y: 0.0034375711939467236
    z: 0.0005801689610941247
---
header:
  stamp:
    sec: 1764334158
    nanosec: 986352310
  frame_id: alice_tool0
wrench:
  force:
    x: 0.00048262348091011875
    y: -0.24703576613779268
    z: -0.3999291688716391
  torque:
    x: -0.012987506881026158
    y: 0.00144378456676038
    z: 0.005477491318047937
---
header:
  stamp:
    sec: 1764334158
    nanosec: 990363869
  frame_id: alice_tool0
wrench:
  force:
    x: -0.05060344444957557
    y: -0.32672135268838665
    z: -0.592939563508144
  torque:
    x: -0.01650228946351446
    y: 0.005227038198900785
    z: -0.00044323672524102664
---
header:
  stamp:
    sec: 1764334158
    nanosec: 994350496
  frame_id: alice_tool0
wrench:
  force:
    x: -0.06042222937616348
    y: -0.2630197596513437
    z: -0.5215266900315699
  torque:
    x: -0.013439006604027682
    y: 0.004893886740040712
    z: 0.002183897791210171
---
header:
  stamp:
    sec: 1764334158
    nanosec: 998355237
  frame_id: alice_tool0
wrench:
  force:
    x: 0.048380949230035386
    y: -0.18142810024505365
    z: -0.5022202375224347
  torque:
    x: -0.011496753800271372
    y: 0.005727072079814262
    z: 0.0023049894975824495
---
header:
  stamp:
    sec: 1764334159
    nanosec: 2360240
  frame_id: alice_tool0
wrench:
  force:
    x: 0.06774219406584245
    y: -0.3597840855802207
    z: -0.6241682205962293
  torque:
    x: -0.01609494832737797
    y: 0.0010800813473518939
    z: 0.0047958827312640645
---
header:
  stamp:
    sec: 1764334159
    nanosec: 6342402
  frame_id: alice_tool0
wrench:
  force:
    x: 0.18189476223017406
    y: -0.21833820017539501
    z: -0.7042112532592636
  torque:
    x: -0.011912704103671377
    y: 0.002354344707696048
    z: 0.0028700318491274887
---
header:
  stamp:
    sec: 1764334159
    nanosec: 10376366
  frame_id: alice_tool0
wrench:
  force:
    x: -0.22974497623836376
    y: -0.15441749406662442
    z: -0.587124701057082
  torque:
    x: -0.011117695269588798
    y: 0.009036138306295084
    z: 0.0020921056634683505
---
header:
  stamp:
    sec: 1764334159
    nanosec: 14436524
  frame_id: alice_tool0
wrench:
  force:
    x: -0.025498382030082575
    y: -0.15440231622121953
    z: -0.5943680910017007
  torque:
    x: -0.009878687906472804
    y: 0.004407688668559603
    z: 0.0024024309969323016
---
header:
  stamp:
    sec: 1764334159
    nanosec: 18356065
  frame_id: alice_tool0
wrench:
  force:
    x: -0.12098131868067755
    y: -0.2375924172638486
    z: -0.6792440840055693
  torque:
    x: -0.01454328410243427
    y: 0.002836048211463953
    z: 0.004185711984462275
---
header:
  stamp:
    sec: 1764334159
    nanosec: 22374026
  frame_id: alice_tool0
wrench:
  force:
    x: -0.020387518349336914
    y: -0.17770419621596706
    z: -0.4827290779456967
  torque:
    x: -0.01358556122119108
    y: 0.007073744219302259
    z: 0.0039173574585616615
---
header:
  stamp:
    sec: 1764334159
    nanosec: 26355976
  frame_id: alice_tool0
wrench:
  force:
    x: 0.012085409852356205
    y: -0.3655495540786733
    z: -0.7017612815537528
  torque:
    x: -0.018247648643123466
    y: 0.0001470293712783899
    z: 0.0022458906973533894
---
header:
  stamp:
    sec: 1764334159
    nanosec: 30351210
  frame_id: alice_tool0
wrench:
  force:
    x: 0.023427183393011725
    y: -0.3031067663694869
    z: -0.5530942199056583
  torque:
    x: -0.012757450824025171
    y: 0.00439238644158132
    z: 0.0028267658187491867
---
header:
  stamp:
    sec: 1764334159
    nanosec: 34350270
  frame_id: alice_tool0
wrench:
  force:
    x: 0.16722009118032607
    y: -0.17831384826730276
    z: -0.5116279852722663
  torque:
    x: -0.010616208624224396
    y: -0.0006622923115348137
    z: 0.005484372355289495
---
header:
  stamp:
    sec: 1764334159
    nanosec: 38376000
  frame_id: alice_tool0
wrench:
  force:
    x: 0.0007389567574419831
    y: -0.3353312257334585
    z: -0.5904258225798468
  torque:
    x: -0.018437124316859968
    y: 0.0040395869024953505
    z: 0.005748739171693028
---
header:
  stamp:
    sec: 1764334159
    nanosec: 42357593
  frame_id: alice_tool0
wrench:
  force:
    x: -0.1959831558787353
    y: -0.2314883019547969
    z: -0.5166524230070416
  torque:
    x: -0.014367226847395949
    y: 0.006630250279405535
    z: 0.002537457767878153
---
header:
  stamp:
    sec: 1764334159
    nanosec: 46348102
  frame_id: alice_tool0
wrench:
  force:
    x: 0.019319283527660602
    y: -0.4104827734587385
    z: -0.46983837101009607
  torque:
    x: -0.01485064370942973
    y: 0.0037375382492786536
    z: 0.005179173718557843
---
header:
  stamp:
    sec: 1764334159
    nanosec: 50374019
  frame_id: alice_tool0
wrench:
  force:
    x: 0.03777282998426461
    y: -0.3052868605844135
    z: -0.49644945292532777
  torque:
    x: -0.013556286344695426
    y: 0.0026820197093240725
    z: 0.005355844519372944
---
header:
  stamp:
    sec: 1764334159
    nanosec: 54364147
  frame_id: alice_tool0
wrench:
  force:
    x: -0.06151187764865115
    y: -0.2649586854817476
    z: -0.5225639787811623
  torque:
    x: -0.014191636715353948
    y: 0.005196327622374477
    z: 0.004721579135337512
---
header:
  stamp:
    sec: 1764334159
    nanosec: 58362594
  frame_id: alice_tool0
wrench:
  force:
    x: -0.017879236384546554
    y: -0.4268952562252046
    z: -0.6368960054658439
  torque:
    x: -0.02465113740511636
    y: 0.0024566501890139238
    z: 0.0065305167356438315
---
header:
  stamp:
    sec: 1764334159
    nanosec: 62333470
  frame_id: alice_tool0
wrench:
  force:
    x: 0.00026053169996811953
    y: -0.31541355277718786
    z: -0.4452990173448515
  torque:
    x: -0.014913848292975521
    y: 0.002145934665557932
    z: 0.005920801431922361
---
header:
  stamp:
    sec: 1764334159
    nanosec: 66535166
  frame_id: alice_tool0
wrench:
  force:
    x: -0.3090812377234356
    y: -0.32444232065817535
    z: -0.48626474029276806
  torque:
    x: -0.017443132954528165
    y: 0.012032699369337502
    z: 0.00409404708179701
---
header:
  stamp:
    sec: 1764334159
    nanosec: 70511462
  frame_id: alice_tool0
wrench:
  force:
    x: -0.05914779334734378
    y: -0.21874599453500515
    z: -0.755684676316036
  torque:
    x: -0.010633768570098213
    y: 0.003016625306231392
    z: 0.006515988091716658
---
header:
  stamp:
    sec: 1764334159
    nanosec: 74497976
  frame_id: alice_tool0
wrench:
  force:
    x: 0.03375119335954538
    y: -0.3482179770012155
    z: -0.5918627582931518
  torque:
    x: -0.01053624618439966
    y: 0.0034298989151306846
    z: 0.005625562060315408
---
header:
  stamp:
    sec: 1764334159
    nanosec: 82516417
  frame_id: alice_tool0
wrench:
  force:
    x: 0.201911277703601
    y: -0.3712491728238735
    z: -0.35631664310814537
  torque:
    x: -0.014064088833650876
    y: 0.003377314088465617
    z: 0.010039888610356122
---
header:
  stamp:
    sec: 1764334159
    nanosec: 94535296
  frame_id: alice_tool0
wrench:
  force:
    x: 0.012409099596173277
    y: -0.16419465088404467
    z: -0.5423694298912694
  torque:
    x: -0.013717306939985557
    y: 0.002730521385069554
    z: 0.012421634098013754
---
header:
  stamp:
    sec: 1764334159
    nanosec: 98472903
  frame_id: alice_tool0
wrench:
  force:
    x: 0.05229088350594234
    y: -0.33182057805627113
    z: -0.5627690175366615
  torque:
    x: -0.014434763540738839
    y: 0.003451830782024201
    z: 0.009019699295163986
---
header:
  stamp:
    sec: 1764334159
    nanosec: 106439493
  frame_id: alice_tool0
wrench:
  force:
    x: 0.19034316640903937
    y: -0.2920992935235871
    z: -0.3992781001775801
  torque:
    x: -0.01320440048460564
    y: 0.005021641296477119
    z: 0.012685175652889003
---
header:
  stamp:
    sec: 1764334159
    nanosec: 110456962
  frame_id: alice_tool0
wrench:
  force:
    x: 0.1143505380782196
    y: -0.2885243893863404
    z: -0.5127679077454933
  torque:
    x: -0.011641094733005663
    y: 0.0032346684928722157
    z: 0.013366863332823262
---
header:
  stamp:
    sec: 1764334159
    nanosec: 114412141
  frame_id: alice_tool0
wrench:
  force:
    x: -0.01112980214847567
    y: -0.3481952460383385
    z: -0.49602257239160785
  torque:
    x: -0.017267175877742055
    y: 0.004457692743175656
    z: 0.013754727615823015
---
header:
  stamp:
    sec: 1764334159
    nanosec: 118403658
  frame_id: alice_tool0
wrench:
  force:
    x: -0.09704602725220865
    y: -0.20267626220076432
    z: -0.3034370040249482
  torque:
    x: -0.011990082672446807
    y: 0.008329239036216428
    z: 0.011145596250825016
---
header:
  stamp:
    sec: 1764334159
    nanosec: 122390355
  frame_id: alice_tool0
wrench:
  force:
    x: 0.00863386497621263
    y: -0.42016172941282937
    z: -0.32146862661304765
  torque:
    x: -0.018089487445257464
    y: 0.0046115743702831325
    z: 0.014838735130528196
---
header:
  stamp:
    sec: 1764334159
    nanosec: 126393321
  frame_id: alice_tool0
wrench:
  force:
    x: 0.06452939134653662
    y: -0.2712199541286291
    z: -0.3244818557143196
  torque:
    x: -0.014101804066317527
    y: 0.006175188508023433
    z: 0.012131991630675847
---
header:
  stamp:
    sec: 1764334159
    nanosec: 130367625
  frame_id: alice_tool0
wrench:
  force:
    x: -0.07554600371192444
    y: -0.3890007286055265
    z: -0.5221270043304583
  torque:
    x: -0.01992423787329784
    y: 0.007736751594389001
    z: 0.016623448992636857
---
header:
  stamp:
    sec: 1764334159
    nanosec: 134381651
  frame_id: alice_tool0
wrench:
  force:
    x: -0.12381819035050902
    y: -0.3073861529745013
    z: -0.39859019980187943
  torque:
    x: -0.013750271792627899
    y: 0.010910477735095174
    z: 0.013584696830109433
---
header:
  stamp:
    sec: 1764334159
    nanosec: 138376690
  frame_id: alice_tool0
wrench:
  force:
    x: -0.18396860249937633
    y: -0.3444574799940541
    z: -0.36962004115362845
  torque:
    x: -0.014756700739858963
    y: 0.009110950940879069
    z: 0.01290586551584753
---
header:
  stamp:
    sec: 1764334159
    nanosec: 142379933
  frame_id: alice_tool0
wrench:
  force:
    x: -0.06917476784606064
    y: -0.22428895563432802
    z: -0.3397653812575911
  torque:
    x: -0.013690770836396613
    y: 0.006822232649974609
    z: 0.017235969660872836
---
header:
  stamp:
    sec: 1764334159
    nanosec: 146369730
  frame_id: alice_tool0
wrench:
  force:
    x: -0.10249040142680826
    y: -0.359351688765946
    z: -0.4897164213121094
  torque:
    x: -0.013789124566298022
    y: 0.011028538129556113
    z: 0.018521685904007934
---
header:
  stamp:
    sec: 1764334159
    nanosec: 150363980
  frame_id: alice_tool0
wrench:
  force:
    x: -0.07422983710080107
    y: -0.3055899816926914
    z: -0.4481168351122122
  torque:
    x: -0.01541900035583156
    y: 0.009638032733850253
    z: 0.023584357747290452
---
header:
  stamp:
    sec: 1764334159
    nanosec: 154367161
  frame_id: alice_tool0
wrench:
  force:
    x: -0.005099198251835774
    y: -0.19948402455428316
    z: -0.37685695465500985
  torque:
    x: -0.009806693953715044
    y: 0.009695024926287744
    z: 0.025957909866108367
---
header:
  stamp:
    sec: 1764334159
    nanosec: 158375809
  frame_id: alice_tool0
wrench:
  force:
    x: -0.12153951376840316
    y: -0.25695062274099073
    z: -0.37927280287276355
  torque:
    x: -0.012067054770229811
    y: 0.009962997250946666
    z: 0.030339632353069076
---
header:
  stamp:
    sec: 1764334159
    nanosec: 162384510
  frame_id: alice_tool0
wrench:
  force:
    x: -0.430138710583843
    y: -0.36205772831401994
    z: -0.4107298245026885
  torque:
    x: -0.01714522648701632
    y: 0.017581767319291806
    z: 0.034987209747583195
---
header:
  stamp:
    sec: 1764334159
    nanosec: 166354669
  frame_id: alice_tool0
wrench:
  force:
    x: 0.10095732787339358
    y: -0.13776387453901368
    z: -0.41183944014081003
  torque:
    x: -0.010242689460352918
    y: 0.006923476552421452
    z: 0.05276193225739959
---
header:
  stamp:
    sec: 1764334159
    nanosec: 170371466
  frame_id: alice_tool0
wrench:
  force:
    x: -0.023242727213583267
    y: -0.12236765275784876
    z: -0.36094319456608703
  torque:
    x: -0.008423731364045929
    y: 0.010205023991810041
    z: 0.06362047788327639
---
header:
  stamp:
    sec: 1764334159
    nanosec: 174375712
  frame_id: alice_tool0
wrench:
  force:
    x: -0.22897736370985416
    y: -0.39827206598816084
    z: -0.643408348637104
  torque:
    x: -0.017394194005768228
    y: 0.015114266669077458
    z: 0.06657318006156396
---
header:
  stamp:
    sec: 1764334159
    nanosec: 178365718
  frame_id: alice_tool0
wrench:
  force:
    x: -0.1805201742299876
    y: -0.41828133047821453
    z: -0.5192887146015626
  torque:
    x: -0.016482290649732584
    y: 0.01602268804815705
    z: 0.06894436204161393
---
header:
  stamp:
    sec: 1764334159
    nanosec: 182347450
  frame_id: alice_tool0
wrench:
  force:
    x: -0.01290548217612604
    y: -0.2131817177423134
    z: -0.34106367640363405
  torque:
    x: -0.01027207171750027
    y: 0.012834699935580075
    z: 0.0728533684797882
---
header:
  stamp:
    sec: 1764334159
    nanosec: 186375788
  frame_id: alice_tool0
wrench:
  force:
    x: -0.20960592334755898
    y: -0.30265989856667735
    z: -0.5220485044053544
  torque:
    x: -0.013311632273449335
    y: 0.01854571386529728
    z: 0.07578238635545256
---
header:
  stamp:
    sec: 1764334159
    nanosec: 190366496
  frame_id: alice_tool0
wrench:
  force:
    x: -0.18702032075735156
    y: -0.18627456610466492
    z: -0.4980556164722453
  torque:
    x: -0.010928978784974216
    y: 0.015213621407391771
    z: 0.08344505794559434
---
header:
  stamp:
    sec: 1764334159
    nanosec: 194397229
  frame_id: alice_tool0
wrench:
  force:
    x: -0.2906080842113374
    y: -0.1063565977311346
    z: -0.2518804838029506
  torque:
    x: -0.007312454418201676
    y: 0.0180142630350903
    z: 0.08925582040485786
---
header:
  stamp:
    sec: 1764334159
    nanosec: 198350325
  frame_id: alice_tool0
wrench:
  force:
    x: 0.15846709669936732
    y: -0.28134072455247694
    z: -0.5096235097154489
  torque:
    x: -0.013918375161990473
    y: 0.00868267507253443
    z: 0.09843778370391076
---
header:
  stamp:
    sec: 1764334159
    nanosec: 202371004
  frame_id: alice_tool0
wrench:
  force:
    x: -0.08495019818468914
    y: -0.2624880216691071
    z: -0.25080297290041803
  torque:
    x: -0.012041940259090986
    y: 0.01460090466238896
    z: 0.10432776160600334
---
header:
  stamp:
    sec: 1764334159
    nanosec: 206405539
  frame_id: alice_tool0
wrench:
  force:
    x: -0.478595203167718
    y: -0.331696331369545
    z: -0.5117096181996936
  torque:
    x: -0.013407552160407652
    y: 0.023383631023197664
    z: 0.11034780305840299
---
header:
  stamp:
    sec: 1764334159
    nanosec: 210360203
  frame_id: alice_tool0
wrench:
  force:
    x: -0.0552809158601484
    y: -0.06098835663960144
    z: -0.3898285074412725
  torque:
    x: -0.006715420004559953
    y: 0.018252288974740804
    z: 0.12405983098043215
---
header:
  stamp:
    sec: 1764334159
    nanosec: 214366901
  frame_id: alice_tool0
wrench:
  force:
    x: -0.21229256087909926
    y: -0.25823920052140914
    z: -0.428217009801995
  torque:
    x: -0.009253033728323852
    y: 0.01837217797267615
    z: 0.12694371648146527
---
header:
  stamp:
    sec: 1764334159
    nanosec: 218359080
  frame_id: alice_tool0
wrench:
  force:
    x: -0.1526059269310192
    y: -0.044264779756824954
    z: -0.3160588741858654
  torque:
    x: -0.006356415863353472
    y: 0.018650725349103045
    z: 0.13384563082982323
---
header:
  stamp:
    sec: 1764334159
    nanosec: 222329471
  frame_id: alice_tool0
wrench:
  force:
    x: -0.33115332761462535
    y: -0.23821565148810314
    z: -0.36760923944141366
  torque:
    x: -0.010776067080494021
    y: 0.0209514319185212
    z: 0.14269395177567248
---
header:
  stamp:
    sec: 1764334159
    nanosec: 226348756
  frame_id: alice_tool0
wrench:
  force:
    x: -0.11236013066000464
    y: -0.17975131618777274
    z: -0.40778270015610535
  torque:
    x: -0.008793784666208854
    y: 0.017001830952228292
    z: 0.15160854820869477
---
header:
  stamp:
    sec: 1764334159
    nanosec: 230350059
  frame_id: alice_tool0
wrench:
  force:
    x: -0.32800584256722654
    y: -0.08755045146420429
    z: -0.2742817463348681
  torque:
    x: -0.008688213802946002
    y: 0.02494694561029276
    z: 0.1643242213612154
---
header:
  stamp:
    sec: 1764334159
    nanosec: 234355874
  frame_id: alice_tool0
wrench:
  force:
    x: -0.32289405482322553
    y: -0.14778486702029908
    z: -0.08709545943735501
  torque:
    x: -0.008349031772201636
    y: 0.02683337695836558
    z: 0.17052941170097508
---
header:
  stamp:
    sec: 1764334159
    nanosec: 238354383
  frame_id: alice_tool0
wrench:
  force:
    x: -0.33040063142342485
    y: -0.22429882441296892
    z: -0.16454726717345725
  torque:
    x: -0.010465526681476635
    y: 0.024477228036282522
    z: 0.1782403279781608
---
header:
  stamp:
    sec: 1764334159
    nanosec: 242355333
  frame_id: alice_tool0
wrench:
  force:
    x: -0.2888165928045452
    y: -0.2639805390929464
    z: -0.20007609007831242
  torque:
    x: -0.008408252135827696
    y: 0.024541039328085264
    z: 0.18381880617448085
---
header:
  stamp:
    sec: 1764334159
    nanosec: 246336994
  frame_id: alice_tool0
wrench:
  force:
    x: -0.36107535080870373
    y: -0.12154777176794125
    z: -0.32938827516736807
  torque:
    x: -0.006953891950651433
    y: 0.028886920195245663
    z: 0.1919982992418665
---
header:
  stamp:
    sec: 1764334159
    nanosec: 250341868
  frame_id: alice_tool0
wrench:
  force:
    x: -0.18781329001669597
    y: -0.13285010248094956
    z: -0.44314465555601146
  torque:
    x: -0.007153758264836336
    y: 0.024441697081776306
    z: 0.20197537873299684
---
header:
  stamp:
    sec: 1764334159
    nanosec: 254348031
  frame_id: alice_tool0
wrench:
  force:
    x: -0.4676511059932148
    y: -0.03350537151208921
    z: -0.2626371948453085
  torque:
    x: -0.00543980609325174
    y: 0.02967044624810398
    z: 0.20715250957788514
---
header:
  stamp:
    sec: 1764334159
    nanosec: 258347987
  frame_id: alice_tool0
wrench:
  force:
    x: -0.30105477937412983
    y: -0.16371366926738623
    z: -0.39496971388734653
  torque:
    x: -0.008963343514540605
    y: 0.02782178662496812
    z: 0.21722216165263114
---
header:
  stamp:
    sec: 1764334159
    nanosec: 262371706
  frame_id: alice_tool0
wrench:
  force:
    x: -0.1712889664978482
    y: -0.2055934352998483
    z: -0.4658729968246927
  torque:
    x: -0.012643669621185197
    y: 0.027170417062449857
    z: 0.21866503565983314
---
header:
  stamp:
    sec: 1764334159
    nanosec: 266485756
  frame_id: alice_tool0
wrench:
  force:
    x: -0.5103455541066961
    y: -0.049797609123269554
    z: -0.3342930280666337
  torque:
    x: -0.008530028861982359
    y: 0.03128705064261749
    z: 0.22857805252814478
---
header:
  stamp:
    sec: 1764334159
    nanosec: 270369130
  frame_id: alice_tool0
wrench:
  force:
    x: -0.39191324653384546
    y: -0.19804663879362508
    z: -0.12282162861237603
  torque:
    x: -0.01042826355447557
    y: 0.03390016961800446
    z: 0.23424604408760652
---
header:
  stamp:
    sec: 1764334159
    nanosec: 274370268
  frame_id: alice_tool0
wrench:
  force:
    x: -0.4432981055921121
    y: -0.220676084070486
    z: -0.3084422912797206
  torque:
    x: -0.012365054511870983
    y: 0.03768170042247087
    z: 0.23848982860361484
---
header:
  stamp:
    sec: 1764334159
    nanosec: 278345098
  frame_id: alice_tool0
wrench:
  force:
    x: -0.6342986618002305
    y: -0.24643298947357825
    z: -0.13671064215619305
  torque:
    x: -0.00994675983975701
    y: 0.041926496876268884
    z: 0.24741893609996216
---
header:
  stamp:
    sec: 1764334159
    nanosec: 282342501
  frame_id: alice_tool0
wrench:
  force:
    x: -0.6532397730815114
    y: -0.2903550069461801
    z: -0.289183261114112
  torque:
    x: -0.01361314808167182
    y: 0.04192726625958456
    z: 0.2491372776806215
---
header:
  stamp:
    sec: 1764334159
    nanosec: 286488087
  frame_id: alice_tool0
wrench:
  force:
    x: -0.657738607404174
    y: -0.06555480838390931
    z: -0.15430072184657928
  torque:
    x: -0.005185723082935101
    y: 0.04065968200585866
    z: 0.2549594222826276
---
header:
  stamp:
    sec: 1764334159
    nanosec: 290330584
  frame_id: alice_tool0
wrench:
  force:
    x: -0.44328703328530233
    y: -0.2261592621144045
    z: -0.35438184105737675
  torque:
    x: -0.011878121321522238
    y: 0.035712369469271706
    z: 0.2590408827510154
---
header:
  stamp:
    sec: 1764334159
    nanosec: 294486204
  frame_id: alice_tool0
wrench:
  force:
    x: -0.5887522056838305
    y: -0.23157276997443424
    z: -0.3312096927713347
  torque:
    x: -0.011141243011537828
    y: 0.04158042514030334
    z: 0.2532353707733074
---
header:
  stamp:
    sec: 1764334159
    nanosec: 298344685
  frame_id: alice_tool0
wrench:
  force:
    x: -0.5416244436733678
    y: -0.16819638682131538
    z: -0.20104718257664736
  torque:
    x: -0.009153605361343959
    y: 0.039908240272500305
    z: 0.2502048872949543
---
header:
  stamp:
    sec: 1764334159
    nanosec: 302493639
  frame_id: alice_tool0
wrench:
  force:
    x: -0.5199832798527054
    y: -0.11440501984494636
    z: -0.42815340653029726
  torque:
    x: -0.0070387976549687505
    y: 0.039303566777854675
    z: 0.25097369135298375
---
header:
  stamp:
    sec: 1764334159
    nanosec: 306340560
  frame_id: alice_tool0
wrench:
  force:
    x: -0.5692302583881124
    y: -0.2681768581585192
    z: -0.3177883218213338
  torque:
    x: -0.011999107313558275
    y: 0.04007415667928366
    z: 0.2497586272835577
---
header:
  stamp:
    sec: 1764334159
    nanosec: 310353878
  frame_id: alice_tool0
wrench:
  force:
    x: -0.5582874246882598
    y: -0.04044557431795007
    z: -0.3940582981765417
  torque:
    x: -0.004405176869968435
    y: 0.037103607114903764
    z: 0.24881183234116871
---
header:
  stamp:
    sec: 1764334159
    nanosec: 314428344
  frame_id: alice_tool0
wrench:
  force:
    x: -0.4661774149661848
    y: -0.16351946325693975
    z: -0.2632321413231734
  torque:
    x: -0.009930385698548233
    y: 0.03936650902496156
    z: 0.2448869317607075
---
header:
  stamp:
    sec: 1764334159
    nanosec: 318390176
  frame_id: alice_tool0
wrench:
  force:
    x: -0.45069645850186846
    y: -0.31545742720062253
    z: -0.41720070811554455
  torque:
    x: -0.011795300225729754
    y: 0.03615218641786489
    z: 0.2451570607180517
---
header:
  stamp:
    sec: 1764334159
    nanosec: 322468049
  frame_id: alice_tool0
wrench:
  force:
    x: -0.5539267225468862
    y: -0.24632257195030352
    z: -0.3479755863702363
  torque:
    x: -0.011227559463406742
    y: 0.041985848941550274
    z: 0.2500311238310521
---
header:
  stamp:
    sec: 1764334159
    nanosec: 326344362
  frame_id: alice_tool0
wrench:
  force:
    x: -0.484724752110802
    y: -0.16821173102190562
    z: -0.3668184066175
  torque:
    x: -0.010229880913364114
    y: 0.037042125308141646
    z: 0.2434773942422466
---
header:
  stamp:
    sec: 1764334159
    nanosec: 330377453
  frame_id: alice_tool0
wrench:
  force:
    x: -0.418988635150017
    y: -0.2899742136541572
    z: -0.2505416010145894
  torque:
    x: -0.008385441483845926
    y: 0.038534194732860655
    z: 0.24707548931642298
---
header:
  stamp:
    sec: 1764334159
    nanosec: 334347404
  frame_id: alice_tool0
wrench:
  force:
    x: -0.5286547078746784
    y: -0.2614861263421927
    z: -0.3568656297552845
  torque:
    x: -0.012478175453090856
    y: 0.04051879240233962
    z: 0.24333270760043624
---
header:
  stamp:
    sec: 1764334159
    nanosec: 338357086
  frame_id: alice_tool0
wrench:
  force:
    x: -0.4618825992489265
    y: -0.3230915350299598
    z: -0.29757736795535106
  torque:
    x: -0.012171369387197473
    y: 0.038042530594653096
    z: 0.24533957689900915
---
header:
  stamp:
    sec: 1764334159
    nanosec: 342370374
  frame_id: alice_tool0
wrench:
  force:
    x: -0.5838190292592693
    y: -0.22848269724090525
    z: -0.25530504968920553
  torque:
    x: -0.015165318746536904
    y: 0.03644254773469761
    z: 0.24165979372926136
---
header:
  stamp:
    sec: 1764334159
    nanosec: 346353088
  frame_id: alice_tool0
wrench:
  force:
    x: -0.4535004257815587
    y: -0.32454304698633135
    z: -0.150853747954915
  torque:
    x: -0.011904520929911715
    y: 0.04151249907232224
    z: 0.24680820720313018
---
header:
  stamp:
    sec: 1764334159
    nanosec: 350352504
  frame_id: alice_tool0
wrench:
  force:
    x: -0.6351191166176735
    y: -0.29191099661859804
    z: -0.37983112965112276
  torque:
    x: -0.012394869012139834
    y: 0.04146783775702034
    z: 0.24589165938042037
---
header:
  stamp:
    sec: 1764334159
    nanosec: 354363544
  frame_id: alice_tool0
wrench:
  force:
    x: -0.672816409617456
    y: -0.33096956414705075
    z: -0.25741374847853155
  torque:
    x: -0.016175647428317192
    y: 0.03924776977641186
    z: 0.24708583516752092
---
header:
  stamp:
    sec: 1764334159
    nanosec: 358363492
  frame_id: alice_tool0
wrench:
  force:
    x: -0.7186973897693831
    y: -0.15361846752212954
    z: -0.33626078500255835
  torque:
    x: -0.01060392954944672
    y: 0.04383006203927359
    z: 0.24227322815200258
---
header:
  stamp:
    sec: 1764334159
    nanosec: 362352075
  frame_id: alice_tool0
wrench:
  force:
    x: -0.6345768902768014
    y: -0.2554049795273847
    z: -0.15571615200002376
  torque:
    x: -0.01285893659624673
    y: 0.04224890693721145
    z: 0.24032291592998195
---
header:
  stamp:
    sec: 1764334159
    nanosec: 366347456
  frame_id: alice_tool0
wrench:
  force:
    x: -0.5003292614756951
    y: -0.22798287189056043
    z: -0.3787923361868669
  torque:
    x: -0.013120314217213942
    y: 0.03910477228794946
    z: 0.2445946137507775
---
header:
  stamp:
    sec: 1764334159
    nanosec: 370355204
  frame_id: alice_tool0
wrench:
  force:
    x: -0.4915386472371653
    y: -0.11462075868432287
    z: -0.141888727776017
  torque:
    x: -0.01069866417314702
    y: 0.03785806757893256
    z: 0.24462012882080664
---
header:
  stamp:
    sec: 1764334159
    nanosec: 374348517
  frame_id: alice_tool0
wrench:
  force:
    x: -0.5079046072197835
    y: -0.14504793940016886
    z: -0.326940816680044
  torque:
    x: -0.009386884205876809
    y: 0.03811583746353839
    z: 0.24561606510798753
---
header:
  stamp:
    sec: 1764334159
    nanosec: 378354149
  frame_id: alice_tool0
wrench:
  force:
    x: -0.4036315255951355
    y: -0.2955945393344266
    z: -0.2998587472004748
  torque:
    x: -0.012517637591300087
    y: 0.03492370353646097
    z: 0.23916615813544492
---
header:
  stamp:
    sec: 1764334159
    nanosec: 382361843
  frame_id: alice_tool0
wrench:
  force:
    x: -0.6527633549965256
    y: -0.15993635734812725
    z: -0.2017296712207612
  torque:
    x: -0.007263762885370728
    y: 0.042909399434856915
    z: 0.24095552580097898
---
header:
  stamp:
    sec: 1764334159
    nanosec: 386488567
  frame_id: alice_tool0
wrench:
  force:
    x: -0.3940507554233988
    y: -0.28495212072058057
    z: -0.23972116944794522
  torque:
    x: -0.01484330579455887
    y: 0.03199991932240545
    z: 0.24391555020990338
---
header:
  stamp:
    sec: 1764334159
    nanosec: 390473339
  frame_id: alice_tool0
wrench:
  force:
    x: -0.7024107240136265
    y: -0.13724091786821935
    z: -0.28776987816796995
  torque:
    x: -0.008900004039675372
    y: 0.04224243117990101
    z: 0.2403519981697424
---
header:
  stamp:
    sec: 1764334159
    nanosec: 394484916
  frame_id: alice_tool0
wrench:
  force:
    x: -0.8156379013046718
    y: -0.21451402728414765
    z: -0.22216150662325523
  torque:
    x: -0.014149349817095237
    y: 0.04503989781208776
    z: 0.24235301347004312
---
header:
  stamp:
    sec: 1764334159
    nanosec: 398351828
  frame_id: alice_tool0
wrench:
  force:
    x: -0.4501370057126807
    y: -0.26942713737318225
    z: -0.36608877929324657
  torque:
    x: -0.011806513755616168
    y: 0.03727637478822261
    z: 0.24080606424701897
---
header:
  stamp:
    sec: 1764334159
    nanosec: 402349559
  frame_id: alice_tool0
wrench:
  force:
    x: -0.6885115206863214
    y: -0.24706996977166612
    z: -0.35010750407051533
  torque:
    x: -0.011598764242368758
    y: 0.04146347786018827
    z: 0.24133528741240984
---
header:
  stamp:
    sec: 1764334159
    nanosec: 406506664
  frame_id: alice_tool0
wrench:
  force:
    x: -0.5651164999731478
    y: -0.280941937434473
    z: -0.3949295943560237
  torque:
    x: -0.011924890480974788
    y: 0.040992697564415544
    z: 0.2415890036508682
---
header:
  stamp:
    sec: 1764334159
    nanosec: 410346914
  frame_id: alice_tool0
wrench:
  force:
    x: -0.6942885444430523
    y: -0.19438247133371983
    z: -0.3792504253049662
  torque:
    x: -0.013385030235295706
    y: 0.04605475273474388
    z: 0.24105184780598185
---
header:
  stamp:
    sec: 1764334159
    nanosec: 414408356
  frame_id: alice_tool0
wrench:
  force:
    x: -0.6461105118857813
    y: -0.14059565751760528
    z: -0.341313468865679
  torque:
    x: -0.010458639266176807
    y: 0.04185343572126789
    z: 0.24260620715474498
---
header:
  stamp:
    sec: 1764334159
    nanosec: 418349332
  frame_id: alice_tool0
wrench:
  force:
    x: -0.7478163443129998
    y: -0.12876721985723594
    z: -0.4482656642380045
  torque:
    x: -0.00928852755136526
    y: 0.04111075711703176
    z: 0.24130008028691957
---
header:
  stamp:
    sec: 1764334159
    nanosec: 422376183
  frame_id: alice_tool0
wrench:
  force:
    x: -0.40037908792644905
    y: -0.10501183348792387
    z: -0.3733212734150286
  torque:
    x: -0.00968831876167905
    y: 0.03495165109296648
    z: 0.2451136349881109
---
header:
  stamp:
    sec: 1764334159
    nanosec: 426349066
  frame_id: alice_tool0
wrench:
  force:
    x: -0.34224986158808546
    y: -0.13398612971321633
    z: -0.36341066270612915
  torque:
    x: -0.0068161529413578595
    y: 0.03360674371112888
    z: 0.23867729210177654
---
header:
  stamp:
    sec: 1764334159
    nanosec: 430349212
  frame_id: alice_tool0
wrench:
  force:
    x: -0.7228081339877321
    y: -0.22309881590600522
    z: -0.41898117134160384
  torque:
    x: -0.013533962322411656
    y: 0.0403267974238675
    z: 0.2419280320950393
---
header:
  stamp:
    sec: 1764334159
    nanosec: 434350424
  frame_id: alice_tool0
wrench:
  force:
    x: -0.488574231331539
    y: -0.24360907441435437
    z: -0.42415987111933895
  torque:
    x: -0.013149185843162402
    y: 0.03965508914282902
    z: 0.24179550555655555
---
header:
  stamp:
    sec: 1764334159
    nanosec: 438360895
  frame_id: alice_tool0
wrench:
  force:
    x: -0.520595993238082
    y: -0.02245830577527122
    z: -0.4136269032538481
  torque:
    x: -0.005285050136471272
    y: 0.03742961708898547
    z: 0.2419195816510285
---
header:
  stamp:
    sec: 1764334159
    nanosec: 442360687
  frame_id: alice_tool0
wrench:
  force:
    x: -0.5099641820039611
    y: -0.2812575221883546
    z: -0.4187323164322395
  torque:
    x: -0.013425879282226034
    y: 0.03808160055508997
    z: 0.23898467287242992
---
header:
  stamp:
    sec: 1764334159
    nanosec: 446336484
  frame_id: alice_tool0
wrench:
  force:
    x: -0.3990162425407098
    y: -0.29041616384664964
    z: -0.12901343738643356
  torque:
    x: -0.012185551459931577
    y: 0.03748232638409595
    z: 0.2401749905464401
---
header:
  stamp:
    sec: 1764334159
    nanosec: 450338245
  frame_id: alice_tool0
wrench:
  force:
    x: -0.46436037224166615
    y: -0.22490518107763613
    z: -0.1936764130576361
  torque:
    x: -0.010095377360392507
    y: 0.03690758052970854
    z: 0.24425783245192687
---
header:
  stamp:
    sec: 1764334159
    nanosec: 454441939
  frame_id: alice_tool0
wrench:
  force:
    x: -0.49532049806184864
    y: -0.26849244410002643
    z: -0.21674858429343158
  torque:
    x: -0.011933656982510137
    y: 0.0395577870562865
    z: 0.24249895161684104
---
header:
  stamp:
    sec: 1764334159
    nanosec: 458351966
  frame_id: alice_tool0
wrench:
  force:
    x: -0.47087468668992716
    y: -0.3364420239779304
    z: -0.311063886638745
  torque:
    x: -0.01335418534614931
    y: 0.043517005850100265
    z: 0.23903744898119259
---
header:
  stamp:
    sec: 1764334159
    nanosec: 462349616
  frame_id: alice_tool0
wrench:
  force:
    x: -0.4143071474351877
    y: -0.43823073698487824
    z: -0.36466835913391393
  torque:
    x: -0.01572113114706451
    y: 0.03810730379486178
    z: 0.23845154605652194
---
header:
  stamp:
    sec: 1764334159
    nanosec: 466372198
  frame_id: alice_tool0
wrench:
  force:
    x: -0.7071771997958961
    y: -0.19693639943331803
    z: -0.22544764180223958
  torque:
    x: -0.011075778179081067
    y: 0.04271219227867272
    z: 0.24055965484127262
---
header:
  stamp:
    sec: 1764334159
    nanosec: 470356282
  frame_id: alice_tool0
wrench:
  force:
    x: -0.7743789225203055
    y: -0.08131479200557606
    z: -0.2874364285824243
  torque:
    x: -0.0077689920391621255
    y: 0.043696546291496226
    z: 0.24201095388442465
---
header:
  stamp:
    sec: 1764334159
    nanosec: 474367771
  frame_id: alice_tool0
wrench:
  force:
    x: -0.4267489505099243
    y: -0.26055643830611347
    z: -0.20954168120546815
  torque:
    x: -0.008735498853746797
    y: 0.03952300025523157
    z: 0.2416628664088857
---
header:
  stamp:
    sec: 1764334159
    nanosec: 478335738
  frame_id: alice_tool0
wrench:
  force:
    x: -0.5999372004202702
    y: -0.31448890560340004
    z: -0.276076328140831
  torque:
    x: -0.015784099533341582
    y: 0.04174918534841397
    z: 0.2401041696949541
---
header:
  stamp:
    sec: 1764334159
    nanosec: 482413434
  frame_id: alice_tool0
wrench:
  force:
    x: -0.5898396807076802
    y: -0.4046333160685157
    z: -0.2805730412106268
  torque:
    x: -0.015083386458437618
    y: 0.044361550600283434
    z: 0.24030691028343112
---
header:
  stamp:
    sec: 1764334159
    nanosec: 486393546
  frame_id: alice_tool0
wrench:
  force:
    x: -0.632970878590007
    y: -0.22833991139700102
    z: -0.2838005558988291
  torque:
    x: -0.015970845167151637
    y: 0.043810502622486404
    z: 0.24300400324391147
---
header:
  stamp:
    sec: 1764334159
    nanosec: 490360601
  frame_id: alice_tool0
wrench:
  force:
    x: -0.6621694210362101
    y: -0.14497237390701911
    z: -0.27630179412180267
  torque:
    x: -0.007342665834451799
    y: 0.04274691966615963
    z: 0.24140097192107332
---
header:
  stamp:
    sec: 1764334159
    nanosec: 494484747
  frame_id: alice_tool0
wrench:
  force:
    x: -0.6448427795270981
    y: -0.3241707608954353
    z: -0.3743147992439786
  torque:
    x: -0.013073793582576147
    y: 0.04554458605030127
    z: 0.2388119777104984
---
header:
  stamp:
    sec: 1764334159
    nanosec: 498339061
  frame_id: alice_tool0
wrench:
  force:
    x: -0.7666161981380772
    y: -0.34787554777020013
    z: -0.24982853622327442
  torque:
    x: -0.015769166527105815
    y: 0.04395687948454037
    z: 0.2420279637324005
---
header:
  stamp:
    sec: 1764334159
    nanosec: 502496856
  frame_id: alice_tool0
wrench:
  force:
    x: -0.5780258970038905
    y: -0.33774962110217466
    z: -0.2892835144930762
  torque:
    x: -0.01522446956284371
    y: 0.044857041069988134
    z: 0.2364792063126243
---
header:
  stamp:
    sec: 1764334159
    nanosec: 506339882
  frame_id: alice_tool0
wrench:
  force:
    x: -0.5575880956432508
    y: -0.22062240427705898
    z: -0.4442591208677311
  torque:
    x: -0.009260631106503714
    y: 0.04221744133824755
    z: 0.2434707577189897
---
header:
  stamp:
    sec: 1764334159
    nanosec: 510397025
  frame_id: alice_tool0
wrench:
  force:
    x: -0.49251146441279225
    y: -0.3297915232658595
    z: -0.3958957518429256
  torque:
    x: -0.01438241078962153
    y: 0.037395736873159044
    z: 0.23927636223843088
---
header:
  stamp:
    sec: 1764334159
    nanosec: 514378212
  frame_id: alice_tool0
wrench:
  force:
    x: -0.6059934041685437
    y: -0.29962904650473615
    z: -0.4679369829281116
  torque:
    x: -0.01547249684509417
    y: 0.042003984376485184
    z: 0.23847877389830296
---
header:
  stamp:
    sec: 1764334159
    nanosec: 518352227
  frame_id: alice_tool0
wrench:
  force:
    x: -0.418021345481801
    y: -0.37625415359715686
    z: -0.27620739424729324
  torque:
    x: -0.013673777198941854
    y: 0.03756534720425272
    z: 0.2418399475204511
---
header:
  stamp:
    sec: 1764334159
    nanosec: 522452743
  frame_id: alice_tool0
wrench:
  force:
    x: -0.5406679177215789
    y: -0.39682204701284485
    z: -0.27381895315494603
  torque:
    x: -0.016295713429866524
    y: 0.03679923229003261
    z: 0.24096930607113606
---
header:
  stamp:
    sec: 1764334159
    nanosec: 526373086
  frame_id: alice_tool0
wrench:
  force:
    x: -0.4454843185219731
    y: -0.27971128493778596
    z: -0.35286646331454086
  torque:
    x: -0.014250382094911558
    y: 0.03854370651375417
    z: 0.23855114995371296
---
header:
  stamp:
    sec: 1764334159
    nanosec: 530333881
  frame_id: alice_tool0
wrench:
  force:
    x: -0.6785406770107429
    y: -0.09136162248713675
    z: -0.5175129859138994
  torque:
    x: -0.008315206747224099
    y: 0.04347585931465653
    z: 0.2410424682604979
---
header:
  stamp:
    sec: 1764334159
    nanosec: 534480105
  frame_id: alice_tool0
wrench:
  force:
    x: -0.5283466793792106
    y: -0.2804640489773197
    z: -0.307399708561688
  torque:
    x: -0.010524163536438494
    y: 0.03804168046788676
    z: 0.24459519273890828
---
header:
  stamp:
    sec: 1764334159
    nanosec: 538353502
  frame_id: alice_tool0
wrench:
  force:
    x: -0.6163687407315241
    y: -0.2417091112971879
    z: -0.2716580676466974
  torque:
    x: -0.012920690965514466
    y: 0.040670783726306795
    z: 0.24173414525095022
---
header:
  stamp:
    sec: 1764334159
    nanosec: 542356258
  frame_id: alice_tool0
wrench:
  force:
    x: -0.6163639169757539
    y: -0.44583963413266103
    z: -0.29454477350496705
  torque:
    x: -0.01710163207092552
    y: 0.03844764129802645
    z: 0.24022688746252957
---
header:
  stamp:
    sec: 1764334159
    nanosec: 546347261
  frame_id: alice_tool0
wrench:
  force:
    x: -0.6373041147545364
    y: -0.4081421114507084
    z: -0.34322718919033357
  torque:
    x: -0.0176552780351659
    y: 0.04405460341729684
    z: 0.23822895911867709
---
header:
  stamp:
    sec: 1764334159
    nanosec: 550374518
  frame_id: alice_tool0
wrench:
  force:
    x: -0.4879735717766297
    y: -0.07382745336109969
    z: -0.3365665390323806
  torque:
    x: -0.007912368612105581
    y: 0.03817843185999376
    z: 0.2402086790383392
---
header:
  stamp:
    sec: 1764334159
    nanosec: 554357136
  frame_id: alice_tool0
wrench:
  force:
    x: -0.5646175099648405
    y: -0.48953443178126116
    z: -0.39940849527992967
  torque:
    x: -0.02037060566440859
    y: 0.04089905713654271
    z: 0.23557161093163448
---
header:
  stamp:
    sec: 1764334159
    nanosec: 558350695
  frame_id: alice_tool0
wrench:
  force:
    x: -0.49924655020506475
    y: -0.24641459660746823
    z: -0.4540011467048184
  torque:
    x: -0.012946048902107102
    y: 0.0402439592817478
    z: 0.2405363378562679
---
header:
  stamp:
    sec: 1764334159
    nanosec: 562345911
  frame_id: alice_tool0
wrench:
  force:
    x: -0.5341889015280051
    y: -0.23175803364874192
    z: -0.31925752571132504
  torque:
    x: -0.011896158746476076
    y: 0.03877682003913319
    z: 0.23821783939369698
---
header:
  stamp:
    sec: 1764334159
    nanosec: 566341167
  frame_id: alice_tool0
wrench:
  force:
    x: -0.5623587686552106
    y: -0.30320018209268773
    z: -0.33655791627174075
  torque:
    x: -0.017024569750154518
    y: 0.03901421964840021
    z: 0.23963410460886772
---
header:
  stamp:
    sec: 1764334159
    nanosec: 570347180
  frame_id: alice_tool0
wrench:
  force:
    x: -0.42305642856408265
    y: -0.16384179266354856
    z: -0.3591294105763871
  torque:
    x: -0.01158437687664127
    y: 0.038424479513644604
    z: 0.23942578692874777
---
header:
  stamp:
    sec: 1764334159
    nanosec: 574479896
  frame_id: alice_tool0
wrench:
  force:
    x: -0.5094710498944807
    y: -0.33755093549829807
    z: -0.3479373909915435
  torque:
    x: -0.013566365680433734
    y: 0.03928282602611603
    z: 0.23745522110020606
---
header:
  stamp:
    sec: 1764334159
    nanosec: 578350312
  frame_id: alice_tool0
wrench:
  force:
    x: -0.5950645001420192
    y: -0.3271965214804027
    z: -0.3745093291286895
  torque:
    x: -0.01566359255824843
    y: 0.03994315244232675
    z: 0.23621168213731153
---
header:
  stamp:
    sec: 1764334159
    nanosec: 582367505
  frame_id: alice_tool0
wrench:
  force:
    x: -0.6459495571884685
    y: -0.18756829308361478
    z: -0.41970103482044724
  torque:
    x: -0.011321021901783723
    y: 0.04106398945437694
    z: 0.23904436148152325
---
header:
  stamp:
    sec: 1764334159
    nanosec: 586407474
  frame_id: alice_tool0
wrench:
  force:
    x: -0.6147937360680025
    y: -0.2979582297871033
    z: -0.2205403351596014
  torque:
    x: -0.016156068139405344
    y: 0.04199578513427128
    z: 0.23626443930431149
---
header:
  stamp:
    sec: 1764334159
    nanosec: 590370258
  frame_id: alice_tool0
wrench:
  force:
    x: -0.7422407623831684
    y: 0.007063602672233937
    z: -0.316214946531881
  torque:
    x: -0.007105736137572923
    y: 0.04663712247371218
    z: 0.23916903040019913
---
header:
  stamp:
    sec: 1764334159
    nanosec: 594333439
  frame_id: alice_tool0
wrench:
  force:
    x: -0.6268215648465232
    y: -0.17383841695128788
    z: -0.3908108759297429
  torque:
    x: -0.012643358443447175
    y: 0.04179849893287863
    z: 0.2378505897453149
---
header:
  stamp:
    sec: 1764334159
    nanosec: 598363012
  frame_id: alice_tool0
wrench:
  force:
    x: -0.5800064050619231
    y: -0.2165035349098565
    z: -0.38783591056914996
  torque:
    x: -0.014218821082361137
    y: 0.03692458563173422
    z: 0.236608089111897
---
header:
  stamp:
    sec: 1764334159
    nanosec: 602369219
  frame_id: alice_tool0
wrench:
  force:
    x: -0.5493439070086854
    y: -0.273248964367095
    z: -0.39396748953954946
  torque:
    x: -0.012533289783913656
    y: 0.04039165505381887
    z: 0.23743894801678536
---
header:
  stamp:
    sec: 1764334159
    nanosec: 606549506
  frame_id: alice_tool0
wrench:
  force:
    x: -0.7011789848633889
    y: -0.37936213712800493
    z: -0.28140417596553013
  torque:
    x: -0.014453963141456411
    y: 0.04297955921454534
    z: 0.23699191456077778
---
header:
  stamp:
    sec: 1764334159
    nanosec: 610514477
  frame_id: alice_tool0
wrench:
  force:
    x: -0.6216031533754608
    y: -0.21052940737119957
    z: -0.3757637870076192
  torque:
    x: -0.011951981289720527
    y: 0.04468039442263725
    z: 0.23671289115978283
---
header:
  stamp:
    sec: 1764334159
    nanosec: 614553300
  frame_id: alice_tool0
wrench:
  force:
    x: -0.7530833339887464
    y: -0.14123885206548364
    z: -0.25691232657520424
  torque:
    x: -0.00898233548524033
    y: 0.04674905857395404
    z: 0.23575909244534998
---
header:
  stamp:
    sec: 1764334159
    nanosec: 618527025
  frame_id: alice_tool0
wrench:
  force:
    x: -0.6036274351142744
    y: -0.17234764501891234
    z: -0.33560223724695654
  torque:
    x: -0.012419048632870503
    y: 0.038993657695445584
    z: 0.24078162821409507
---
header:
  stamp:
    sec: 1764334159
    nanosec: 646478647
  frame_id: alice_tool0
wrench:
  force:
    x: -0.6194964344551401
    y: -0.20703048734935706
    z: -0.3370767599268858
  torque:
    x: -0.011968013428566484
    y: 0.03902479136833206
    z: 0.2348022589183698
---
header:
  stamp:
    sec: 1764334159
    nanosec: 650497597
  frame_id: alice_tool0
wrench:
  force:
    x: -0.6511199495120626
    y: -0.3230237575877265
    z: -0.31079646324220145
  torque:
    x: -0.016377352973798373
    y: 0.04135115712676008
    z: 0.23518372565477966
---
header:
  stamp:
    sec: 1764334159
    nanosec: 654472015
  frame_id: alice_tool0
wrench:
  force:
    x: -0.6744771073341769
    y: -0.15604839534623863
    z: -0.3777128391330069
  torque:
    x: -0.015184041563203878
    y: 0.03966849509792783
    z: 0.2352840308789231
---
header:
  stamp:
    sec: 1764334159
    nanosec: 658492395
  frame_id: alice_tool0
wrench:
  force:
    x: -0.6314077083808336
    y: -0.32937279992592994
    z: -0.41199004558074376
  torque:
    x: -0.017010849423025925
    y: 0.04103980048505119
    z: 0.23296894066659565
---
header:
  stamp:
    sec: 1764334159
    nanosec: 662436181
  frame_id: alice_tool0
wrench:
  force:
    x: -0.38687346346592577
    y: -0.26374661936787025
    z: -0.23304327119387735
  torque:
    x: -0.01181667054138744
    y: 0.03593895766796367
    z: 0.23045293621754276
---
header:
  stamp:
    sec: 1764334159
    nanosec: 666444113
  frame_id: alice_tool0
wrench:
  force:
    x: -0.506896214582673
    y: -0.20734419621943834
    z: -0.24650246238108026
  torque:
    x: -0.00998709034105616
    y: 0.03696791961461744
    z: 0.23092336402476604
---
header:
  stamp:
    sec: 1764334159
    nanosec: 670402530
  frame_id: alice_tool0
wrench:
  force:
    x: -0.5924333411217945
    y: -0.3127122258369449
    z: -0.11391378894087409
  torque:
    x: -0.015286268394659816
    y: 0.04328117551545195
    z: 0.23095164063687013
---
header:
  stamp:
    sec: 1764334159
    nanosec: 674403398
  frame_id: alice_tool0
wrench:
  force:
    x: -0.3984542792876161
    y: -0.3461227325828173
    z: -0.18234665694353802
  torque:
    x: -0.014763409760034676
    y: 0.03951892618878872
    z: 0.2351922313855912
---
header:
  stamp:
    sec: 1764334159
    nanosec: 678384061
  frame_id: alice_tool0
wrench:
  force:
    x: -0.4131144695327986
    y: -0.2853027868033945
    z: -0.34493628442440744
  torque:
    x: -0.011981846224363667
    y: 0.03957626974374161
    z: 0.23113002021324394
---
header:
  stamp:
    sec: 1764334159
    nanosec: 682358501
  frame_id: alice_tool0
wrench:
  force:
    x: -0.49332767428952756
    y: -0.3555506167507013
    z: -0.34114986644407874
  torque:
    x: -0.01689658632637989
    y: 0.036988206871679044
    z: 0.23234260323860362
---
header:
  stamp:
    sec: 1764334159
    nanosec: 686382014
  frame_id: alice_tool0
wrench:
  force:
    x: -0.5591493957419151
    y: -0.2857846843627617
    z: -0.5161428893317341
  torque:
    x: -0.01413832549801664
    y: 0.03908609937737773
    z: 0.23476610284457283
---
header:
  stamp:
    sec: 1764334159
    nanosec: 690377921
  frame_id: alice_tool0
wrench:
  force:
    x: -0.6398931031835968
    y: -0.3102586554442461
    z: -0.33347364401109725
  torque:
    x: -0.015232942762430595
    y: 0.04126729432852523
    z: 0.22976384095263844
---
header:
  stamp:
    sec: 1764334159
    nanosec: 694349644
  frame_id: alice_tool0
wrench:
  force:
    x: -0.4779208440953697
    y: -0.2929341090301597
    z: -0.33931303321829526
  torque:
    x: -0.014720783729106854
    y: 0.04064367157069682
    z: 0.2296942142470788
---
header:
  stamp:
    sec: 1764334159
    nanosec: 698357376
  frame_id: alice_tool0
wrench:
  force:
    x: -0.5053443931953832
    y: -0.4368027821546385
    z: -0.3143030837056985
  torque:
    x: -0.017332547244014358
    y: 0.039834651462768336
    z: 0.23161506180059105
---
header:
  stamp:
    sec: 1764334159
    nanosec: 702344940
  frame_id: alice_tool0
wrench:
  force:
    x: -0.6182237581480093
    y: -0.22090300551083883
    z: -0.27402395035695143
  torque:
    x: -0.0122269737384567
    y: 0.04095423152391633
    z: 0.23322299868255336
---
header:
  stamp:
    sec: 1764334159
    nanosec: 706346028
  frame_id: alice_tool0
wrench:
  force:
    x: -0.3672755524788255
    y: -0.04039116368860396
    z: -0.44186665228516797
  torque:
    x: -0.008941021771150557
    y: 0.035365638958982204
    z: 0.23180794787888112
---
header:
  stamp:
    sec: 1764334159
    nanosec: 710332120
  frame_id: alice_tool0
wrench:
  force:
    x: -0.5265691881042018
    y: -0.31739074916022086
    z: -0.39421020870688533
  torque:
    x: -0.015528171286587511
    y: 0.038004953843905585
    z: 0.22972087263960558
---
header:
  stamp:
    sec: 1764334159
    nanosec: 714335330
  frame_id: alice_tool0
wrench:
  force:
    x: -0.6512514955468953
    y: -0.3951744807752856
    z: -0.43215591117426067
  torque:
    x: -0.015450403413041328
    y: 0.042685362499000366
    z: 0.22899909351243247
---
header:
  stamp:
    sec: 1764334159
    nanosec: 718348179
  frame_id: alice_tool0
wrench:
  force:
    x: -0.49664002813440183
    y: -0.1899003817857405
    z: -0.5532863575690857
  torque:
    x: -0.01184170845770353
    y: 0.03727834547193744
    z: 0.22900178138916338
---
header:
  stamp:
    sec: 1764334159
    nanosec: 722352792
  frame_id: alice_tool0
wrench:
  force:
    x: -0.35756767415956403
    y: -0.3077970086636771
    z: -0.40575803043697467
  torque:
    x: -0.011988164839315052
    y: 0.034713945142553916
    z: 0.22757006885236933
---
header:
  stamp:
    sec: 1764334159
    nanosec: 726376320
  frame_id: alice_tool0
wrench:
  force:
    x: -0.6015461057111986
    y: -0.3625248186640949
    z: -0.3151986063051305
  torque:
    x: -0.014910473858486527
    y: 0.04044945453169987
    z: 0.222751447560847
---
header:
  stamp:
    sec: 1764334159
    nanosec: 730473036
  frame_id: alice_tool0
wrench:
  force:
    x: -0.3821219421327785
    y: -0.270805313385468
    z: -0.4266145202597089
  torque:
    x: -0.013698548129020686
    y: 0.032236080786629435
    z: 0.22825618589859276
---
header:
  stamp:
    sec: 1764334159
    nanosec: 734376167
  frame_id: alice_tool0
wrench:
  force:
    x: -0.5942002133359532
    y: -0.5155150968582043
    z: -0.41357667008352705
  torque:
    x: -0.01889402855057767
    y: 0.03974660421979005
    z: 0.22202212076461408
---
header:
  stamp:
    sec: 1764334159
    nanosec: 738352927
  frame_id: alice_tool0
wrench:
  force:
    x: -0.45214218026892533
    y: -0.33682628252422275
    z: -0.31813456105942206
  torque:
    x: -0.0159357889584768
    y: 0.0328439499859121
    z: 0.2222687779501349
---
header:
  stamp:
    sec: 1764334159
    nanosec: 742352308
  frame_id: alice_tool0
wrench:
  force:
    x: -0.4410231075863896
    y: -0.2704641025879029
    z: -0.46940054468675074
  torque:
    x: -0.013913244531154383
    y: 0.03338036770168808
    z: 0.21801651947883094
---
header:
  stamp:
    sec: 1764334159
    nanosec: 746332998
  frame_id: alice_tool0
wrench:
  force:
    x: -0.5557064214708252
    y: -0.36298485110612766
    z: -0.4801726986449357
  torque:
    x: -0.013799951780159532
    y: 0.03643438756291669
    z: 0.22029031193681775
---
header:
  stamp:
    sec: 1764334159
    nanosec: 750501434
  frame_id: alice_tool0
wrench:
  force:
    x: -0.40298170118486354
    y: -0.08127140714013323
    z: -0.4121611984187139
  torque:
    x: -0.007771405494153309
    y: 0.036306099037156855
    z: 0.2220248747668141
---
header:
  stamp:
    sec: 1764334159
    nanosec: 754374165
  frame_id: alice_tool0
wrench:
  force:
    x: -0.4884094671250212
    y: -0.2789538174142613
    z: -0.42121655810004566
  torque:
    x: -0.013381216284405608
    y: 0.03344990991914894
    z: 0.21634642498767964
---
header:
  stamp:
    sec: 1764334159
    nanosec: 758385907
  frame_id: alice_tool0
wrench:
  force:
    x: -0.4484481523426451
    y: -0.309748962478129
    z: -0.4264398162782001
  torque:
    x: -0.014958825353954857
    y: 0.03385240630819365
    z: 0.21398291723432442
---
header:
  stamp:
    sec: 1764334159
    nanosec: 762469847
  frame_id: alice_tool0
wrench:
  force:
    x: -0.17543995329809015
    y: -0.3920913683394464
    z: -0.42708410886051795
  torque:
    x: -0.016424647617693435
    y: 0.026000592967594948
    z: 0.21556406653310065
---
header:
  stamp:
    sec: 1764334159
    nanosec: 766351575
  frame_id: alice_tool0
wrench:
  force:
    x: -0.29946048034103434
    y: -0.25422919419505996
    z: -0.41771835983886624
  torque:
    x: -0.013526034229372439
    y: 0.029068308590321706
    z: 0.21234645436424274
---
header:
  stamp:
    sec: 1764334159
    nanosec: 770459615
  frame_id: alice_tool0
wrench:
  force:
    x: -0.3964019277298716
    y: -0.45804311930602515
    z: -0.5460238088126381
  torque:
    x: -0.0161158405446852
    y: 0.031037374778340794
    z: 0.20393986502768754
---
header:
  stamp:
    sec: 1764334159
    nanosec: 774330005
  frame_id: alice_tool0
wrench:
  force:
    x: -0.33049510716979835
    y: -0.2881002853528227
    z: -0.282758372837043
  torque:
    x: -0.011354179282527866
    y: 0.03184297298144379
    z: 0.19843816675513348
---
header:
  stamp:
    sec: 1764334159
    nanosec: 778352569
  frame_id: alice_tool0
wrench:
  force:
    x: -0.19444146925925931
    y: -0.2686726648379581
    z: -0.19986079467542361
  torque:
    x: -0.016199678786560843
    y: 0.02124733326349242
    z: 0.1894807968363644
---
header:
  stamp:
    sec: 1764334159
    nanosec: 782373112
  frame_id: alice_tool0
wrench:
  force:
    x: -0.5248720852253177
    y: -0.16074052157335117
    z: -0.4456241681526607
  torque:
    x: -0.010026721270717073
    y: 0.030552587430558616
    z: 0.17872862126488384
---
header:
  stamp:
    sec: 1764334159
    nanosec: 786372712
  frame_id: alice_tool0
wrench:
  force:
    x: -0.4171600105255878
    y: -0.24060269730711462
    z: -0.37192273025826733
  torque:
    x: -0.01649412156690728
    y: 0.028360281504078433
    z: 0.17050891393314266
---
header:
  stamp:
    sec: 1764334159
    nanosec: 790339989
  frame_id: alice_tool0
wrench:
  force:
    x: -0.3778314746131055
    y: -0.23436344575092966
    z: -0.42285159075878265
  torque:
    x: -0.014712671518437768
    y: 0.0308504808106344
    z: 0.16580129016524522
---
header:
  stamp:
    sec: 1764334159
    nanosec: 794369756
  frame_id: alice_tool0
wrench:
  force:
    x: -0.43699341100891553
    y: -0.38447537408492277
    z: -0.3721780028305757
  torque:
    x: -0.015945687014078645
    y: 0.03062749731385587
    z: 0.1600193265684931
---
header:
  stamp:
    sec: 1764334159
    nanosec: 798380632
  frame_id: alice_tool0
wrench:
  force:
    x: -0.3745718886671292
    y: -0.25896277554568825
    z: -0.493375463450957
  torque:
    x: -0.014131756904802888
    y: 0.028663324405259274
    z: 0.15457963790895946
---
header:
  stamp:
    sec: 1764334159
    nanosec: 802485872
  frame_id: alice_tool0
wrench:
  force:
    x: -0.2960021879470725
    y: -0.4026564596420914
    z: -0.49307829841683953
  torque:
    x: -0.01680442723171683
    y: 0.025922826431531144
    z: 0.14609702848482042
---
header:
  stamp:
    sec: 1764334159
    nanosec: 806371667
  frame_id: alice_tool0
wrench:
  force:
    x: -0.2171395733345685
    y: -0.28981524607448744
    z: -0.4798918210349366
  torque:
    x: -0.013811471990185302
    y: 0.02552534319007327
    z: 0.13946224206309032
---
header:
  stamp:
    sec: 1764334159
    nanosec: 810494383
  frame_id: alice_tool0
wrench:
  force:
    x: -0.41424638181640394
    y: -0.26085489746764656
    z: -0.386950364192017
  torque:
    x: -0.016224024394678783
    y: 0.027013532779433486
    z: 0.12973238228582568
---
header:
  stamp:
    sec: 1764334159
    nanosec: 814329880
  frame_id: alice_tool0
wrench:
  force:
    x: -0.33754004540857224
    y: -0.11639210946809711
    z: -0.3903440948209298
  torque:
    x: -0.008213706661078481
    y: 0.023618662710206243
    z: 0.1214937250468329
---
header:
  stamp:
    sec: 1764334159
    nanosec: 818352642
  frame_id: alice_tool0
wrench:
  force:
    x: -0.4708277048215145
    y: -0.19384688135304162
    z: -0.44295445790518734
  torque:
    x: -0.010636729159167241
    y: 0.03167129591095625
    z: 0.11091783072749327
---
header:
  stamp:
    sec: 1764334159
    nanosec: 822342787
  frame_id: alice_tool0
wrench:
  force:
    x: -0.12876049611194568
    y: -0.1011446985637263
    z: -0.43763741623393526
  torque:
    x: -0.008967655641147727
    y: 0.019476707043157623
    z: 0.10561256672508026
---
header:
  stamp:
    sec: 1764334159
    nanosec: 826354606
  frame_id: alice_tool0
wrench:
  force:
    x: -0.12738332762924007
    y: -0.323880502464555
    z: -0.6144741965041819
  torque:
    x: -0.014797333431396735
    y: 0.019999872321045165
    z: 0.09626585072345532
---
header:
  stamp:
    sec: 1764334159
    nanosec: 830346849
  frame_id: alice_tool0
wrench:
  force:
    x: -0.252034416061155
    y: -0.28872513735592803
    z: -0.33704271545368625
  torque:
    x: -0.014784022739174648
    y: 0.022288647913819234
    z: 0.0895609663472523
---
header:
  stamp:
    sec: 1764334159
    nanosec: 834346150
  frame_id: alice_tool0
wrench:
  force:
    x: -0.2587926208385453
    y: -0.2935959828123592
    z: -0.42599732964818293
  torque:
    x: -0.01909568636106413
    y: 0.022430056080340804
    z: 0.08196586179485947
---
header:
  stamp:
    sec: 1764334159
    nanosec: 838358283
  frame_id: alice_tool0
wrench:
  force:
    x: -0.13696276751473838
    y: -0.1523066168596331
    z: -0.4478105325541089
  torque:
    x: -0.010200368846024946
    y: 0.01937483710180792
    z: 0.07424165693374732
---
header:
  stamp:
    sec: 1764334159
    nanosec: 842333575
  frame_id: alice_tool0
wrench:
  force:
    x: -0.1407521593720756
    y: -0.3603186145839103
    z: -0.3963826082760397
  torque:
    x: -0.01820344817170079
    y: 0.019042348592651498
    z: 0.06212689760303629
---
header:
  stamp:
    sec: 1764334159
    nanosec: 846372558
  frame_id: alice_tool0
wrench:
  force:
    x: -0.10541982618332785
    y: -0.3707991612218102
    z: -0.4147957174670513
  torque:
    x: -0.018109799820432794
    y: 0.018578250528913542
    z: 0.05655996639836224
---
header:
  stamp:
    sec: 1764334159
    nanosec: 850339321
  frame_id: alice_tool0
wrench:
  force:
    x: -0.16005188452766778
    y: -0.2778984368868521
    z: -0.5292823086541757
  torque:
    x: -0.017648306010291808
    y: 0.020029445981051656
    z: 0.051722791861955865
---
header:
  stamp:
    sec: 1764334159
    nanosec: 854340929
  frame_id: alice_tool0
wrench:
  force:
    x: -0.2522361206575256
    y: -0.29634926795802496
    z: -0.39576875748124424
  torque:
    x: -0.01386522138454587
    y: 0.018635352285506696
    z: 0.04245102500585096
---
header:
  stamp:
    sec: 1764334159
    nanosec: 858363233
  frame_id: alice_tool0
wrench:
  force:
    x: -0.2063709075691715
    y: -0.2941521362879333
    z: -0.513716168932021
  torque:
    x: -0.017747367110138197
    y: 0.01870349259631945
    z: 0.03357045448381675
---
header:
  stamp:
    sec: 1764334159
    nanosec: 862493047
  frame_id: alice_tool0
wrench:
  force:
    x: -0.18002548417001746
    y: -0.3612997755244398
    z: -0.532359836273101
  torque:
    x: -0.01506702791581861
    y: 0.01631011888774951
    z: 0.02921944436003501
---
header:
  stamp:
    sec: 1764334159
    nanosec: 866500964
  frame_id: alice_tool0
wrench:
  force:
    x: -0.15189483438396012
    y: -0.32617540091131686
    z: -0.45510586764338196
  torque:
    x: -0.020361287423062757
    y: 0.013290934357152697
    z: 0.020324966745436397
---
header:
  stamp:
    sec: 1764334159
    nanosec: 870484318
  frame_id: alice_tool0
wrench:
  force:
    x: -0.2729106656648486
    y: -0.24496358176079147
    z: -0.3389283185777654
  torque:
    x: -0.013549871370467018
    y: 0.015737609492088488
    z: 0.011624599562959699
---
header:
  stamp:
    sec: 1764334159
    nanosec: 874457751
  frame_id: alice_tool0
wrench:
  force:
    x: 0.06438048874850183
    y: -0.39964887760877543
    z: -0.3832795907708661
  torque:
    x: -0.020353115230669544
    y: 0.006679672687928091
    z: 0.005252547496017723
---
header:
  stamp:
    sec: 1764334159
    nanosec: 878347706
  frame_id: alice_tool0
wrench:
  force:
    x: -0.03746278610581946
    y: -0.19177565767187044
    z: -0.4051886077817341
  torque:
    x: -0.012702361999429668
    y: 0.009434329605349706
    z: -0.00328240366554458
---
header:
  stamp:
    sec: 1764334159
    nanosec: 882348789
  frame_id: alice_tool0
wrench:
  force:
    x: -0.08853307076933695
    y: -0.297863589361413
    z: -0.20683329804037895
  torque:
    x: -0.017541161579039437
    y: 0.010578846295135612
    z: -0.008440099336023838
---
header:
  stamp:
    sec: 1764334159
    nanosec: 886382814
  frame_id: alice_tool0
wrench:
  force:
    x: -0.00588758677448685
    y: -0.26704224001276333
    z: -0.5943588929826188
  torque:
    x: -0.01446607424803632
    y: 0.006998107310616069
    z: -0.01437746584886753
---
header:
  stamp:
    sec: 1764334159
    nanosec: 890421674
  frame_id: alice_tool0
wrench:
  force:
    x: -0.006267030374697474
    y: -0.17899164467092832
    z: -0.4517117539909021
  torque:
    x: -0.011310111802964925
    y: 0.00783019152687231
    z: -0.022332853527045626
---
header:
  stamp:
    sec: 1764334159
    nanosec: 894578507
  frame_id: alice_tool0
wrench:
  force:
    x: 0.11535419456042367
    y: -0.19630173234597773
    z: -0.422910538485177
  torque:
    x: -0.013119810711143202
    y: 0.0006785239771506663
    z: -0.02761187676405181
---
header:
  stamp:
    sec: 1764334159
    nanosec: 898496747
  frame_id: alice_tool0
wrench:
  force:
    x: 0.10708051771108296
    y: -0.3976737709710402
    z: -0.43150375470440944
  torque:
    x: -0.0188136545418372
    y: 0.0017205352707776516
    z: -0.0321142077307639
---
header:
  stamp:
    sec: 1764334159
    nanosec: 902553894
  frame_id: alice_tool0
wrench:
  force:
    x: 0.009170031425173506
    y: -0.08706811054384289
    z: -0.28085939979453306
  torque:
    x: -0.009194529919809825
    y: 0.006124531319820761
    z: -0.0294470549958354
---
header:
  stamp:
    sec: 1764334159
    nanosec: 906521896
  frame_id: alice_tool0
wrench:
  force:
    x: -0.185028923044272
    y: -0.3136839301256496
    z: -0.31084587391013896
  torque:
    x: -0.01771739573034042
    y: 0.0074390328651039485
    z: -0.02743834187277778
---
header:
  stamp:
    sec: 1764334159
    nanosec: 910517163
  frame_id: alice_tool0
wrench:
  force:
    x: -0.08695439170812419
    y: -0.05044796105902843
    z: -0.5333941908531414
  torque:
    x: -0.010052280930207234
    y: 0.007806493148478165
    z: -0.022663627515431245
---
header:
  stamp:
    sec: 1764334159
    nanosec: 914495894
  frame_id: alice_tool0
wrench:
  force:
    x: -0.005244780675854918
    y: -0.22709057058255055
    z: -0.45045174831691975
  torque:
    x: -0.014097554869293568
    y: -0.00026381731756709454
    z: -0.022618008139035896
---
header:
  stamp:
    sec: 1764334159
    nanosec: 922513106
  frame_id: alice_tool0
wrench:
  force:
    x: -0.09468426561013041
    y: -0.09703251579228553
    z: -0.3996744493114552
  torque:
    x: -0.011051459214024176
    y: 0.007108534638222544
    z: -0.02134146014698504
---
header:
  stamp:
    sec: 1764334159
    nanosec: 930489581
  frame_id: alice_tool0
wrench:
  force:
    x: 0.06750339653095704
    y: -0.33445479803634176
    z: -0.2278432874317381
  torque:
    x: -0.019183875707203736
    y: 0.00581224936942629
    z: -0.019954639074155917
---
header:
  stamp:
    sec: 1764334159
    nanosec: 934502242
  frame_id: alice_tool0
wrench:
  force:
    x: 0.12314822022996877
    y: -0.3586861751236645
    z: -0.548334528666458
  torque:
    x: -0.017554164732282
    y: 0.002721265568608588
    z: -0.013810849678759264
---
header:
  stamp:
    sec: 1764334159
    nanosec: 938514356
  frame_id: alice_tool0
wrench:
  force:
    x: -0.061719430302603503
    y: -0.21991651424047742
    z: -0.4229373078243013
  torque:
    x: -0.015824382138195096
    y: 0.009152892626338165
    z: -0.018908090721166785
---
header:
  stamp:
    sec: 1764334159
    nanosec: 942524348
  frame_id: alice_tool0
wrench:
  force:
    x: -0.061990177610612276
    y: -0.22694313680137035
    z: -0.43493641179145076
  torque:
    x: -0.012940149113941007
    y: 0.008521847448694216
    z: -0.01452762269711513
---
header:
  stamp:
    sec: 1764334159
    nanosec: 946519508
  frame_id: alice_tool0
wrench:
  force:
    x: 0.1198224038286066
    y: -0.23779222200086575
    z: -0.4282054383545205
  torque:
    x: -0.015224105279168102
    y: 0.003987870499975125
    z: -0.01546539738125845
---
header:
  stamp:
    sec: 1764334159
    nanosec: 950430918
  frame_id: alice_tool0
wrench:
  force:
    x: -0.004549740453945544
    y: -0.31252716686866616
    z: -0.4577501750728215
  torque:
    x: -0.016657327171466292
    y: 0.005817596284039723
    z: -0.01810379043073597
---
header:
  stamp:
    sec: 1764334159
    nanosec: 954432843
  frame_id: alice_tool0
wrench:
  force:
    x: 0.08801272660363892
    y: -0.26106070230578315
    z: -0.45182301527179375
  torque:
    x: -0.01428098127282285
    y: 0.0030110329140017374
    z: -0.014234841654594708
---
header:
  stamp:
    sec: 1764334159
    nanosec: 958394449
  frame_id: alice_tool0
wrench:
  force:
    x: -0.025283368863909056
    y: -0.14789574400916206
    z: -0.2684314628074888
  torque:
    x: -0.01115922662567997
    y: 0.003921034240658761
    z: -0.011902110685632865
---
header:
  stamp:
    sec: 1764334159
    nanosec: 962396716
  frame_id: alice_tool0
wrench:
  force:
    x: 0.12288455009068741
    y: -0.19634542859291115
    z: -0.3188512038419415
  torque:
    x: -0.016284946856904355
    y: 0.002765521059641704
    z: -0.014410368896491096
---
header:
  stamp:
    sec: 1764334159
    nanosec: 966386383
  frame_id: alice_tool0
wrench:
  force:
    x: -0.04552125421948762
    y: -0.1764825042844574
    z: -0.4314192484217644
  torque:
    x: -0.011074082998083747
    y: 0.009344651229729108
    z: -0.014984897097448291
---
header:
  stamp:
    sec: 1764334159
    nanosec: 970377917
  frame_id: alice_tool0
wrench:
  force:
    x: -0.004059414008179746
    y: -0.37787642619213896
    z: -0.3716273798342825
  torque:
    x: -0.015765244488272635
    y: 0.004418674481669044
    z: -0.01193033188826299
---
header:
  stamp:
    sec: 1764334159
    nanosec: 974388815
  frame_id: alice_tool0
wrench:
  force:
    x: -0.00018752357221638039
    y: -0.29053769705091625
    z: -0.3718928199809292
  torque:
    x: -0.01686572880543643
    y: 0.0029254676478986594
    z: -0.011044343325250536
---
header:
  stamp:
    sec: 1764334159
    nanosec: 978373443
  frame_id: alice_tool0
wrench:
  force:
    x: 0.05430145953784876
    y: -0.26641265446443557
    z: -0.39156694831549
  torque:
    x: -0.015151743372622886
    y: 0.0025986820131046386
    z: -0.014509351630996654
---
header:
  stamp:
    sec: 1764334159
    nanosec: 982365683
  frame_id: alice_tool0
wrench:
  force:
    x: 0.1897453074060361
    y: -0.1709423433810181
    z: -0.2902331780230453
  torque:
    x: -0.013403723317265592
    y: -0.0001257002445214355
    z: -0.010920720028584045
---
header:
  stamp:
    sec: 1764334159
    nanosec: 986355088
  frame_id: alice_tool0
wrench:
  force:
    x: -0.04650647650920728
    y: -0.19701843346764314
    z: -0.45191709738216645
  torque:
    x: -0.013545409939132443
    y: 0.004787960198646901
    z: -0.012033735103195884
---
header:
  stamp:
    sec: 1764334159
    nanosec: 990358246
  frame_id: alice_tool0
wrench:
  force:
    x: -0.08728426759770413
    y: -0.22494103234450682
    z: -0.3925275108183832
  torque:
    x: -0.011301874468786742
    y: 0.00976647966612306
    z: -0.018099814263191065
---
header:
  stamp:
    sec: 1764334159
    nanosec: 994470903
  frame_id: alice_tool0
wrench:
  force:
    x: 0.042172514676730916
    y: -0.22830857451140968
    z: -0.45427981442874726
  torque:
    x: -0.012595134420972872
    y: 0.006206826293658644
    z: -0.014961597805811282
---
header:
  stamp:
    sec: 1764334159
    nanosec: 998357856
  frame_id: alice_tool0
wrench:
  force:
    x: 0.11156943763495891
    y: -0.19028902735028405
    z: -0.3543722865305059
  torque:
    x: -0.011720231348868399
    y: 0.0016378539828479513
    z: -0.015269739865235034
---
header:
  stamp:
    sec: 1764334160
    nanosec: 2387570
  frame_id: alice_tool0
wrench:
  force:
    x: -0.02443279182155532
    y: -0.29438706526470726
    z: -0.42675244884199826
  torque:
    x: -0.0136249770344965
    y: 0.008503133549064328
    z: -0.01712517030870592
---
header:
  stamp:
    sec: 1764334160
    nanosec: 6342554
  frame_id: alice_tool0
wrench:
  force:
    x: 0.03691485387255583
    y: -0.43809952345405845
    z: -0.31679463426254184
  torque:
    x: -0.018912144834671463
    y: 0.0037927455499343066
    z: -0.01838676089518314
---
header:
  stamp:
    sec: 1764334160
    nanosec: 10355264
  frame_id: alice_tool0
wrench:
  force:
    x: 0.05264323432388002
    y: -0.23043706358868027
    z: -0.4184618736563896
  torque:
    x: -0.01620706107473256
    y: 0.003409581296623567
    z: -0.015669220348343817
---
header:
  stamp:
    sec: 1764334160
    nanosec: 14506944
  frame_id: alice_tool0
wrench:
  force:
    x: -0.13597696652326277
    y: -0.29246851382280664
    z: -0.5367106226558092
  torque:
    x: -0.013188868997137183
    y: 0.0036866942444788112
    z: -0.015615425655021319
---
header:
  stamp:
    sec: 1764334160
    nanosec: 18356357
  frame_id: alice_tool0
wrench:
  force:
    x: 0.15103263760147315
    y: -0.10648196743882202
    z: -0.5617554609784656
  torque:
    x: -0.00902449081343519
    y: 0.0015663284592069304
    z: -0.01066099802877896
---
header:
  stamp:
    sec: 1764334160
    nanosec: 22353268
  frame_id: alice_tool0
wrench:
  force:
    x: -0.11698467910387514
    y: -0.21811059054889748
    z: -0.5342459307197571
  torque:
    x: -0.0124782717916185
    y: 0.009546307636653756
    z: -0.014236079733249453
---
header:
  stamp:
    sec: 1764334160
    nanosec: 26353118
  frame_id: alice_tool0
wrench:
  force:
    x: 0.19210320046633655
    y: -0.16920551863296718
    z: -0.5963738721399154
  torque:
    x: -0.010676637156597842
    y: 0.00039849487217511435
    z: -0.012324467420206719
---
header:
  stamp:
    sec: 1764334160
    nanosec: 30357807
  frame_id: alice_tool0
wrench:
  force:
    x: -0.1075561327086762
    y: -0.17410248190291377
    z: -0.3282241932357914
  torque:
    x: -0.010684089436945661
    y: 0.0064515686018460595
    z: -0.011277228361946149
---
header:
  stamp:
    sec: 1764334160
    nanosec: 202333762
  frame_id: alice_tool0
wrench:
  force:
    x: 0.0539798648516191
    y: -0.1619128800783022
    z: -0.576002159985866
  torque:
    x: -0.010617120497233153
    y: 0.002347078207735563
    z: -0.0043591562724797925
---
header:
  stamp:
    sec: 1764334160
    nanosec: 350343853
  frame_id: alice_tool0
wrench:
  force:
    x: -0.1557460766903377
    y: -0.10854988957818254
    z: -0.47181931029329843
  torque:
    x: -0.009657570038700705
    y: 0.010160708584928381
    z: 0.007415479818422635
---
header:
  stamp:
    sec: 1764334160
    nanosec: 354486984
  frame_id: alice_tool0
wrench:
  force:
    x: -0.043253533311504846
    y: -0.19145020471573743
    z: -0.38115304029568714
  torque:
    x: -0.014436571564420334
    y: 0.009238813862778597
    z: 0.008881651931018954
---
header:
  stamp:
    sec: 1764334160
    nanosec: 358353390
  frame_id: alice_tool0
wrench:
  force:
    x: -0.058679529197060876
    y: -0.23141190413745588
    z: -0.664941548906632
  torque:
    x: -0.014425401035504373
    y: 0.008114028887914296
    z: 0.010910079174113737
---
header:
  stamp:
    sec: 1764334160
    nanosec: 362334015
  frame_id: alice_tool0
wrench:
  force:
    x: -0.12923278555498724
    y: -0.3301798840381527
    z: -0.4921505394113389
  torque:
    x: -0.014206301968257498
    y: 0.008269002797033631
    z: 0.0032420229365216543
---
header:
  stamp:
    sec: 1764334160
    nanosec: 366356280
  frame_id: alice_tool0
wrench:
  force:
    x: -0.15419617126068713
    y: -0.2462068309093073
    z: -0.46247309942041454
  torque:
    x: -0.01579236307902977
    y: 0.006750472714423633
    z: 0.008259910300193534
---
header:
  stamp:
    sec: 1764334160
    nanosec: 370332757
  frame_id: alice_tool0
wrench:
  force:
    x: -0.09464133492213123
    y: -0.3103727306683539
    z: -0.5157630585124394
  torque:
    x: -0.01679759443599746
    y: 0.006536090213884594
    z: 0.009287840364194775
---
header:
  stamp:
    sec: 1764334160
    nanosec: 374356064
  frame_id: alice_tool0
wrench:
  force:
    x: -0.22784312802098888
    y: -0.21102543196436227
    z: -0.5873820657215632
  torque:
    x: -0.012548151536356623
    y: 0.011836477620525677
    z: 0.013663474021682227
---
header:
  stamp:
    sec: 1764334160
    nanosec: 378357510
  frame_id: alice_tool0
wrench:
  force:
    x: -0.2110193640801164
    y: -0.10407901161949626
    z: -0.6685654945177743
  torque:
    x: -0.008203661168258847
    y: 0.011418984765994487
    z: 0.010570580515629579
---
header:
  stamp:
    sec: 1764334160
    nanosec: 382345552
  frame_id: alice_tool0
wrench:
  force:
    x: -0.16888366974341731
    y: -0.3967819254011149
    z: -0.6318234456278421
  torque:
    x: -0.016425489513500327
    y: 0.012757259837158506
    z: 0.013091146132047446
---
header:
  stamp:
    sec: 1764334160
    nanosec: 386339162
  frame_id: alice_tool0
wrench:
  force:
    x: -0.21163403952607604
    y: -0.18151720763494095
    z: -0.5447656495203121
  torque:
    x: -0.014520268893163157
    y: 0.011194194608620154
    z: 0.01492747308453091
---
header:
  stamp:
    sec: 1764334160
    nanosec: 390361608
  frame_id: alice_tool0
wrench:
  force:
    x: -0.16649556147722563
    y: -0.22689019865218876
    z: -0.4644775647754401
  torque:
    x: -0.012117217746878876
    y: 0.009528792702088656
    z: 0.017942348167266857
---
header:
  stamp:
    sec: 1764334160
    nanosec: 394330777
  frame_id: alice_tool0
wrench:
  force:
    x: -0.01841686530180453
    y: -0.30783885913841136
    z: -0.4103171136025829
  torque:
    x: -0.017471160444449813
    y: 0.006623954745211456
    z: 0.024757478579989976
---
header:
  stamp:
    sec: 1764334160
    nanosec: 398358159
  frame_id: alice_tool0
wrench:
  force:
    x: -0.1676128683120211
    y: -0.2456045772951
    z: -0.5244394030975374
  torque:
    x: -0.01400787413848386
    y: 0.01238890567816188
    z: 0.03597252138756275
---
header:
  stamp:
    sec: 1764334160
    nanosec: 402463387
  frame_id: alice_tool0
wrench:
  force:
    x: -0.22058551605991666
    y: -0.20235304463373405
    z: -0.5504960885261447
  torque:
    x: -0.011275482488920836
    y: 0.016202027014788165
    z: 0.045872066905289506
---
header:
  stamp:
    sec: 1764334160
    nanosec: 406345128
  frame_id: alice_tool0
wrench:
  force:
    x: -0.05999452524572936
    y: -0.13583182127344584
    z: -0.648483017342685
  torque:
    x: -0.009457203538417093
    y: 0.01302590666461464
    z: 0.060600920535997
---
header:
  stamp:
    sec: 1764334160
    nanosec: 410347224
  frame_id: alice_tool0
wrench:
  force:
    x: -0.04886125571047546
    y: -0.21443889535484173
    z: -0.38288325954060315
  torque:
    x: -0.014620379356967476
    y: 0.011318417511528421
    z: 0.0662715302898876
---
header:
  stamp:
    sec: 1764334160
    nanosec: 414369517
  frame_id: alice_tool0
wrench:
  force:
    x: 0.01900359195863694
    y: -0.15847553041741722
    z: -0.3825995151449255
  torque:
    x: -0.010131612056532976
    y: 0.011499680822835166
    z: 0.07509213318972884
---
header:
  stamp:
    sec: 1764334160
    nanosec: 418355566
  frame_id: alice_tool0
wrench:
  force:
    x: -0.1442378145702793
    y: -0.2292435376009666
    z: -0.3257719674972641
  torque:
    x: -0.012919137683143593
    y: 0.015485331108703145
    z: 0.07647224099628185
---
header:
  stamp:
    sec: 1764334160
    nanosec: 422482050
  frame_id: alice_tool0
wrench:
  force:
    x: -0.051088580288479055
    y: -0.18906060909691347
    z: -0.3721760337146816
  torque:
    x: -0.011227924432853859
    y: 0.01347917836008622
    z: 0.08407389488149643
---
header:
  stamp:
    sec: 1764334160
    nanosec: 426350558
  frame_id: alice_tool0
wrench:
  force:
    x: -0.08157872712185503
    y: -0.18126466793402088
    z: -0.44304674031904384
  torque:
    x: -0.0126722600429577
    y: 0.015753242903425974
    z: 0.09003114706531958
---
header:
  stamp:
    sec: 1764334160
    nanosec: 430356831
  frame_id: alice_tool0
wrench:
  force:
    x: -0.47940764679227044
    y: -0.22061612552146778
    z: -0.625016999943445
  torque:
    x: -0.013683624516308633
    y: 0.02150773582679645
    z: 0.09443867603832284
---
header:
  stamp:
    sec: 1764334160
    nanosec: 434351900
  frame_id: alice_tool0
wrench:
  force:
    x: -0.2288351389670369
    y: -0.28371460572071117
    z: -0.5214507774649068
  torque:
    x: -0.016787111501235755
    y: 0.018844363179293402
    z: 0.10859317404718717
---
header:
  stamp:
    sec: 1764334160
    nanosec: 438350578
  frame_id: alice_tool0
wrench:
  force:
    x: -0.40194169003989966
    y: -0.3510360313289713
    z: -0.5490913909526416
  torque:
    x: -0.015180389974384033
    y: 0.023126088618798085
    z: 0.11428449217262922
---
header:
  stamp:
    sec: 1764334160
    nanosec: 442337390
  frame_id: alice_tool0
wrench:
  force:
    x: -0.32980099959935405
    y: -0.18055943862383853
    z: -0.6003272836077979
  torque:
    x: -0.008657781364018952
    y: 0.019236160018290056
    z: 0.12379940470373911
---
header:
  stamp:
    sec: 1764334160
    nanosec: 446329828
  frame_id: alice_tool0
wrench:
  force:
    x: -0.2664266906841416
    y: -0.14586929499163218
    z: -0.5965717001196196
  torque:
    x: -0.009954465171893197
    y: 0.02016039552978804
    z: 0.13528406641188076
---
header:
  stamp:
    sec: 1764334160
    nanosec: 450333036
  frame_id: alice_tool0
wrench:
  force:
    x: -0.5208927355000301
    y: -0.2676309350597455
    z: -0.5633497140501511
  torque:
    x: -0.010147618641902766
    y: 0.025824367596854372
    z: 0.14277034733067506
---
header:
  stamp:
    sec: 1764334160
    nanosec: 454341225
  frame_id: alice_tool0
wrench:
  force:
    x: -0.13844404343820654
    y: -0.28267942641216315
    z: -0.4932575011415041
  torque:
    x: -0.013143512914670311
    y: 0.017902014751255982
    z: 0.1516127181078633
---
header:
  stamp:
    sec: 1764334160
    nanosec: 458352230
  frame_id: alice_tool0
wrench:
  force:
    x: -0.19400508991582405
    y: -0.16304204020696583
    z: -0.5965032189313121
  torque:
    x: -0.01211077278720908
    y: 0.02029496208985712
    z: 0.15765756159589675
---
header:
  stamp:
    sec: 1764334160
    nanosec: 462333438
  frame_id: alice_tool0
wrench:
  force:
    x: -0.45736719205588805
    y: -0.2225497149758938
    z: -0.41139053649948765
  torque:
    x: -0.011577819477270778
    y: 0.028657391845854228
    z: 0.1645991678648291
---
header:
  stamp:
    sec: 1764334160
    nanosec: 466372825
  frame_id: alice_tool0
wrench:
  force:
    x: -0.5414007948373221
    y: -0.15554158568607912
    z: -0.5596854358530651
  torque:
    x: -0.011220185522741156
    y: 0.030011715043910654
    z: 0.1717805500128456
---
header:
  stamp:
    sec: 1764334160
    nanosec: 470334581
  frame_id: alice_tool0
wrench:
  force:
    x: -0.5002890884857671
    y: -0.22837158774255395
    z: -0.4405967093324324
  torque:
    x: -0.011147851749725822
    y: 0.027129179037608434
    z: 0.18139119241381182
---
header:
  stamp:
    sec: 1764334160
    nanosec: 474331331
  frame_id: alice_tool0
wrench:
  force:
    x: -0.4102463293307146
    y: -0.25115318886179916
    z: -0.478481705237186
  torque:
    x: -0.01055396174292552
    y: 0.02869227506425511
    z: 0.18613171792620414
---
header:
  stamp:
    sec: 1764334160
    nanosec: 478352853
  frame_id: alice_tool0
wrench:
  force:
    x: -0.41201311756477216
    y: -0.375566648248163
    z: -0.3068587794797117
  torque:
    x: -0.014944710527133084
    y: 0.02770612310579178
    z: 0.19995663653868967
---
header:
  stamp:
    sec: 1764334160
    nanosec: 482358727
  frame_id: alice_tool0
wrench:
  force:
    x: -0.3446160743175973
    y: -0.24554084695033432
    z: -0.45936710669745257
  torque:
    x: -0.012020098389122309
    y: 0.031242048099488218
    z: 0.20810740466004043
---
header:
  stamp:
    sec: 1764334160
    nanosec: 486365610
  frame_id: alice_tool0
wrench:
  force:
    x: -0.4611827790533356
    y: -0.23128345383883464
    z: -0.3409702313931752
  torque:
    x: -0.012918174033619993
    y: 0.03263471789259703
    z: 0.2127516184288033
---
header:
  stamp:
    sec: 1764334160
    nanosec: 490365730
  frame_id: alice_tool0
wrench:
  force:
    x: -0.5412202510445467
    y: -0.22208049298129276
    z: -0.3677538917429811
  torque:
    x: -0.01054831055959456
    y: 0.03667167706924941
    z: 0.22352357343213491
---
header:
  stamp:
    sec: 1764334160
    nanosec: 494351360
  frame_id: alice_tool0
wrench:
  force:
    x: -0.5260031233562298
    y: -0.2831302418710119
    z: -0.23665213180242028
  torque:
    x: -0.013520186408962681
    y: 0.03616464888218556
    z: 0.23013701415177482
---
header:
  stamp:
    sec: 1764334160
    nanosec: 498337362
  frame_id: alice_tool0
wrench:
  force:
    x: -0.6098722305391223
    y: -0.2280192378412484
    z: -0.276752988032394
  torque:
    x: -0.012146200532498609
    y: 0.037131008675620705
    z: 0.2377491186957588
---
header:
  stamp:
    sec: 1764334160
    nanosec: 502359596
  frame_id: alice_tool0
wrench:
  force:
    x: -0.5627502206656555
    y: -0.1050903120684683
    z: -0.2773208377102735
  torque:
    x: -0.00968031680636455
    y: 0.038938157161935466
    z: 0.24588627941203897
---
header:
  stamp:
    sec: 1764334160
    nanosec: 506356446
  frame_id: alice_tool0
wrench:
  force:
    x: -0.5902016564317801
    y: -0.2559762515055532
    z: -0.3098895467855828
  torque:
    x: -0.014564894181504553
    y: 0.04161916094763497
    z: 0.2517175041320594
---
header:
  stamp:
    sec: 1764334160
    nanosec: 510351711
  frame_id: alice_tool0
wrench:
  force:
    x: -0.6862090644549736
    y: -0.20862159618292275
    z: -0.48651175243651323
  torque:
    x: -0.01410439010377918
    y: 0.0435645308842481
    z: 0.25056097531852245
---
header:
  stamp:
    sec: 1764334160
    nanosec: 514357107
  frame_id: alice_tool0
wrench:
  force:
    x: -0.5967891602735133
    y: -0.40059781172427283
    z: -0.42930439385369823
  torque:
    x: -0.018656179863212514
    y: 0.04039079219051533
    z: 0.2610212577352331
---
header:
  stamp:
    sec: 1764334160
    nanosec: 518351083
  frame_id: alice_tool0
wrench:
  force:
    x: -0.380683576930552
    y: -0.2412496896836988
    z: -0.3408569739214979
  torque:
    x: -0.013105084426960317
    y: 0.04129234450055762
    z: 0.2648299944165892
---
header:
  stamp:
    sec: 1764334160
    nanosec: 522371834
  frame_id: alice_tool0
wrench:
  force:
    x: -0.5690691858448879
    y: -0.24842357638846307
    z: -0.38874835018258097
  torque:
    x: -0.012594151285138884
    y: 0.03986851603597814
    z: 0.2578200005791945
---
header:
  stamp:
    sec: 1764334160
    nanosec: 526377712
  frame_id: alice_tool0
wrench:
  force:
    x: -0.5359292400902409
    y: -0.17618312096624494
    z: -0.19090225904200545
  torque:
    x: -0.013194508820930984
    y: 0.03705874535972349
    z: 0.2560836702103611
---
header:
  stamp:
    sec: 1764334160
    nanosec: 530339420
  frame_id: alice_tool0
wrench:
  force:
    x: -0.4402895943063869
    y: -0.2243509379635112
    z: -0.32949846251636977
  torque:
    x: -0.012653644259607303
    y: 0.03931320567759227
    z: 0.25599550556852185
---
header:
  stamp:
    sec: 1764334160
    nanosec: 534365559
  frame_id: alice_tool0
wrench:
  force:
    x: -0.5201979271108981
    y: -0.23506056094547392
    z: -0.267595863598719
  torque:
    x: -0.01583856324283148
    y: 0.03776745033816049
    z: 0.2512377918814714
---
header:
  stamp:
    sec: 1764334160
    nanosec: 538358777
  frame_id: alice_tool0
wrench:
  force:
    x: -0.5351207242423699
    y: -0.11527341568793573
    z: -0.4329791979895454
  torque:
    x: -0.010179940690398195
    y: 0.03876165639964371
    z: 0.24961218487883696
---
header:
  stamp:
    sec: 1764334160
    nanosec: 542347853
  frame_id: alice_tool0
wrench:
  force:
    x: -0.6301926076606992
    y: -0.18506064080996898
    z: -0.24149663010735817
  torque:
    x: -0.012502219775111564
    y: 0.04069671686276412
    z: 0.24525564774267491
---
header:
  stamp:
    sec: 1764334160
    nanosec: 546329538
  frame_id: alice_tool0
wrench:
  force:
    x: -0.5091055163401281
    y: -0.27815212337447137
    z: -0.31423599764394583
  torque:
    x: -0.015740726401640724
    y: 0.04129938078847804
    z: 0.2475489235031083
---
header:
  stamp:
    sec: 1764334160
    nanosec: 550359301
  frame_id: alice_tool0
wrench:
  force:
    x: -0.4217795624164804
    y: -0.12386121697179814
    z: -0.3363572437296573
  torque:
    x: -0.009745044432406088
    y: 0.03976933074840869
    z: 0.2507280997817746
---
header:
  stamp:
    sec: 1764334160
    nanosec: 554363912
  frame_id: alice_tool0
wrench:
  force:
    x: -0.5804434695434604
    y: -0.1571796059270301
    z: -0.2533617857339259
  torque:
    x: -0.012326373675694183
    y: 0.04015361648081911
    z: 0.2443863906193631
---
header:
  stamp:
    sec: 1764334160
    nanosec: 558359739
  frame_id: alice_tool0
wrench:
  force:
    x: -0.7984408673815957
    y: -0.26626099379188334
    z: -0.43875798879331396
  torque:
    x: -0.013338670810157527
    y: 0.046739040236183436
    z: 0.2463876277502792
---
header:
  stamp:
    sec: 1764334160
    nanosec: 562354196
  frame_id: alice_tool0
wrench:
  force:
    x: -0.6395884759202739
    y: -0.11266885326211817
    z: -0.2900863495577042
  torque:
    x: -0.009113753524984627
    y: 0.04073933664725127
    z: 0.24827383818927476
---
header:
  stamp:
    sec: 1764334160
    nanosec: 566368373
  frame_id: alice_tool0
wrench:
  force:
    x: -0.5086205344486947
    y: -0.3686891619047481
    z: -0.23611020747108613
  torque:
    x: -0.01718294063539723
    y: 0.04230160739745393
    z: 0.2460834476752411
---
header:
  stamp:
    sec: 1764334160
    nanosec: 570363980
  frame_id: alice_tool0
wrench:
  force:
    x: -0.607409599408069
    y: -0.3291947578048762
    z: -0.33892606501418726
  torque:
    x: -0.018268401953764325
    y: 0.044056983372407724
    z: 0.24836852218233008
---
header:
  stamp:
    sec: 1764334160
    nanosec: 574340918
  frame_id: alice_tool0
wrench:
  force:
    x: -0.6706989962668222
    y: -0.23307366843427657
    z: -0.31223449180013474
  torque:
    x: -0.009032323032112488
    y: 0.043672788009489566
    z: 0.24292580309995238
---
header:
  stamp:
    sec: 1764334160
    nanosec: 578351002
  frame_id: alice_tool0
wrench:
  force:
    x: -0.5215367149768795
    y: -0.12747203982862582
    z: -0.4177268401027946
  torque:
    x: -0.013382580381412533
    y: 0.03768330231163541
    z: 0.24512396277747617
---
header:
  stamp:
    sec: 1764334160
    nanosec: 582444403
  frame_id: alice_tool0
wrench:
  force:
    x: -0.8136912498326134
    y: -0.23368465840492553
    z: -0.3424826091941694
  torque:
    x: -0.010756315963772413
    y: 0.04587549271934768
    z: 0.2401384835111078
---
header:
  stamp:
    sec: 1764334160
    nanosec: 586371268
  frame_id: alice_tool0
wrench:
  force:
    x: -0.5029458218195935
    y: -0.28255402110510075
    z: -0.3681620662064075
  torque:
    x: -0.014267173035970526
    y: 0.04127899182859133
    z: 0.24475230747971288
---
header:
  stamp:
    sec: 1764334160
    nanosec: 590358875
  frame_id: alice_tool0
wrench:
  force:
    x: -0.5983771969946722
    y: -0.2851420425080036
    z: -0.45090236986266935
  torque:
    x: -0.015864301606133443
    y: 0.03943329754222423
    z: 0.2456213222439328
---
header:
  stamp:
    sec: 1764334160
    nanosec: 594371065
  frame_id: alice_tool0
wrench:
  force:
    x: -0.4775603008451909
    y: -0.38620023078415455
    z: -0.37714882228528357
  torque:
    x: -0.015340475403266938
    y: 0.038791256029359025
    z: 0.2434827497141319
---
header:
  stamp:
    sec: 1764334160
    nanosec: 598352060
  frame_id: alice_tool0
wrench:
  force:
    x: -0.5019431150044517
    y: -0.3175984688146781
    z: -0.27259632229512526
  torque:
    x: -0.016867729685779154
    y: 0.035135027281934746
    z: 0.2422694428309192
---
header:
  stamp:
    sec: 1764334160
    nanosec: 602366562
  frame_id: alice_tool0
wrench:
  force:
    x: -0.6328668105358785
    y: -0.3078507550726477
    z: -0.5095064152438056
  torque:
    x: -0.015342869309120426
    y: 0.03928027123401616
    z: 0.24398794580608368
---
header:
  stamp:
    sec: 1764334160
    nanosec: 606367804
  frame_id: alice_tool0
wrench:
  force:
    x: -0.5769696715103427
    y: -0.3420991890274785
    z: -0.34094288594646144
  torque:
    x: -0.015125336825818125
    y: 0.03850507348943307
    z: 0.2419388506735337
---
header:
  stamp:
    sec: 1764334160
    nanosec: 610375382
  frame_id: alice_tool0
wrench:
  force:
    x: -0.47611205436410775
    y: -0.3532848022051496
    z: -0.27193598809515457
  torque:
    x: -0.01528588458186724
    y: 0.03633133125074679
    z: 0.24302941282269835
---
header:
  stamp:
    sec: 1764334160
    nanosec: 614344128
  frame_id: alice_tool0
wrench:
  force:
    x: -0.32217732312904335
    y: -0.37285334593452474
    z: -0.29451135458302125
  torque:
    x: -0.016461788921086608
    y: 0.034071008664111536
    z: 0.24238002502551778
---
header:
  stamp:
    sec: 1764334160
    nanosec: 618340203
  frame_id: alice_tool0
wrench:
  force:
    x: -0.48186996762659806
    y: -0.2762933380373846
    z: -0.2489763683188785
  torque:
    x: -0.019296248268508325
    y: 0.04142674470556619
    z: 0.2425636830514857
---
header:
  stamp:
    sec: 1764334160
    nanosec: 622377952
  frame_id: alice_tool0
wrench:
  force:
    x: -0.4253386400660824
    y: -0.22682357305266931
    z: -0.2801207534841847
  torque:
    x: -0.015137345776648745
    y: 0.039881920392686454
    z: 0.24345813582040923
---
header:
  stamp:
    sec: 1764334160
    nanosec: 626355050
  frame_id: alice_tool0
wrench:
  force:
    x: -0.5263664564684761
    y: -0.22413835244912494
    z: -0.2913466983686573
  torque:
    x: -0.014807642507880133
    y: 0.041475925638341175
    z: 0.24421741497317823
---
header:
  stamp:
    sec: 1764334160
    nanosec: 630349983
  frame_id: alice_tool0
wrench:
  force:
    x: -0.606007565766874
    y: -0.14738925216114993
    z: -0.352343063149405
  torque:
    x: -0.012255232240591652
    y: 0.04135664259472182
    z: 0.2428841598494502
---
header:
  stamp:
    sec: 1764334160
    nanosec: 634367673
  frame_id: alice_tool0
wrench:
  force:
    x: -0.5466459305995701
    y: -0.39141547886504013
    z: -0.40248280370451667
  torque:
    x: -0.018788452309156344
    y: 0.04191367916717778
    z: 0.24159299634982687
---
header:
  stamp:
    sec: 1764334160
    nanosec: 638353704
  frame_id: alice_tool0
wrench:
  force:
    x: -0.4355842908885982
    y: -0.21061652554783067
    z: -0.47200553766598974
  torque:
    x: -0.012708425235811279
    y: 0.03612471999705769
    z: 0.24416609948202023
---
header:
  stamp:
    sec: 1764334160
    nanosec: 642361129
  frame_id: alice_tool0
wrench:
  force:
    x: -0.6215453855030247
    y: -0.42152608491688126
    z: -0.31059061888415773
  torque:
    x: -0.018168997187857923
    y: 0.04650165698830715
    z: 0.2400306768478865
---
header:
  stamp:
    sec: 1764334160
    nanosec: 646349765
  frame_id: alice_tool0
wrench:
  force:
    x: -0.5552075204582858
    y: -0.4109340701940667
    z: -0.29312474716280046
  torque:
    x: -0.018821043259622153
    y: 0.039836630834302084
    z: 0.24320350891154516
---
header:
  stamp:
    sec: 1764334160
    nanosec: 650352345
  frame_id: alice_tool0
wrench:
  force:
    x: -0.7016888187048554
    y: -0.2716140904757215
    z: -0.24841311780941827
  torque:
    x: -0.015596728652913453
    y: 0.04506407038065478
    z: 0.2449285418413521
---
header:
  stamp:
    sec: 1764334160
    nanosec: 654351052
  frame_id: alice_tool0
wrench:
  force:
    x: -0.648964127334769
    y: -0.4239951705087691
    z: -0.284261893645871
  torque:
    x: -0.019684548055185318
    y: 0.043869799860127595
    z: 0.2440482144436144
---
header:
  stamp:
    sec: 1764334160
    nanosec: 658355585
  frame_id: alice_tool0
wrench:
  force:
    x: -0.5693287932341392
    y: -0.3442636988742318
    z: -0.35424691271017955
  torque:
    x: -0.0183622146111889
    y: 0.04059413427594225
    z: 0.24017486017677178
---
header:
  stamp:
    sec: 1764334160
    nanosec: 662356913
  frame_id: alice_tool0
wrench:
  force:
    x: -0.5670030905638289
    y: -0.2670659783235999
    z: -0.3225147288973049
  torque:
    x: -0.01456554954058078
    y: 0.0383362218581958
    z: 0.24283240028811282
---
header:
  stamp:
    sec: 1764334160
    nanosec: 666371128
  frame_id: alice_tool0
wrench:
  force:
    x: -0.550631120780783
    y: -0.3157859094989267
    z: -0.31597540992424755
  torque:
    x: -0.017815873338840636
    y: 0.040542723731458334
    z: 0.2427218031174559
---
header:
  stamp:
    sec: 1764334160
    nanosec: 670331653
  frame_id: alice_tool0
wrench:
  force:
    x: -0.518404202710669
    y: -0.25421611471222655
    z: -0.45307724458041265
  torque:
    x: -0.0166509298942428
    y: 0.0397733583247139
    z: 0.23987497669006627
---
header:
  stamp:
    sec: 1764334160
    nanosec: 674324654
  frame_id: alice_tool0
wrench:
  force:
    x: -0.6049567311131088
    y: -0.34653238675426745
    z: -0.3965935759201938
  torque:
    x: -0.015186858525276504
    y: 0.041079558189818836
    z: 0.24305106005316657
---
header:
  stamp:
    sec: 1764334160
    nanosec: 678348886
  frame_id: alice_tool0
wrench:
  force:
    x: -0.6052672918439005
    y: -0.2247473465519566
    z: -0.3977684819649108
  torque:
    x: -0.013957606750122453
    y: 0.042454631220736005
    z: 0.24222294279823006
---
header:
  stamp:
    sec: 1764334160
    nanosec: 682330638
  frame_id: alice_tool0
wrench:
  force:
    x: -0.4753266422618244
    y: -0.21422946915739077
    z: -0.2776595130761916
  torque:
    x: -0.01313293826918574
    y: 0.03850092954468055
    z: 0.24063638184109068
---
header:
  stamp:
    sec: 1764334160
    nanosec: 686338207
  frame_id: alice_tool0
wrench:
  force:
    x: -0.5369425988572927
    y: -0.18205625329548317
    z: -0.2986153059577037
  torque:
    x: -0.0106178253837875
    y: 0.04085078910087781
    z: 0.24331921455670227
---
header:
  stamp:
    sec: 1764334160
    nanosec: 690372466
  frame_id: alice_tool0
wrench:
  force:
    x: -0.4742275120030768
    y: -0.39858505613718526
    z: -0.3323014208689172
  torque:
    x: -0.015920223189618676
    y: 0.03875018904818001
    z: 0.2431530136804902
---
header:
  stamp:
    sec: 1764334160
    nanosec: 694481672
  frame_id: alice_tool0
wrench:
  force:
    x: -0.7959907633652219
    y: -0.36463576173146584
    z: -0.4113578271270832
  torque:
    x: -0.014092903593899449
    y: 0.04436911833941655
    z: 0.24248598844186597
---
header:
  stamp:
    sec: 1764334160
    nanosec: 698335834
  frame_id: alice_tool0
wrench:
  force:
    x: -0.5589359517068155
    y: -0.20305610913446448
    z: -0.37600943274277177
  torque:
    x: -0.013282382382931111
    y: 0.04016251158657387
    z: 0.24323706051760183
---
header:
  stamp:
    sec: 1764334160
    nanosec: 702329278
  frame_id: alice_tool0
wrench:
  force:
    x: -0.4661102841889313
    y: -0.3152174505366301
    z: -0.3176102380674995
  torque:
    x: -0.01567096522351246
    y: 0.03964513117433217
    z: 0.2412168302723206
---
header:
  stamp:
    sec: 1764334160
    nanosec: 706339607
  frame_id: alice_tool0
wrench:
  force:
    x: -0.41162267916232825
    y: -0.1820727959731129
    z: -0.4198728578843726
  torque:
    x: -0.010168752730769053
    y: 0.039230732575163046
    z: 0.2426403015302213
---
header:
  stamp:
    sec: 1764334160
    nanosec: 710343241
  frame_id: alice_tool0
wrench:
  force:
    x: -0.39241614791855595
    y: -0.25919033270968533
    z: -0.18448767104652916
  torque:
    x: -0.014611527211883225
    y: 0.03570038890807667
    z: 0.24480982822977734
---
header:
  stamp:
    sec: 1764334160
    nanosec: 714329685
  frame_id: alice_tool0
wrench:
  force:
    x: -0.6530787282692865
    y: -0.29760722077069685
    z: -0.14868484169431534
  torque:
    x: -0.018681685013572275
    y: 0.04079961782704321
    z: 0.24193416949287172
---
header:
  stamp:
    sec: 1764334160
    nanosec: 718360224
  frame_id: alice_tool0
wrench:
  force:
    x: -0.5002766281773134
    y: -0.22241598398470164
    z: -0.38526980983794035
  torque:
    x: -0.012906267606180554
    y: 0.03686341697268769
    z: 0.2452148522150264
---
header:
  stamp:
    sec: 1764334160
    nanosec: 722330027
  frame_id: alice_tool0
wrench:
  force:
    x: -0.5822494498312678
    y: -0.396260977717638
    z: -0.39931271189144524
  torque:
    x: -0.018568772949217844
    y: 0.04268645218066995
    z: 0.24192753691934357
---
header:
  stamp:
    sec: 1764334160
    nanosec: 726500226
  frame_id: alice_tool0
wrench:
  force:
    x: -0.4869698129966303
    y: -0.36156215135436437
    z: -0.27858039722311956
  torque:
    x: -0.017061985170964557
    y: 0.03804422426771469
    z: 0.23982084764157308
---
header:
  stamp:
    sec: 1764334160
    nanosec: 730347171
  frame_id: alice_tool0
wrench:
  force:
    x: -0.6294394523063331
    y: -0.5589570127364701
    z: -0.36259446926738903
  torque:
    x: -0.02399133710437128
    y: 0.040275702500577694
    z: 0.2439831999205967
---
header:
  stamp:
    sec: 1764334160
    nanosec: 734449623
  frame_id: alice_tool0
wrench:
  force:
    x: -0.4714842627515792
    y: -0.35076585004879923
    z: -0.332015373374116
  torque:
    x: -0.015868014235168888
    y: 0.03791747577110263
    z: 0.24485363601771132
---
header:
  stamp:
    sec: 1764334160
    nanosec: 738356151
  frame_id: alice_tool0
wrench:
  force:
    x: -0.5633819404864249
    y: -0.39487070417064996
    z: -0.4800472750644027
  torque:
    x: -0.01664401634653246
    y: 0.039423530424074586
    z: 0.2423405528741243
---
header:
  stamp:
    sec: 1764334160
    nanosec: 742352261
  frame_id: alice_tool0
wrench:
  force:
    x: -0.5430948444158928
    y: -0.32479040707360896
    z: -0.33124404400446766
  torque:
    x: -0.017573223654259444
    y: 0.04073779145830744
    z: 0.23678368950091339
---
header:
  stamp:
    sec: 1764334160
    nanosec: 746364439
  frame_id: alice_tool0
wrench:
  force:
    x: -0.5941116289700681
    y: -0.17583039219441912
    z: -0.3641759070692222
  torque:
    x: -0.009030856799279367
    y: 0.043456541656406916
    z: 0.24422467737555964
---
header:
  stamp:
    sec: 1764334160
    nanosec: 750374240
  frame_id: alice_tool0
wrench:
  force:
    x: -0.7056515756267292
    y: -0.234767235180811
    z: -0.41292426059548204
  torque:
    x: -0.013150616209222428
    y: 0.045437124714636574
    z: 0.23857210536776785
---
header:
  stamp:
    sec: 1764334160
    nanosec: 754336774
  frame_id: alice_tool0
wrench:
  force:
    x: -0.6863947390901799
    y: -0.37138971176741653
    z: -0.3835833209927244
  torque:
    x: -0.016658141102202883
    y: 0.042496625549212366
    z: 0.23799377523213336
---
header:
  stamp:
    sec: 1764334160
    nanosec: 758347319
  frame_id: alice_tool0
wrench:
  force:
    x: -0.5389964105492961
    y: -0.3925920808356874
    z: -0.3664600057819781
  torque:
    x: -0.018354691547721666
    y: 0.03935079158219912
    z: 0.2387148857671872
---
header:
  stamp:
    sec: 1764334160
    nanosec: 762385521
  frame_id: alice_tool0
wrench:
  force:
    x: -0.4710362748380871
    y: -0.4221918416905256
    z: -0.3178327129614491
  torque:
    x: -0.01737621705965453
    y: 0.0404715320205036
    z: 0.2408598811406215
---
header:
  stamp:
    sec: 1764334160
    nanosec: 766374307
  frame_id: alice_tool0
wrench:
  force:
    x: -0.5431737961750583
    y: -0.12890054757120636
    z: -0.33304770612011425
  torque:
    x: -0.011432009118997038
    y: 0.03795417377067274
    z: 0.2400886428843128
---
header:
  stamp:
    sec: 1764334160
    nanosec: 770335916
  frame_id: alice_tool0
wrench:
  force:
    x: -0.6629279666957089
    y: -0.32374458911893755
    z: -0.23676076094736812
  torque:
    x: -0.01859818829194767
    y: 0.04164597353318246
    z: 0.23770580638158614
---
header:
  stamp:
    sec: 1764334160
    nanosec: 774472167
  frame_id: alice_tool0
wrench:
  force:
    x: -0.6872224814667606
    y: -0.2942276011893865
    z: -0.34135883136141887
  torque:
    x: -0.013439408669922766
    y: 0.04409341542519274
    z: 0.24018883833392302
---
header:
  stamp:
    sec: 1764334160
    nanosec: 778353660
  frame_id: alice_tool0
wrench:
  force:
    x: -0.5419505491054644
    y: -0.2978983401746128
    z: -0.42907067217448996
  torque:
    x: -0.016678828249496958
    y: 0.04191180428048959
    z: 0.23880006674192217
---
header:
  stamp:
    sec: 1764334160
    nanosec: 782348258
  frame_id: alice_tool0
wrench:
  force:
    x: -0.45196197159612644
    y: -0.336748980721741
    z: -0.5064909640762123
  torque:
    x: -0.01311856452844519
    y: 0.040968585362295765
    z: 0.23985761274493425
---
header:
  stamp:
    sec: 1764334160
    nanosec: 786455795
  frame_id: alice_tool0
wrench:
  force:
    x: -0.6562792876293055
    y: -0.2953740505262493
    z: -0.40022874622259946
  torque:
    x: -0.011381938735182201
    y: 0.04014681056714437
    z: 0.23566624959401855
---
header:
  stamp:
    sec: 1764334160
    nanosec: 790369952
  frame_id: alice_tool0
wrench:
  force:
    x: -0.43652361879712615
    y: -0.27745254808598485
    z: -0.24861831133131854
  torque:
    x: -0.013655554020563855
    y: 0.03829088251901132
    z: 0.23716496765072043
---
header:
  stamp:
    sec: 1764334160
    nanosec: 794523238
  frame_id: alice_tool0
wrench:
  force:
    x: -0.4103295442515096
    y: -0.29676622071594705
    z: -0.3402548599152345
  torque:
    x: -0.013271900742413825
    y: 0.037916944315021864
    z: 0.23730719105668244
---
header:
  stamp:
    sec: 1764334160
    nanosec: 798365914
  frame_id: alice_tool0
wrench:
  force:
    x: -0.5000547522584268
    y: -0.3663611559537019
    z: -0.5249135551214165
  torque:
    x: -0.016320444581714045
    y: 0.040361542404826575
    z: 0.2362903802370406
---
header:
  stamp:
    sec: 1764334160
    nanosec: 802361446
  frame_id: alice_tool0
wrench:
  force:
    x: -0.455301469876124
    y: -0.2664775566256674
    z: -0.16613602353794338
  torque:
    x: -0.013727233984265555
    y: 0.04111094095716616
    z: 0.23575766156319994
---
header:
  stamp:
    sec: 1764334160
    nanosec: 806357000
  frame_id: alice_tool0
wrench:
  force:
    x: -0.5343567548425475
    y: -0.19925390515068325
    z: -0.38813530944109553
  torque:
    x: -0.01100473577755856
    y: 0.04108521443769031
    z: 0.2342193913294381
---
header:
  stamp:
    sec: 1764334160
    nanosec: 810347420
  frame_id: alice_tool0
wrench:
  force:
    x: -0.5889993528127115
    y: -0.2830811206404559
    z: -0.3692915182867316
  torque:
    x: -0.014211200048620535
    y: 0.03976014594676914
    z: 0.23274905096209447
---
header:
  stamp:
    sec: 1764334160
    nanosec: 814478587
  frame_id: alice_tool0
wrench:
  force:
    x: -0.6414648367354886
    y: -0.24160834509213547
    z: -0.4884982276131862
  torque:
    x: -0.011934347945902259
    y: 0.041283260582111625
    z: 0.2324126955697889
---
header:
  stamp:
    sec: 1764334160
    nanosec: 818355181
  frame_id: alice_tool0
wrench:
  force:
    x: -0.4950141755158834
    y: -0.3297902279904714
    z: -0.3729342784949264
  torque:
    x: -0.01410205963715057
    y: 0.03394169961408131
    z: 0.23151710904067763
---
header:
  stamp:
    sec: 1764334160
    nanosec: 822369262
  frame_id: alice_tool0
wrench:
  force:
    x: -0.6021684949350746
    y: -0.2988055849106262
    z: -0.5060548601884384
  torque:
    x: -0.01736355221645975
    y: 0.04153184847323842
    z: 0.23176873228168884
---
header:
  stamp:
    sec: 1764334160
    nanosec: 826348608
  frame_id: alice_tool0
wrench:
  force:
    x: -0.5103933713513839
    y: -0.3685854961917133
    z: -0.39952955191552547
  torque:
    x: -0.01888040740893976
    y: 0.03976910597898539
    z: 0.23091642728706996
---
header:
  stamp:
    sec: 1764334160
    nanosec: 830348171
  frame_id: alice_tool0
wrench:
  force:
    x: -0.619856118661094
    y: -0.37188103598513783
    z: -0.3855026268874286
  torque:
    x: -0.017222894564041007
    y: 0.03847480790591979
    z: 0.23199069286853752
---
header:
  stamp:
    sec: 1764334160
    nanosec: 834369230
  frame_id: alice_tool0
wrench:
  force:
    x: -0.6529065757387631
    y: -0.14193780922456364
    z: -0.3551175077820961
  torque:
    x: -0.010882741672481117
    y: 0.04213916342489103
    z: 0.23339874009137837
---
header:
  stamp:
    sec: 1764334160
    nanosec: 838356041
  frame_id: alice_tool0
wrench:
  force:
    x: -0.4873930786506445
    y: -0.23316596854100866
    z: -0.40322006210178984
  torque:
    x: -0.012249708649417788
    y: 0.03703712832430426
    z: 0.23449105402766274
---
header:
  stamp:
    sec: 1764334160
    nanosec: 842363050
  frame_id: alice_tool0
wrench:
  force:
    x: -0.6107206126400593
    y: -0.3241182862689291
    z: -0.35568898161574675
  torque:
    x: -0.011638522916862
    y: 0.0409295899099128
    z: 0.23209030744804365
---
header:
  stamp:
    sec: 1764334160
    nanosec: 846336693
  frame_id: alice_tool0
wrench:
  force:
    x: -0.5368715639847976
    y: -0.2550604918568891
    z: -0.38771578047142274
  torque:
    x: -0.013171378292082285
    y: 0.041750000256313716
    z: 0.22594964799429273
---
header:
  stamp:
    sec: 1764334160
    nanosec: 850368268
  frame_id: alice_tool0
wrench:
  force:
    x: -0.5615243098351651
    y: -0.18326829811369194
    z: -0.41284017975836856
  torque:
    x: -0.010865452527613936
    y: 0.03926453868470877
    z: 0.23549013095940274
---
header:
  stamp:
    sec: 1764334160
    nanosec: 854357481
  frame_id: alice_tool0
wrench:
  force:
    x: -0.6240448573099164
    y: -0.36632346416806555
    z: -0.5361857017055154
  torque:
    x: -0.01757694034856322
    y: 0.04062144172523359
    z: 0.23240999578183222
---
header:
  stamp:
    sec: 1764334160
    nanosec: 858354170
  frame_id: alice_tool0
wrench:
  force:
    x: -0.4014981049358825
    y: -0.2699434519233419
    z: -0.19695430373086775
  torque:
    x: -0.015446744227550487
    y: 0.039905721497363156
    z: 0.2304809809931736
---
header:
  stamp:
    sec: 1764334160
    nanosec: 862418238
  frame_id: alice_tool0
wrench:
  force:
    x: -0.5949832368339567
    y: -0.4570822821079558
    z: -0.2184737182134187
  torque:
    x: -0.018791216156113236
    y: 0.04147234204278233
    z: 0.22894886502449802
---
header:
  stamp:
    sec: 1764334160
    nanosec: 866524991
  frame_id: alice_tool0
wrench:
  force:
    x: -0.6747247810450625
    y: -0.2885987190529723
    z: -0.3355028481525759
  torque:
    x: -0.01529546405091035
    y: 0.04221038603133839
    z: 0.2281956317696486
---
header:
  stamp:
    sec: 1764334160
    nanosec: 870386741
  frame_id: alice_tool0
wrench:
  force:
    x: -0.3762599137793472
    y: -0.40278163217481067
    z: -0.33509106733960015
  torque:
    x: -0.016488891484605337
    y: 0.034246008017960565
    z: 0.23136378469065316
---
header:
  stamp:
    sec: 1764334160
    nanosec: 874338842
  frame_id: alice_tool0
wrench:
  force:
    x: -0.37865437239397925
    y: -0.4207459908196359
    z: -0.31999542336991765
  torque:
    x: -0.01722705557780315
    y: 0.036317573996035295
    z: 0.2304554063405225
---
header:
  stamp:
    sec: 1764334160
    nanosec: 878359285
  frame_id: alice_tool0
wrench:
  force:
    x: -0.7598729128816567
    y: -0.374713520955248
    z: -0.2612385438003991
  torque:
    x: -0.013334642754169564
    y: 0.04869220902612396
    z: 0.22714706569985127
---
header:
  stamp:
    sec: 1764334160
    nanosec: 882420531
  frame_id: alice_tool0
wrench:
  force:
    x: -0.5044152815405945
    y: -0.20446715766585785
    z: -0.3009796365861077
  torque:
    x: -0.011191290435511494
    y: 0.03825442447506853
    z: 0.23148662253895216
---
header:
  stamp:
    sec: 1764334160
    nanosec: 886456830
  frame_id: alice_tool0
wrench:
  force:
    x: -0.6193749229532228
    y: -0.32875099903642774
    z: -0.44771932118222335
  torque:
    x: -0.01574424358361164
    y: 0.042084972128957475
    z: 0.22778922921745062
---
header:
  stamp:
    sec: 1764334160
    nanosec: 890416771
  frame_id: alice_tool0
wrench:
  force:
    x: -0.6114500340464968
    y: -0.2107946141754421
    z: -0.3676618178973323
  torque:
    x: -0.014620629181560315
    y: 0.03933329736084654
    z: 0.22603190554115157
---
header:
  stamp:
    sec: 1764334160
    nanosec: 894403222
  frame_id: alice_tool0
wrench:
  force:
    x: -0.3597516184120839
    y: -0.36062661623674863
    z: -0.2175294699380878
  torque:
    x: -0.015603047108044943
    y: 0.032708924110342236
    z: 0.22597151494882484
---
header:
  stamp:
    sec: 1764334160
    nanosec: 898347375
  frame_id: alice_tool0
wrench:
  force:
    x: -0.5186008332367865
    y: -0.281356738051823
    z: -0.42566917135878357
  torque:
    x: -0.014945423120323603
    y: 0.04139186649813339
    z: 0.2268729981824023
---
header:
  stamp:
    sec: 1764334160
    nanosec: 902370509
  frame_id: alice_tool0
wrench:
  force:
    x: -0.4457263076966581
    y: -0.4023335914669761
    z: -0.3305738439734166
  torque:
    x: -0.017606449686239225
    y: 0.03616397338033368
    z: 0.2256568341780077
---
header:
  stamp:
    sec: 1764334160
    nanosec: 906371383
  frame_id: alice_tool0
wrench:
  force:
    x: -0.5389828084603245
    y: -0.32047740541886466
    z: -0.23042386269052553
  torque:
    x: -0.015194481058023656
    y: 0.04111633543908143
    z: 0.22533981020471933
---
header:
  stamp:
    sec: 1764334160
    nanosec: 910376288
  frame_id: alice_tool0
wrench:
  force:
    x: -0.3445650501624179
    y: -0.2559672466757297
    z: -0.2925677816964554
  torque:
    x: -0.013676785473428594
    y: 0.03487491177218843
    z: 0.22590386916584276
---
header:
  stamp:
    sec: 1764334160
    nanosec: 914455390
  frame_id: alice_tool0
wrench:
  force:
    x: -0.4174770764437811
    y: -0.36342042507194344
    z: -0.3461828159313104
  torque:
    x: -0.013913443078800655
    y: 0.03376827244804279
    z: 0.2261049066058591
---
header:
  stamp:
    sec: 1764334160
    nanosec: 918358603
  frame_id: alice_tool0
wrench:
  force:
    x: -0.5698506757757081
    y: -0.34890228386949734
    z: -0.2631189659084417
  torque:
    x: -0.0161060123826062
    y: 0.03982699588659402
    z: 0.21899504972405331
---
header:
  stamp:
    sec: 1764334160
    nanosec: 922368056
  frame_id: alice_tool0
wrench:
  force:
    x: -0.3705820205691317
    y: -0.3428469385014303
    z: -0.42707042869036377
  torque:
    x: -0.015355011510980416
    y: 0.03529070602149884
    z: 0.2223954018746013
---
header:
  stamp:
    sec: 1764334160
    nanosec: 926433319
  frame_id: alice_tool0
wrench:
  force:
    x: -0.5901723543547943
    y: -0.25434235432515706
    z: -0.4133221237347739
  torque:
    x: -0.01390266426191142
    y: 0.035656301222841615
    z: 0.2233749614762643
---
header:
  stamp:
    sec: 1764334160
    nanosec: 930380532
  frame_id: alice_tool0
wrench:
  force:
    x: -0.6120157908881968
    y: -0.3974946819329552
    z: -0.31663686121026074
  torque:
    x: -0.01569298483584754
    y: 0.03954818958305416
    z: 0.21955423445924063
---
header:
  stamp:
    sec: 1764334160
    nanosec: 934328261
  frame_id: alice_tool0
wrench:
  force:
    x: -0.4326018551241051
    y: -0.24530420131899222
    z: -0.5701887619051861
  torque:
    x: -0.015177645896492788
    y: 0.035806376371660766
    z: 0.22138399217006222
---
header:
  stamp:
    sec: 1764334160
    nanosec: 938357714
  frame_id: alice_tool0
wrench:
  force:
    x: -0.44208955908840275
    y: -0.17251723572152766
    z: -0.2901616347774435
  torque:
    x: -0.012790106082406402
    y: 0.03614494998607514
    z: 0.21856118502412303
---
header:
  stamp:
    sec: 1764334160
    nanosec: 942354242
  frame_id: alice_tool0
wrench:
  force:
    x: -0.3835448027959941
    y: -0.2731099891780251
    z: -0.3924844156287033
  torque:
    x: -0.015301727695126503
    y: 0.03358118677387991
    z: 0.21942525442805386
---
header:
  stamp:
    sec: 1764334160
    nanosec: 946362672
  frame_id: alice_tool0
wrench:
  force:
    x: -0.37860007525952943
    y: -0.46367366341902594
    z: -0.21932231182755943
  torque:
    x: -0.01860355294392955
    y: 0.03569379234156999
    z: 0.21696089289160025
---
header:
  stamp:
    sec: 1764334160
    nanosec: 950332469
  frame_id: alice_tool0
wrench:
  force:
    x: -0.4293909812088086
    y: -0.30174247014109196
    z: -0.24320421240066092
  torque:
    x: -0.015294003081409184
    y: 0.03290250495267981
    z: 0.22027051198192632
---
header:
  stamp:
    sec: 1764334160
    nanosec: 954336909
  frame_id: alice_tool0
wrench:
  force:
    x: -0.48514191925762207
    y: -0.35660363312904947
    z: -0.26266356597296153
  torque:
    x: -0.01659470900516556
    y: 0.03368978959781464
    z: 0.21399612276943888
---
header:
  stamp:
    sec: 1764334160
    nanosec: 958348361
  frame_id: alice_tool0
wrench:
  force:
    x: -0.45917172121227817
    y: -0.443153171975006
    z: -0.2908453840405459
  torque:
    x: -0.020475208406376712
    y: 0.03660893366418073
    z: 0.21399474131515187
---
header:
  stamp:
    sec: 1764334160
    nanosec: 962335252
  frame_id: alice_tool0
wrench:
  force:
    x: -0.3645156682240984
    y: -0.4488014689618486
    z: -0.37821341777411865
  torque:
    x: -0.020089655060656124
    y: 0.02880233179444314
    z: 0.21288890540788424
---
header:
  stamp:
    sec: 1764334160
    nanosec: 966352853
  frame_id: alice_tool0
wrench:
  force:
    x: -0.23635134536655783
    y: -0.24119294201265742
    z: -0.35757019230573
  torque:
    x: -0.015323435772059283
    y: 0.030920049731297278
    z: 0.20847692944809987
---
header:
  stamp:
    sec: 1764334160
    nanosec: 970353871
  frame_id: alice_tool0
wrench:
  force:
    x: -0.3083718125775862
    y: -0.3557880968262502
    z: -0.47342122548939675
  torque:
    x: -0.01922990258532551
    y: 0.02884213436425957
    z: 0.1948344535680358
---
header:
  stamp:
    sec: 1764334160
    nanosec: 974340056
  frame_id: alice_tool0
wrench:
  force:
    x: -0.560485310662901
    y: -0.2956622689811854
    z: -0.35936072532238583
  torque:
    x: -0.015162212533660532
    y: 0.03303395724739688
    z: 0.18049988398360894
---
header:
  stamp:
    sec: 1764334160
    nanosec: 978353382
  frame_id: alice_tool0
wrench:
  force:
    x: -0.265256322629951
    y: -0.13503308063366842
    z: -0.40318834010889093
  torque:
    x: -0.010455145192735112
    y: 0.024549574192332647
    z: 0.17237669797602367
---
header:
  stamp:
    sec: 1764334160
    nanosec: 982417430
  frame_id: alice_tool0
wrench:
  force:
    x: -0.2925271504752375
    y: -0.23522359074906496
    z: -0.46665639574805756
  torque:
    x: -0.014360330005415697
    y: 0.028045945441461228
    z: 0.16771759435787365
---
header:
  stamp:
    sec: 1764334160
    nanosec: 986491832
  frame_id: alice_tool0
wrench:
  force:
    x: -0.4127233556886997
    y: -0.29904093686584704
    z: -0.41340405843176353
  torque:
    x: -0.015639863035263737
    y: 0.030275029419891342
    z: 0.1668518675156606
---
header:
  stamp:
    sec: 1764334160
    nanosec: 990454483
  frame_id: alice_tool0
wrench:
  force:
    x: -0.2555943524551454
    y: -0.39821242166910276
    z: -0.41286663371334265
  torque:
    x: -0.0178045751767529
    y: 0.02579001724573155
    z: 0.15608787983595926
---
header:
  stamp:
    sec: 1764334160
    nanosec: 994329098
  frame_id: alice_tool0
wrench:
  force:
    x: -0.2119507275897601
    y: -0.2875756171682931
    z: -0.49349930474753795
  torque:
    x: -0.013402343142984694
    y: 0.025027448255323933
    z: 0.14986530781163063
---
header:
  stamp:
    sec: 1764334160
    nanosec: 998352776
  frame_id: alice_tool0
wrench:
  force:
    x: -0.4935563435512127
    y: -0.23370009561676336
    z: -0.4330767651332976
  torque:
    x: -0.014193723966598551
    y: 0.030538514452935074
    z: 0.14810999876928016
---
header:
  stamp:
    sec: 1764334161
    nanosec: 2371107
  frame_id: alice_tool0
wrench:
  force:
    x: -0.33395972005373575
    y: -0.278272091403232
    z: -0.43936509901656123
  torque:
    x: -0.014662472050594937
    y: 0.027323471842751513
    z: 0.13990938663045702
---
header:
  stamp:
    sec: 1764334161
    nanosec: 6481580
  frame_id: alice_tool0
wrench:
  force:
    x: -0.33974470625697495
    y: -0.33559945222058063
    z: -0.550109445543868
  torque:
    x: -0.01648800433387209
    y: 0.0288666296192096
    z: 0.12641094528928898
---
header:
  stamp:
    sec: 1764334161
    nanosec: 10489491
  frame_id: alice_tool0
wrench:
  force:
    x: -0.2503852093279192
    y: -0.3637940551148835
    z: -0.6340432906747704
  torque:
    x: -0.017590665888446603
    y: 0.019857492120474544
    z: 0.11804718101808821
---
header:
  stamp:
    sec: 1764334161
    nanosec: 14330508
  frame_id: alice_tool0
wrench:
  force:
    x: -0.41911733685957003
    y: -0.30111931422512006
    z: -0.5041518757213972
  torque:
    x: -0.018728815732910294
    y: 0.028003127126418
    z: 0.10716197987493174
---
header:
  stamp:
    sec: 1764334161
    nanosec: 18349192
  frame_id: alice_tool0
wrench:
  force:
    x: -0.21907239266486106
    y: -0.43122627583277884
    z: -0.3532355911482528
  torque:
    x: -0.01726432616103681
    y: 0.02318371753707589
    z: 0.09659188704752335
---
header:
  stamp:
    sec: 1764334161
    nanosec: 22374377
  frame_id: alice_tool0
wrench:
  force:
    x: -0.11905044692552744
    y: -0.44347280128582456
    z: -0.6098770042468359
  torque:
    x: -0.020572466293008695
    y: 0.01997766126656841
    z: 0.096066528609641
---
header:
  stamp:
    sec: 1764334161
    nanosec: 26346804
  frame_id: alice_tool0
wrench:
  force:
    x: -0.30819995458222876
    y: -0.5788062142596035
    z: -0.49145398412030655
  torque:
    x: -0.022789289006552336
    y: 0.021069611668681487
    z: 0.08372829957756518
---
header:
  stamp:
    sec: 1764334161
    nanosec: 30352766
  frame_id: alice_tool0
wrench:
  force:
    x: -0.1711387470763998
    y: -0.15439878056204773
    z: -0.31911829321855784
  torque:
    x: -0.008637436743481117
    y: 0.01790443284932687
    z: 0.07614438310826291
---
header:
  stamp:
    sec: 1764334161
    nanosec: 34352903
  frame_id: alice_tool0
wrench:
  force:
    x: -0.21319070508894863
    y: -0.24028450780734428
    z: -0.5211824256816353
  torque:
    x: -0.01611961917226351
    y: 0.02064346751848518
    z: 0.0673658836938386
---
header:
  stamp:
    sec: 1764334161
    nanosec: 38355289
  frame_id: alice_tool0
wrench:
  force:
    x: -0.2578202723190784
    y: -0.45141786866507777
    z: -0.40958167887443775
  torque:
    x: -0.02421223574424535
    y: 0.02107098566928048
    z: 0.05478218039044433
---
header:
  stamp:
    sec: 1764334161
    nanosec: 42354931
  frame_id: alice_tool0
wrench:
  force:
    x: -0.13477414627648954
    y: -0.348775744606303
    z: -0.4637717078989585
  torque:
    x: -0.019408040302870994
    y: 0.016098764991347967
    z: 0.04828396207164426
---
header:
  stamp:
    sec: 1764334161
    nanosec: 46351398
  frame_id: alice_tool0
wrench:
  force:
    x: -0.036226962136645585
    y: -0.2630807343163364
    z: -0.4667162412287817
  torque:
    x: -0.01696238971930898
    y: 0.013425386110046875
    z: 0.04732823032174517
---
header:
  stamp:
    sec: 1764334161
    nanosec: 50351619
  frame_id: alice_tool0
wrench:
  force:
    x: -0.08283066623680663
    y: -0.39028869260044746
    z: -0.4878868978959969
  torque:
    x: -0.019002911835200743
    y: 0.010751921553688412
    z: 0.03997607822883448
---
header:
  stamp:
    sec: 1764334161
    nanosec: 54448015
  frame_id: alice_tool0
wrench:
  force:
    x: -0.22732768183130733
    y: -0.405602076733744
    z: -0.5227866667217661
  torque:
    x: -0.02153289178231106
    y: 0.014909720998757859
    z: 0.030980779191954282
---
header:
  stamp:
    sec: 1764334161
    nanosec: 58350426
  frame_id: alice_tool0
wrench:
  force:
    x: -0.15094802650368877
    y: -0.40760824982114063
    z: -0.4412727406705714
  torque:
    x: -0.019337119658529998
    y: 0.013642268895976223
    z: 0.02671758385867855
---
header:
  stamp:
    sec: 1764334161
    nanosec: 62340837
  frame_id: alice_tool0
wrench:
  force:
    x: -0.2361883274187588
    y: -0.3212630512616545
    z: -0.554847731311206
  torque:
    x: -0.013843824755148174
    y: 0.014403802058237238
    z: 0.023692430591354445
---
header:
  stamp:
    sec: 1764334161
    nanosec: 66370794
  frame_id: alice_tool0
wrench:
  force:
    x: 0.044478450913946366
    y: -0.36334766019288217
    z: -0.24111116132871546
  torque:
    x: -0.017706757863813417
    y: 0.010938705543644737
    z: 0.020243784592352775
---
header:
  stamp:
    sec: 1764334161
    nanosec: 70423400
  frame_id: alice_tool0
wrench:
  force:
    x: 0.10947777923840632
    y: -0.2704167052546773
    z: -0.6114908820549414
  torque:
    x: -0.015571049078399856
    y: 0.007784816989629155
    z: 0.01731454620951693
---
header:
  stamp:
    sec: 1764334161
    nanosec: 74368441
  frame_id: alice_tool0
wrench:
  force:
    x: 0.05387464420979393
    y: -0.24410847433412236
    z: -0.42802690618797345
  torque:
    x: -0.013308011036492217
    y: 0.008279170031622412
    z: 0.007738305658183043
---
header:
  stamp:
    sec: 1764334161
    nanosec: 78354390
  frame_id: alice_tool0
wrench:
  force:
    x: -0.0026863316428020756
    y: -0.3526354701899748
    z: -0.4969064662561842
  torque:
    x: -0.0138619835372494
    y: 0.005734509010392158
    z: 0.0021536435741442424
---
header:
  stamp:
    sec: 1764334161
    nanosec: 82349760
  frame_id: alice_tool0
wrench:
  force:
    x: 0.028868518126305254
    y: -0.5537895882444035
    z: -0.4232748499134551
  torque:
    x: -0.02105621831717957
    y: 0.0035351290769829544
    z: -0.009151602546177222
---
header:
  stamp:
    sec: 1764334161
    nanosec: 86479323
  frame_id: alice_tool0
wrench:
  force:
    x: -0.058947188290855546
    y: -0.3924478192130799
    z: -0.4220855094124882
  torque:
    x: -0.01646706841731794
    y: 0.008262353167056393
    z: -0.013414151569228339
---
header:
  stamp:
    sec: 1764334161
    nanosec: 90465630
  frame_id: alice_tool0
wrench:
  force:
    x: -0.009731521480287803
    y: -0.3171278308325739
    z: -0.45164994033410005
  torque:
    x: -0.014977141547056342
    y: 0.003913700045462715
    z: -0.017819767432793197
---
header:
  stamp:
    sec: 1764334161
    nanosec: 94483990
  frame_id: alice_tool0
wrench:
  force:
    x: 0.09953883710366515
    y: -0.3345068937251349
    z: -0.5403533198541229
  torque:
    x: -0.014554986649326467
    y: -0.001948933610909154
    z: -0.021937767610714472
---
header:
  stamp:
    sec: 1764334161
    nanosec: 98336207
  frame_id: alice_tool0
wrench:
  force:
    x: 0.1364239023100794
    y: -0.4340212202059924
    z: -0.6088326877112933
  torque:
    x: -0.02281617817267885
    y: 0.000662700072065165
    z: -0.02939615252990511
---
header:
  stamp:
    sec: 1764334161
    nanosec: 102341809
  frame_id: alice_tool0
wrench:
  force:
    x: 0.011025855140526964
    y: -0.07256183248920271
    z: -0.5293212433578643
  torque:
    x: -0.00879421798845102
    y: 0.0067787779087413865
    z: -0.025155172750756738
---
header:
  stamp:
    sec: 1764334161
    nanosec: 106475481
  frame_id: alice_tool0
wrench:
  force:
    x: 0.17754457795220704
    y: -0.20831236918081977
    z: -0.5109165488085611
  torque:
    x: -0.011818541269309082
    y: 0.00035741150212792797
    z: -0.02203896074533141
---
header:
  stamp:
    sec: 1764334161
    nanosec: 110337474
  frame_id: alice_tool0
wrench:
  force:
    x: -0.01675999991550342
    y: -0.29603704227809774
    z: -0.3308819148717557
  torque:
    x: -0.017267380439358333
    y: 0.005819986404048401
    z: -0.02328410303364964
---
header:
  stamp:
    sec: 1764334161
    nanosec: 114485728
  frame_id: alice_tool0
wrench:
  force:
    x: 0.041932207271820815
    y: -0.33626245655438725
    z: -0.5046042504684138
  torque:
    x: -0.017387606869877503
    y: 0.005143056044237727
    z: -0.018049745849179545
---
header:
  stamp:
    sec: 1764334161
    nanosec: 118450520
  frame_id: alice_tool0
wrench:
  force:
    x: -0.03837850619311886
    y: -0.312591449087546
    z: -0.6060002731673836
  torque:
    x: -0.016899640358641266
    y: 0.0032292112937999384
    z: -0.023475003931539177
---
header:
  stamp:
    sec: 1764334161
    nanosec: 122502742
  frame_id: alice_tool0
wrench:
  force:
    x: 0.1789398455202499
    y: -0.24927666045881974
    z: -0.40992282067249486
  torque:
    x: -0.014640880702808385
    y: 0.0007139500333450824
    z: -0.01667582396220289
---
header:
  stamp:
    sec: 1764334161
    nanosec: 126497343
  frame_id: alice_tool0
wrench:
  force:
    x: 0.020428785221592083
    y: -0.30972584187164764
    z: -0.29394754705085197
  torque:
    x: -0.014880355120350306
    y: 0.004348645354846391
    z: -0.01799527612662964
---
header:
  stamp:
    sec: 1764334161
    nanosec: 130482636
  frame_id: alice_tool0
wrench:
  force:
    x: 0.08879095075817742
    y: -0.24295347905972695
    z: -0.42159279736992805
  torque:
    x: -0.016257276723134782
    y: 0.0023219333256460943
    z: -0.015445770749963207
---
header:
  stamp:
    sec: 1764334161
    nanosec: 150506875
  frame_id: alice_tool0
wrench:
  force:
    x: 0.0815131628373432
    y: -0.44240415865144816
    z: -0.256817356202245
  torque:
    x: -0.01926586717986837
    y: 0.0014068018349294529
    z: -0.014840567799551072
---
header:
  stamp:
    sec: 1764334161
    nanosec: 162569219
  frame_id: alice_tool0
wrench:
  force:
    x: 0.16262807519168598
    y: -0.13809640566051107
    z: -0.3822348218376513
  torque:
    x: -0.014165085930254735
    y: 0.0023724825629198084
    z: -0.012459850131640212
---
header:
  stamp:
    sec: 1764334161
    nanosec: 174499368
  frame_id: alice_tool0
wrench:
  force:
    x: 0.0349805867222424
    y: -0.18560224789592394
    z: -0.27436825856372454
  torque:
    x: -0.012831178447193708
    y: 0.004805117689241367
    z: -0.018719427665639363
---
header:
  stamp:
    sec: 1764334161
    nanosec: 178501797
  frame_id: alice_tool0
wrench:
  force:
    x: 0.030382162030390847
    y: -0.3389838192380575
    z: -0.45041981103384826
  torque:
    x: -0.01645513926739588
    y: 0.007795062061585062
    z: -0.012636588296374238
---
header:
  stamp:
    sec: 1764334161
    nanosec: 182436006
  frame_id: alice_tool0
wrench:
  force:
    x: -0.029119763558203435
    y: -0.2972817903878947
    z: -0.45286189205689026
  torque:
    x: -0.017654587450121093
    y: 0.001802655027820112
    z: -0.012054540186914979
---
header:
  stamp:
    sec: 1764334161
    nanosec: 186438326
  frame_id: alice_tool0
wrench:
  force:
    x: 0.1933106046742455
    y: -0.18870873066854083
    z: -0.37400546564557907
  torque:
    x: -0.012478796637206352
    y: -0.00020024200509643868
    z: -0.012926923194258642
---
header:
  stamp:
    sec: 1764334161
    nanosec: 190404037
  frame_id: alice_tool0
wrench:
  force:
    x: -0.03865819163207128
    y: -0.31231132553199514
    z: -0.3894201725251465
  torque:
    x: -0.0164076794728708
    y: 0.003556952896418348
    z: -0.01545484741685181
---
header:
  stamp:
    sec: 1764334161
    nanosec: 194428413
  frame_id: alice_tool0
wrench:
  force:
    x: 0.05375138404258564
    y: -0.3558043972800156
    z: -0.34522722778642057
  torque:
    x: -0.016859818916787114
    y: 0.0037154256836020973
    z: -0.012763881327163237
---
header:
  stamp:
    sec: 1764334161
    nanosec: 198405659
  frame_id: alice_tool0
wrench:
  force:
    x: -0.1637496254081173
    y: -0.3115525263759521
    z: -0.325454564169474
  torque:
    x: -0.015069417121622906
    y: 0.009627950019320658
    z: -0.017514579592066173
---
header:
  stamp:
    sec: 1764334161
    nanosec: 202387441
  frame_id: alice_tool0
wrench:
  force:
    x: -0.1399342632913807
    y: -0.28037067091643203
    z: -0.34896505345794304
  torque:
    x: -0.01569977940541814
    y: 0.008067791194618236
    z: -0.013875907766280447
---
header:
  stamp:
    sec: 1764334161
    nanosec: 206374486
  frame_id: alice_tool0
wrench:
  force:
    x: -0.3162154080673177
    y: -0.27459425502988766
    z: -0.3713642649691083
  torque:
    x: -0.013233636867963918
    y: 0.011779728959694057
    z: -0.015907233543730616
---
header:
  stamp:
    sec: 1764334161
    nanosec: 210378090
  frame_id: alice_tool0
wrench:
  force:
    x: 0.10014117512842916
    y: -0.23906520532665892
    z: -0.24685829381577978
  torque:
    x: -0.012218305670345639
    y: 0.0016072639727148091
    z: -0.011127237004070978
---
header:
  stamp:
    sec: 1764334161
    nanosec: 214339678
  frame_id: alice_tool0
wrench:
  force:
    x: 0.03308145769455739
    y: -0.3113164927160456
    z: -0.33681988284541076
  torque:
    x: -0.01649145175527717
    y: 0.001720553108811849
    z: -0.013822781060431059
---
header:
  stamp:
    sec: 1764334161
    nanosec: 218362049
  frame_id: alice_tool0
wrench:
  force:
    x: 0.07538075942804148
    y: -0.1649086063872319
    z: -0.5173664439813558
  torque:
    x: -0.0124991491741994
    y: -0.000406303746803156
    z: -0.01421971022431897
---
header:
  stamp:
    sec: 1764334161
    nanosec: 222365995
  frame_id: alice_tool0
wrench:
  force:
    x: 0.05553828764193722
    y: -0.28042288345647176
    z: -0.4870940299370639
  torque:
    x: -0.012672223754228381
    y: 0.0032978807180812936
    z: -0.015450981098523772
---
header:
  stamp:
    sec: 1764334161
    nanosec: 226351221
  frame_id: alice_tool0
wrench:
  force:
    x: 0.11493586973945907
    y: -0.3076353976475046
    z: -0.4202687339703768
  torque:
    x: -0.017766886225123936
    y: 0.00029279992684807556
    z: -0.013326030893461939
---
header:
  stamp:
    sec: 1764334161
    nanosec: 230360499
  frame_id: alice_tool0
wrench:
  force:
    x: -0.05883862472346796
    y: -0.365509984005791
    z: -0.25176252904489355
  torque:
    x: -0.015269697020926423
    y: 0.006711460205207231
    z: -0.011865897859108061
---
header:
  stamp:
    sec: 1764334161
    nanosec: 234369522
  frame_id: alice_tool0
wrench:
  force:
    x: -0.03815428734675169
    y: -0.16484455368462722
    z: -0.39654537291848363
  torque:
    x: -0.011465830977498198
    y: 0.006040533327048502
    z: -0.00842427427723047
---
header:
  stamp:
    sec: 1764334161
    nanosec: 238352986
  frame_id: alice_tool0
wrench:
  force:
    x: -0.0974900657535139
    y: -0.1790466802424311
    z: -0.3227827102402608
  torque:
    x: -0.010969300494395845
    y: 0.0066046980365150445
    z: -0.015099661721791498
---
header:
  stamp:
    sec: 1764334161
    nanosec: 242351789
  frame_id: alice_tool0
wrench:
  force:
    x: 0.06400219459097599
    y: -0.31850337449848953
    z: -0.46692571411333494
  torque:
    x: -0.014855851840884568
    y: 0.0035806057650792688
    z: -0.013369069406310819
---
header:
  stamp:
    sec: 1764334161
    nanosec: 246336071
  frame_id: alice_tool0
wrench:
  force:
    x: 0.24599129251527768
    y: -0.049192894504986484
    z: -0.4269348244525928
  torque:
    x: -0.008154671073151496
    y: -3.6662531521239154e-05
    z: -0.00551996733239466
---
header:
  stamp:
    sec: 1764334161
    nanosec: 250335767
  frame_id: alice_tool0
wrench:
  force:
    x: -0.09521108305915053
    y: -0.26100835677553447
    z: -0.444256970497959
  torque:
    x: -0.01312375479460455
    y: 0.002873729970702195
    z: -0.01257611018782694
---
header:
  stamp:
    sec: 1764334161
    nanosec: 254381240
  frame_id: alice_tool0
wrench:
  force:
    x: 0.06631223636422567
    y: -0.21789862544257202
    z: -0.5123764387024741
  torque:
    x: -0.011626945246272655
    y: 0.0024071285826560967
    z: -0.011033674331718639
---
